Archive member included to satisfy reference by file (symbol)

/home/campv/Documents/lego/papyrus4Lego/official/externalLibraries/org.eclipse.papyrus.lego.library.ev3dev-lang.cpp/lib/libev3dev.a(ev3dev.o)
                              ./src-gen/EV3PapyrusLibrary/ConcreteClasses/ev3devCpp/EV3Brick/CppButton.o (ev3dev::button::pressed() const)
/home/campv/Documents/lego/papyrus4Lego/official/externalLibraries/org.eclipse.papyrus.lego.library.ev3dev-lang.cpp/lib/libev3dev.a(numeric_pad.o)
                              ./src-gen/MindsensorsPapyrusLibrary/ConcreteClasses/CppNumericPad.o (ev3dev::numeric_pad::numeric_pad(std::string))
/home/campv/Documents/lego/papyrus4Lego/official/externalLibraries/org.eclipse.papyrus.lego.library.ev3dev-lang.cpp/lib/libev3dev.a(ev3c_lcd.o)
                              /home/campv/Documents/lego/papyrus4Lego/official/externalLibraries/org.eclipse.papyrus.lego.library.ev3dev-lang.cpp/lib/libev3dev.a(ev3dev.o) (ev3_init_lcd())
/home/campv/Documents/lego/papyrus4Lego/official/externalLibraries/org.eclipse.papyrus.lego.library.ev3dev-lang.cpp/lib/libev3dev.a(qdbmp.o)
                              /home/campv/Documents/lego/papyrus4Lego/official/externalLibraries/org.eclipse.papyrus.lego.library.ev3dev-lang.cpp/lib/libev3dev.a(ev3c_lcd.o) (BMP_GetWidth(_BMP*))
/usr/lib/gcc-cross/arm-linux-gnueabi/5/libgcc.a(linux-atomic.o)
                              ./src-gen/OtherComponentsPapyrusLibrary/ConcreteClasses/CppLedStatus.o (__sync_fetch_and_add_4)
/usr/arm-linux-gnueabi/lib/libc_nonshared.a(elf-init.oS)
                              /usr/lib/gcc-cross/arm-linux-gnueabi/5/../../../../arm-linux-gnueabi/lib/../lib/crt1.o (__libc_csu_init)

As-needed library included to satisfy reference by file (symbol)

libpthread.so.0               ./src-gen/statemachine/EventPriorityQueue.o (pthread_mutex_unlock@@GLIBC_2.4)
libstdc++.so.6                ./src-gen/OtherComponentsPapyrusLibrary/ConcreteClasses/CppLedStatus.o (vtable for __cxxabiv1::__vmi_class_type_info@@CXXABI_1.3)
libbluetooth.so.3             /home/campv/Documents/lego/papyrus4Lego/official/externalLibraries/org.eclipse.papyrus.lego.library.ev3dev-lang.cpp/lib/libev3dev.a(ev3dev.o) (str2ba)
libm.so.6                     ./src-gen/CarFactoryLibrary/RoboticArm.o (acos@@GLIBC_2.4)
libgcc_s.so.1                 ./src-gen/CarFactoryLibrary/RoboticArm.o (__aeabi_dsub@@GCC_3.5)
libc.so.6                     /home/campv/Documents/lego/papyrus4Lego/official/externalLibraries/org.eclipse.papyrus.lego.library.ev3dev-lang.cpp/lib/libev3dev.a(ev3dev.o) (socket@@GLIBC_2.4)
ld-linux.so.3                 ./src-gen/OtherComponentsPapyrusLibrary/ConcreteClasses/CppLedStatus.o (__stack_chk_guard@@GLIBC_2.4)

Discarded input sections

 .rodata.cst4   0x00000000        0x4 /usr/lib/gcc-cross/arm-linux-gnueabi/5/../../../../arm-linux-gnueabi/lib/../lib/crt1.o
 .ARM.extab     0x00000000        0x0 /usr/lib/gcc-cross/arm-linux-gnueabi/5/../../../../arm-linux-gnueabi/lib/../lib/crt1.o
 .data          0x00000000        0x4 /usr/lib/gcc-cross/arm-linux-gnueabi/5/../../../../arm-linux-gnueabi/lib/../lib/crt1.o
 .bss           0x00000000        0x0 /usr/lib/gcc-cross/arm-linux-gnueabi/5/../../../../arm-linux-gnueabi/lib/../lib/crt1.o
 .note.GNU-stack
                0x00000000        0x0 /usr/lib/gcc-cross/arm-linux-gnueabi/5/../../../../arm-linux-gnueabi/lib/../lib/crt1.o
 .data          0x00000000        0x0 /usr/lib/gcc-cross/arm-linux-gnueabi/5/../../../../arm-linux-gnueabi/lib/../lib/crti.o
 .bss           0x00000000        0x0 /usr/lib/gcc-cross/arm-linux-gnueabi/5/../../../../arm-linux-gnueabi/lib/../lib/crti.o
 .note.GNU-stack
                0x00000000        0x0 /usr/lib/gcc-cross/arm-linux-gnueabi/5/../../../../arm-linux-gnueabi/lib/../lib/crti.o
 .note.GNU-stack
                0x00000000        0x0 /usr/lib/gcc-cross/arm-linux-gnueabi/5/crtbegin.o
 .data          0x00000000        0x0 ./src-gen/statemachine/EventPriorityQueue.o
 .bss           0x00000000        0x0 ./src-gen/statemachine/EventPriorityQueue.o
 .ARM.extab     0x00000000        0x0 ./src-gen/statemachine/EventPriorityQueue.o
 .debug_info    0x00000000      0xafb ./src-gen/statemachine/EventPriorityQueue.o
 .debug_abbrev  0x00000000      0x343 ./src-gen/statemachine/EventPriorityQueue.o
 .debug_loc     0x00000000      0x433 ./src-gen/statemachine/EventPriorityQueue.o
 .debug_aranges
                0x00000000       0x20 ./src-gen/statemachine/EventPriorityQueue.o
 .debug_ranges  0x00000000       0x60 ./src-gen/statemachine/EventPriorityQueue.o
 .debug_line    0x00000000      0x2f7 ./src-gen/statemachine/EventPriorityQueue.o
 .debug_str     0x00000000      0x83e ./src-gen/statemachine/EventPriorityQueue.o
 .note.GNU-stack
                0x00000000        0x0 ./src-gen/statemachine/EventPriorityQueue.o
 .debug_frame   0x00000000       0xdc ./src-gen/statemachine/EventPriorityQueue.o
 .text          0x00000000        0x0 ./src-gen/statemachine/Event_t.o
[...]
Memory Configuration

Name             Origin             Length             Attributes
*default*        0x00000000         0xffffffff

Linker script and memory map

LOAD /usr/lib/gcc-cross/arm-linux-gnueabi/5/../../../../arm-linux-gnueabi/lib/../lib/crt1.o
LOAD /usr/lib/gcc-cross/arm-linux-gnueabi/5/../../../../arm-linux-gnueabi/lib/../lib/crti.o
LOAD /usr/lib/gcc-cross/arm-linux-gnueabi/5/crtbegin.o
LOAD ./src-gen/statemachine/EventPriorityQueue.o
LOAD ./src-gen/statemachine/Event_t.o
LOAD ./src-gen/statemachine/StructForThread_t.o
LOAD ./src-gen/OtherComponentsPapyrusLibrary/ConcreteClasses/CppLedStatus.o
LOAD ./src-gen/OtherComponentsPapyrusLibrary/AbstractClasses/AbstractLedStatus.o
LOAD ./src-gen/MindsensorsPapyrusLibrary/ConcreteClasses/CppNumericPad.o
LOAD ./src-gen/MindsensorsPapyrusLibrary/ConcreteClasses/CppSensorMux.o
LOAD ./src-gen/MindsensorsPapyrusLibrary/AbstractClasses/AbstractNumericPad.o
LOAD ./src-gen/MindsensorsPapyrusLibrary/AbstractClasses/AbstractSensorMux.o
LOAD ./src-gen/LegoCarFactoryRefactoringForSync/__Architecture__Controller/ActuatorsCppLargeMotor__Controller.o
LOAD ./src-gen/LegoCarFactoryRefactoringForSync/__Architecture__Controller/ActuatorsCppServoMotor__Controller.o
LOAD ./src-gen/LegoCarFactoryRefactoringForSync/__Architecture__Controller/CarFactoryLibraryPliers__Controller.o
LOAD ./src-gen/LegoCarFactoryRefactoringForSync/__Architecture__Controller/CarFactoryLibraryRack__Controller.o
LOAD ./src-gen/LegoCarFactoryRefactoringForSync/__Architecture__Controller/ChassisChassisControlComponent__Controller.o
LOAD ./src-gen/LegoCarFactoryRefactoringForSync/__Architecture__Controller/ChassisChassisConvoyer__Controller.o
LOAD ./src-gen/LegoCarFactoryRefactoringForSync/__Architecture__Controller/ChassisChassisModuleSystem__Controller.o
LOAD ./src-gen/LegoCarFactoryRefactoringForSync/__Architecture__Controller/ChassisChassisRoboticArm__Controller.o
LOAD ./src-gen/LegoCarFactoryRefactoringForSync/__Architecture__Controller/ChassisChassisShelf__Controller.o
LOAD ./src-gen/LegoCarFactoryRefactoringForSync/__Architecture__Controller/ConcreteClassesCppNumericPad__Controller.o
LOAD ./src-gen/LegoCarFactoryRefactoringForSync/__Architecture__Controller/ConcreteClassesCppSensorMux__Controller.o
LOAD ./src-gen/LegoCarFactoryRefactoringForSync/__Architecture__Controller/EV3BrickCppBlutooth__Controller.o
LOAD ./src-gen/LegoCarFactoryRefactoringForSync/__Architecture__Controller/EV3BrickCppButton__Controller.o
LOAD ./src-gen/LegoCarFactoryRefactoringForSync/__Architecture__Controller/EV3BrickCppLcd__Controller.o
LOAD ./src-gen/LegoCarFactoryRefactoringForSync/__Architecture__Controller/EV3BrickCppLed__Controller.o
LOAD ./src-gen/LegoCarFactoryRefactoringForSync/__Architecture__Controller/EV3BrickCppSound__Controller.o
LOAD ./src-gen/LegoCarFactoryRefactoringForSync/__Architecture__Controller/EV3BrickPackageCppEV3Brick__Controller.o
LOAD ./src-gen/LegoCarFactoryRefactoringForSync/__Architecture__Controller/EV3PapyrusLibraryCppColorSensor__Controller.o
LOAD ./src-gen/LegoCarFactoryRefactoringForSync/__Architecture__Controller/SensorsCppTouchSensor__Controller.o
LOAD ./src-gen/LegoCarFactoryRefactoringForSync/LegoCarComponents/Modules/Chassis/ChassisControlComponent.o
LOAD ./src-gen/LegoCarFactoryRefactoringForSync/LegoCarComponents/Modules/Chassis/ChassisConvoyer.o
LOAD ./src-gen/LegoCarFactoryRefactoringForSync/LegoCarComponents/Modules/Chassis/ChassisModuleSystem.o
LOAD ./src-gen/LegoCarFactoryRefactoringForSync/LegoCarComponents/Modules/Chassis/ChassisRoboticArm.o
LOAD ./src-gen/LegoCarFactoryRefactoringForSync/LegoCarComponents/Modules/Chassis/ChassisShelf.o
LOAD ./src-gen/EV3PapyrusLibrary/EV3BrickPackage/AbstractEV3Brick.o
LOAD ./src-gen/EV3PapyrusLibrary/EV3BrickPackage/BluetoothPortType.o
LOAD ./src-gen/EV3PapyrusLibrary/EV3BrickPackage/CppEV3Brick.o
LOAD ./src-gen/EV3PapyrusLibrary/ConcreteClasses/ev3devCpp/Sensors/CppTouchSensor.o
LOAD ./src-gen/EV3PapyrusLibrary/ConcreteClasses/ev3devCpp/EV3Brick/CppBlutooth.o
LOAD ./src-gen/EV3PapyrusLibrary/ConcreteClasses/ev3devCpp/EV3Brick/CppButton.o
LOAD ./src-gen/EV3PapyrusLibrary/ConcreteClasses/ev3devCpp/EV3Brick/CppDevice.o
LOAD ./src-gen/EV3PapyrusLibrary/ConcreteClasses/ev3devCpp/EV3Brick/CppLcd.o
LOAD ./src-gen/EV3PapyrusLibrary/ConcreteClasses/ev3devCpp/EV3Brick/CppLed.o
LOAD ./src-gen/EV3PapyrusLibrary/ConcreteClasses/ev3devCpp/EV3Brick/CppSound.o
LOAD ./src-gen/EV3PapyrusLibrary/ConcreteClasses/ev3devCpp/Actuators/CppLargeMotor.o
LOAD ./src-gen/EV3PapyrusLibrary/ConcreteClasses/ev3devCpp/Actuators/CppServoMotor.o
LOAD ./src-gen/EV3PapyrusLibrary/ConcreteClasses/ev3devCpp/CppNxtServo.o
LOAD ./src-gen/EV3PapyrusLibrary/AbstractClasses/Sensors/AbstractSensor.o
LOAD ./src-gen/EV3PapyrusLibrary/AbstractClasses/Sensors/AbstractTouchSensor.o
LOAD ./src-gen/EV3PapyrusLibrary/AbstractClasses/EV3Brick/AbstractBlutooth.o
LOAD ./src-gen/EV3PapyrusLibrary/AbstractClasses/EV3Brick/AbstractButton.o
LOAD ./src-gen/EV3PapyrusLibrary/AbstractClasses/EV3Brick/AbstractDevice.o
LOAD ./src-gen/EV3PapyrusLibrary/AbstractClasses/EV3Brick/AbstractLcd.o
LOAD ./src-gen/EV3PapyrusLibrary/AbstractClasses/EV3Brick/AbstractLed.o
LOAD ./src-gen/EV3PapyrusLibrary/AbstractClasses/EV3Brick/AbstractSound.o
LOAD ./src-gen/EV3PapyrusLibrary/AbstractClasses/Actuators/AbstractLargeMotor.o
LOAD ./src-gen/EV3PapyrusLibrary/AbstractClasses/Actuators/AbstractMotor.o
LOAD ./src-gen/EV3PapyrusLibrary/AbstractClasses/Actuators/AbstractServoMotor.o
LOAD ./src-gen/EV3PapyrusLibrary/AbstractClasses/AbstractNxtServo.o
LOAD ./src-gen/EV3PapyrusLibrary/AbstractColorSensor.o
LOAD ./src-gen/EV3PapyrusLibrary/CppColorSensor.o
LOAD ./src-gen/CarFactoryLibrary/Conveyor.o
LOAD ./src-gen/CarFactoryLibrary/Module.o
LOAD ./src-gen/CarFactoryLibrary/Pliers.o
LOAD ./src-gen/CarFactoryLibrary/Rack.o
LOAD ./src-gen/CarFactoryLibrary/RoboticArm.o
LOAD ./src-gen/CarFactoryLibrary/Shelf.o
LOAD ./src-gen/BootLoaderCpp/BootLoader.o
LOAD ./src-gen/BootLoaderCpp/NodeInfo.o
LOAD /usr/lib/gcc-cross/arm-linux-gnueabi/5/../../../../arm-linux-gnueabi/lib/../lib/libpthread.so
START GROUP
LOAD /usr/arm-linux-gnueabi/lib/libpthread.so.0
LOAD /usr/arm-linux-gnueabi/lib/libpthread_nonshared.a
END GROUP
LOAD /usr/lib/gcc-cross/arm-linux-gnueabi/5/libstdc++.so
LOAD /home/campv/Documents/lego/papyrus4Lego/official/externalLibraries/org.eclipse.papyrus.lego.library.ev3dev-lang.cpp/lib/libev3dev.a
LOAD /usr/lib/gcc-cross/arm-linux-gnueabi/5/../../../../arm-linux-gnueabi/lib/../lib/libbluetooth.so
LOAD /usr/lib/gcc-cross/arm-linux-gnueabi/5/libstdc++.so
LOAD /usr/lib/gcc-cross/arm-linux-gnueabi/5/../../../../arm-linux-gnueabi/lib/../lib/libm.so
LOAD /usr/lib/gcc-cross/arm-linux-gnueabi/5/libgcc_s.so
START GROUP
LOAD /usr/lib/gcc-cross/arm-linux-gnueabi/5/libgcc_s.so.1
LOAD /usr/lib/gcc-cross/arm-linux-gnueabi/5/libgcc.a
END GROUP
LOAD /usr/lib/gcc-cross/arm-linux-gnueabi/5/libgcc.a
LOAD /usr/lib/gcc-cross/arm-linux-gnueabi/5/../../../../arm-linux-gnueabi/lib/../lib/libc.so
START GROUP
LOAD /usr/arm-linux-gnueabi/lib/libc.so.6
LOAD /usr/arm-linux-gnueabi/lib/libc_nonshared.a
LOAD /usr/arm-linux-gnueabi/lib/ld-linux.so.3
END GROUP
LOAD /usr/lib/gcc-cross/arm-linux-gnueabi/5/libgcc_s.so
START GROUP
LOAD /usr/lib/gcc-cross/arm-linux-gnueabi/5/libgcc_s.so.1
LOAD /usr/lib/gcc-cross/arm-linux-gnueabi/5/libgcc.a
END GROUP
LOAD /usr/lib/gcc-cross/arm-linux-gnueabi/5/libgcc.a
LOAD /usr/lib/gcc-cross/arm-linux-gnueabi/5/crtend.o
LOAD /usr/lib/gcc-cross/arm-linux-gnueabi/5/../../../../arm-linux-gnueabi/lib/../lib/crtn.o
                [!provide]                PROVIDE (__executable_start, 0x10000)
                0x00010154                . = (0x10000 + SIZEOF_HEADERS)

.interp         0x00010154       0x13
 *(.interp)
 .interp        0x00010154       0x13 /usr/lib/gcc-cross/arm-linux-gnueabi/5/../../../../arm-linux-gnueabi/lib/../lib/crt1.o

.note.ABI-tag   0x00010168       0x20
 .note.ABI-tag  0x00010168       0x20 /usr/lib/gcc-cross/arm-linux-gnueabi/5/../../../../arm-linux-gnueabi/lib/../lib/crt1.o

.note.gnu.build-id
                0x00010188       0x24
 *(.note.gnu.build-id)
 .note.gnu.build-id
                0x00010188       0x24 linker stubs

.hash
 *(.hash)

.gnu.hash       0x000101ac      0x76c
 *(.gnu.hash)
 .gnu.hash      0x000101ac      0x76c /usr/lib/gcc-cross/arm-linux-gnueabi/5/../../../../arm-linux-gnueabi/lib/../lib/crt1.o

.dynsym         0x00010918      0xe10
 *(.dynsym)
 .dynsym        0x00010918      0xe10 /usr/lib/gcc-cross/arm-linux-gnueabi/5/../../../../arm-linux-gnueabi/lib/../lib/crt1.o

.dynstr         0x00011728     0x1521
 *(.dynstr)
 .dynstr        0x00011728     0x1521 /usr/lib/gcc-cross/arm-linux-gnueabi/5/../../../../arm-linux-gnueabi/lib/../lib/crt1.o

.gnu.version    0x00012c4a      0x1c2
 *(.gnu.version)
 .gnu.version   0x00012c4a      0x1c2 /usr/lib/gcc-cross/arm-linux-gnueabi/5/../../../../arm-linux-gnueabi/lib/../lib/crt1.o

.gnu.version_d  0x00012e0c        0x0
 *(.gnu.version_d)
 .gnu.version_d
                0x00012e0c        0x0 /usr/lib/gcc-cross/arm-linux-gnueabi/5/../../../../arm-linux-gnueabi/lib/../lib/crt1.o

.gnu.version_r  0x00012e0c      0x150
 *(.gnu.version_r)
 .gnu.version_r
                0x00012e0c      0x150 /usr/lib/gcc-cross/arm-linux-gnueabi/5/../../../../arm-linux-gnueabi/lib/../lib/crt1.o

.rel.dyn        0x00012f5c       0xc0
 *(.rel.init)
 *(.rel.text .rel.text.* .rel.gnu.linkonce.t.*)
 *(.rel.fini)
 *(.rel.rodata .rel.rodata.* .rel.gnu.linkonce.r.*)
 *(.rel.data.rel.ro .rel.data.rel.ro.* .rel.gnu.linkonce.d.rel.ro.*)
 *(.rel.data .rel.data.* .rel.gnu.linkonce.d.*)
 *(.rel.tdata .rel.tdata.* .rel.gnu.linkonce.td.*)
 *(.rel.tbss .rel.tbss.* .rel.gnu.linkonce.tb.*)
 *(.rel.ctors)
 *(.rel.dtors)
 *(.rel.got)
 .rel.got       0x00012f5c       0x10 /usr/lib/gcc-cross/arm-linux-gnueabi/5/../../../../arm-linux-gnueabi/lib/../lib/crt1.o
 *(.rel.bss .rel.bss.* .rel.gnu.linkonce.b.*)
 .rel.bss       0x00012f6c       0xb0 /usr/lib/gcc-cross/arm-linux-gnueabi/5/../../../../arm-linux-gnueabi/lib/../lib/crt1.o
                [!provide]                PROVIDE (__rel_iplt_start, .)
 *(.rel.iplt)
 .rel.iplt      0x0001301c        0x0 /usr/lib/gcc-cross/arm-linux-gnueabi/5/../../../../arm-linux-gnueabi/lib/../lib/crt1.o
                [!provide]                PROVIDE (__rel_iplt_end, .)

.rela.dyn       0x0001301c        0x0
 *(.rela.init)
 *(.rela.text .rela.text.* .rela.gnu.linkonce.t.*)
 *(.rela.fini)
 *(.rela.rodata .rela.rodata.* .rela.gnu.linkonce.r.*)
 *(.rela.data .rela.data.* .rela.gnu.linkonce.d.*)
 *(.rela.tdata .rela.tdata.* .rela.gnu.linkonce.td.*)
 *(.rela.tbss .rela.tbss.* .rela.gnu.linkonce.tb.*)
 *(.rela.ctors)
 *(.rela.dtors)
 *(.rela.got)
 *(.rela.bss .rela.bss.* .rela.gnu.linkonce.b.*)
                [!provide]                PROVIDE (__rela_iplt_start, .)
 *(.rela.iplt)
                [!provide]                PROVIDE (__rela_iplt_end, .)

.rel.plt        0x0001301c      0x5b0
 *(.rel.plt)
 .rel.plt       0x0001301c      0x5b0 /usr/lib/gcc-cross/arm-linux-gnueabi/5/../../../../arm-linux-gnueabi/lib/../lib/crt1.o

.rela.plt
 *(.rela.plt)

.init           0x000135cc        0xc
 *(SORT(.init))
 .init          0x000135cc        0x8 /usr/lib/gcc-cross/arm-linux-gnueabi/5/../../../../arm-linux-gnueabi/lib/../lib/crti.o
                0x000135cc                _init
 .init          0x000135d4        0x4 /usr/lib/gcc-cross/arm-linux-gnueabi/5/../../../../arm-linux-gnueabi/lib/../lib/crtn.o

.plt            0x000135d8      0x89c
 *(.plt)
 .plt           0x000135d8      0x89c /usr/lib/gcc-cross/arm-linux-gnueabi/5/../../../../arm-linux-gnueabi/lib/../lib/crt1.o
                0x000135ec                std::ostream::put(char)@@GLIBCXX_3.4
                0x000135f8                operator new(unsigned int)@@GLIBCXX_3.4
                0x00013604                pthread_mutex_lock@@GLIBC_2.4
                0x00013610                std::__detail::_List_node_base::_M_hook(std::__detail::_List_node_base*)@@GLIBCXX_3.4.15
                0x0001361c                sqrt@@GLIBC_2.4
                0x00013628                std::_Rb_tree_insert_and_rebalance(bool, std::_Rb_tree_node_base*, std::_Rb_tree_node_base*, std::_Rb_tree_node_base&)@@GLIBCXX_3.4
                0x00013634                __aeabi_atexit@@CXXABI_ARM_1.3.3
                0x00013640                gettimeofday@@GLIBC_2.4
                0x0001364c                std::string::_M_leak_hard()@@GLIBCXX_3.4
                0x00013658                std::string::compare(char const*) const@@GLIBCXX_3.4
                0x00013664                std::basic_filebuf<char, std::char_traits<char> >::close()@@GLIBCXX_3.4
                0x00013670                std::__basic_file<char>::is_open() const@@GLIBCXX_3.4
                0x0001367c                std::basic_ifstream<char, std::char_traits<char> >::~basic_ifstream()@@GLIBCXX_3.4
                0x00013688                strtol@@GLIBC_2.4
                0x00013694                std::terminate()@@GLIBCXX_3.4
                0x000136a0                free@@GLIBC_2.4
                0x000136ac                str2ba
                0x000136b8                std::ios_base::ios_base()@@GLIBCXX_3.4
                0x000136c4                readdir@@GLIBC_2.4
                0x000136d0                std::basic_istream<char, std::char_traits<char> >& std::getline<char, std::char_traits<char>, std::allocator<char> >(std::basic_istream<char, std::char_traits<char> >&, std::basic_string<char, std::char_traits<char>, std::allocator<char> >&)@@GLIBCXX_3.4
                0x000136dc                std::ios_base::~ios_base()@@GLIBCXX_3.4
                0x000136e8                std::string::substr(unsigned int, unsigned int) const@@GLIBCXX_3.4
                0x000136f4                __aeabi_i2f@@GCC_3.5
                0x00013700                std::__throw_bad_alloc()@@GLIBCXX_3.4
                0x0001370c                std::__throw_bad_function_call()@@GLIBCXX_3.4.14
                0x00013718                strncmp@@GLIBC_2.4
                0x00013724                __open_2@@GLIBC_2.7
                0x00013730                std::istream::seekg(long long, std::_Ios_Seekdir)@@GLIBCXX_3.4
                0x0001373c                std::string::assign(char const*, unsigned int)@@GLIBCXX_3.4
                0x00013748                __aeabi_dmul@@GCC_3.5
                0x00013754                __cxa_begin_catch@@CXXABI_1.3
                0x00013760                __aeabi_uidivmod@@GCC_3.5
                0x0001376c                pthread_join@@GLIBC_2.4
                0x00013778                closedir@@GLIBC_2.4
                0x00013784                std::basic_ostream<char, std::char_traits<char> >& std::endl<char, std::char_traits<char> >(std::basic_ostream<char, std::char_traits<char> >&)@@GLIBCXX_3.4
                0x00013790                __cxa_allocate_exception@@CXXABI_1.3
                0x0001379c                exit@@GLIBC_2.4
                0x000137a8                std::basic_ifstream<char, std::char_traits<char> >::basic_ifstream(std::string const&, std::_Ios_Openmode)@@GLIBCXX_3.4.13
                0x000137b4                std::__throw_length_error(char const*)@@GLIBCXX_3.4
                0x000137c0                pthread_cond_timedwait@@GLIBC_2.4
                0x000137cc                std::basic_ifstream<char, std::char_traits<char> >::open(std::string const&, std::_Ios_Openmode)@@GLIBCXX_3.4.13
                0x000137d8                puts@@GLIBC_2.4
                0x000137e4                __aeabi_ddiv@@GCC_3.5
                0x000137f0                pthread_cond_signal@@GLIBC_2.4
                0x000137fc                perror@@GLIBC_2.4
                0x00013808                std::basic_string<char, std::char_traits<char>, std::allocator<char> >::basic_string(std::string const&)@@GLIBCXX_3.4
                0x00013814                std::string::insert(unsigned int, char const*, unsigned int)@@GLIBCXX_3.4
                0x00013820                std::__throw_invalid_argument(char const*)@@GLIBCXX_3.4
                0x0001382c                std::_Rb_tree_decrement(std::_Rb_tree_node_base const*)@@GLIBCXX_3.4
                0x00013838                __cxa_guard_abort@@CXXABI_1.3
                0x00013844                __fprintf_chk@@GLIBC_2.4
                0x00013850                __aeabi_f2d@@GCC_3.5
                0x0001385c                __cxa_guard_release@@CXXABI_1.3
                0x00013868                std::__throw_system_error(int)@@GLIBCXX_3.4.11
                0x00013874                nanosleep@@GLIBC_2.4
                0x00013880                memset@@GLIBC_2.4
                0x0001388c                std::ostream& std::ostream::_M_insert<unsigned long>(unsigned long)@@GLIBCXX_3.4.9
                0x00013898                std::ostream::flush()@@GLIBCXX_3.4
                0x000138a4                opendir@@GLIBC_2.4
                0x000138b0                std::_Rb_tree_increment(std::_Rb_tree_node_base*)@@GLIBCXX_3.4
                0x000138bc                std::__throw_logic_error(char const*)@@GLIBCXX_3.4
                0x000138c8                __cxa_free_exception@@CXXABI_1.3
                0x000138d4                listen@@GLIBC_2.4
                0x000138e0                std::string::reserve(unsigned int)@@GLIBCXX_3.4
                0x000138ec                close@@GLIBC_2.4
                0x000138f8                fopen@@GLIBC_2.4
                0x00013904                read@@GLIBC_2.4
                0x00013910                std::string::_Rep::_M_destroy(std::allocator<char> const&)@@GLIBCXX_3.4
                0x0001391c                abort@@GLIBC_2.4
                0x00013928                ba2str
                0x00013934                memmove@@GLIBC_2.4
                0x00013940                hci_devba
                0x0001394c                ioctl@@GLIBC_2.4
                0x00013958                system@@GLIBC_2.4
                0x00013964                __aeabi_fdiv@@GCC_3.5
                0x00013970                mmap@@GLIBC_2.4
                0x0001397c                std::basic_string<char, std::char_traits<char>, std::allocator<char> >::basic_string(std::string const&, unsigned int, unsigned int)@@GLIBCXX_3.4
                0x00013988                operator delete(void*)@@GLIBCXX_3.4
                0x00013994                std::basic_ostream<char, std::char_traits<char> >& std::operator<< <std::char_traits<char> >(std::basic_ostream<char, std::char_traits<char> >&, char const*)@@GLIBCXX_3.4
                0x000139a0                __pthread_key_create@@GLIBC_2.4
                0x000139ac                open@@GLIBC_2.4
                0x000139b8                bind@@GLIBC_2.4
                0x000139c4                std::basic_filebuf<char, std::char_traits<char> >::basic_filebuf()@@GLIBCXX_3.4
                0x000139d0                std::_Rb_tree_decrement(std::_Rb_tree_node_base*)@@GLIBCXX_3.4
                0x000139dc                hci_get_route
                0x000139e8                std::system_error::~system_error()@@GLIBCXX_3.4.11
                0x000139f4                std::basic_ofstream<char, std::char_traits<char> >::basic_ofstream(char const*, std::_Ios_Openmode)@@GLIBCXX_3.4
                0x00013a00                std::string::append(std::string const&)@@GLIBCXX_3.4
                0x00013a0c                fread@@GLIBC_2.4
                0x00013a18                __stack_chk_fail@@GLIBC_2.4
                0x00013a24                __cxa_end_cleanup@@CXXABI_1.3
                0x00013a30                std::string::append(char const*, unsigned int)@@GLIBCXX_3.4
                0x00013a3c                __aeabi_fmul@@GCC_3.5
                0x00013a48                socket@@GLIBC_2.4
                0x00013a54                std::basic_string<char, std::char_traits<char>, std::allocator<char> >::basic_string(char const*, std::allocator<char> const&)@@GLIBCXX_3.4
                0x00013a60                std::basic_ifstream<char, std::char_traits<char> >::basic_ifstream()@@GLIBCXX_3.4
                0x00013a6c                std::ctype<char>::_M_widen_init() const@@GLIBCXX_3.4.11
                0x00013a78                __aeabi_dsub@@GCC_3.5
                0x00013a84                std::_Rb_tree_increment(std::_Rb_tree_node_base const*)@@GLIBCXX_3.4
                0x00013a90                std::basic_istream<char, std::char_traits<char> >& std::getline<char, std::char_traits<char>, std::allocator<char> >(std::basic_istream<char, std::char_traits<char> >&, std::basic_string<char, std::char_traits<char>, std::allocator<char> >&, char)@@GLIBCXX_3.4
                0x00013a9c                __aeabi_dadd@@GCC_3.5
                0x00013aa8                __aeabi_f2iz@@GCC_3.5
                0x00013ab4                std::basic_ofstream<char, std::char_traits<char> >::open(std::string const&, std::_Ios_Openmode)@@GLIBCXX_3.4.13
                0x00013ac0                __cxa_get_exception_ptr@@CXXABI_1.3.1
                0x00013acc                std::__throw_bad_cast()@@GLIBCXX_3.4
                0x00013ad8                hci_read_remote_name
                0x00013ae4                std::basic_ostream<char, std::char_traits<char> >& std::__ostream_insert<char, std::char_traits<char> >(std::basic_ostream<char, std::char_traits<char> >&, char const*, int)@@GLIBCXX_3.4.9
                0x00013af0                std::string::assign(std::string const&)@@GLIBCXX_3.4
                0x00013afc                roundf@@GLIBC_2.4
                0x00013b08                pthread_cancel@@GLIBC_2.4
                0x00013b14                sleep@@GLIBC_2.4
                0x00013b20                pthread_cond_wait@@GLIBC_2.4
                0x00013b2c                std::basic_ios<char, std::char_traits<char> >::init(std::basic_streambuf<char, std::char_traits<char> >*)@@GLIBCXX_3.4
                0x00013b38                std::string::clear()@@GLIBCXX_3.4
                0x00013b44                connect@@GLIBC_2.4
                0x00013b50                calloc@@GLIBC_2.4
                0x00013b5c                std::locale::~locale()@@GLIBCXX_3.4
                0x00013b68                std::string::insert(unsigned int, std::string const&)@@GLIBCXX_3.4
                0x00013b74                std::out_of_range::~out_of_range()@@GLIBCXX_3.4
                0x00013b80                __aeabi_fsub@@GCC_3.5
                0x00013b8c                __aeabi_uidiv@@GCC_3.5
                0x00013b98                std::__throw_out_of_range(char const*)@@GLIBCXX_3.4
                0x00013ba4                __cxa_rethrow@@CXXABI_1.3
                0x00013bb0                fwrite@@GLIBC_2.4
                0x00013bbc                powf@@GLIBC_2.4
                0x00013bc8                std::basic_ofstream<char, std::char_traits<char> >::~basic_ofstream()@@GLIBCXX_3.4
                0x00013bd4                __aeabi_fcmpgt@@GCC_3.5
                0x00013be0                memcpy@@GLIBC_2.4
                0x00013bec                malloc@@GLIBC_2.4
                0x00013bf8                strlen@@GLIBC_2.4
                0x00013c04                std::basic_stringstream<char, std::char_traits<char>, std::allocator<char> >::~basic_stringstream()@@GLIBCXX_3.4
                0x00013c10                std::ios_base::Init::Init()@@GLIBCXX_3.4
                0x00013c1c                munmap@@GLIBC_2.4
                0x00013c28                accept@@GLIBC_2.4
                0x00013c34                std::istream::read(char*, int)@@GLIBCXX_3.4
                0x00013c40                usleep@@GLIBC_2.4
                0x00013c4c                std::basic_filebuf<char, std::char_traits<char> >::~basic_filebuf()@@GLIBCXX_3.4
                0x00013c58                fclose@@GLIBC_2.4
                0x00013c64                std::basic_string<char, std::char_traits<char>, std::allocator<char> >::~basic_string()@@GLIBCXX_3.4
                0x00013c70                write@@GLIBC_2.4
                0x00013c7c                std::runtime_error::runtime_error(std::string const&)@@GLIBCXX_3.4
                0x00013c88                std::generic_category()@@GLIBCXX_3.4.11
                0x00013c94                std::string::_Rep::_S_create(unsigned int, unsigned int, std::allocator<char> const&)@@GLIBCXX_3.4
                0x00013ca0                hci_inquiry
                0x00013cac                std::__detail::_List_node_base::_M_unhook()@@GLIBCXX_3.4.15
                0x00013cb8                __cxa_end_catch@@CXXABI_1.3
                0x00013cc4                __gxx_personality_v0@@CXXABI_1.3
                0x00013cd0                std::invalid_argument::~invalid_argument()@@GLIBCXX_3.4
                0x00013cdc                pthread_create@@GLIBC_2.4
                0x00013ce8                strcmp@@GLIBC_2.4
                0x00013cf4                std::basic_ios<char, std::char_traits<char> >::clear(std::_Ios_Iostate)@@GLIBCXX_3.4
                0x00013d00                std::basic_ofstream<char, std::char_traits<char> >::basic_ofstream()@@GLIBCXX_3.4
                0x00013d0c                time@@GLIBC_2.4
                0x00013d18                __cxa_throw@@CXXABI_1.3
                0x00013d24                std::string::swap(std::string&)@@GLIBCXX_3.4
                0x00013d30                std::ostream::operator<<(int)@@GLIBCXX_3.4
                0x00013d3c                std::basic_ofstream<char, std::char_traits<char> >::basic_ofstream(std::string const&, std::_Ios_Openmode)@@GLIBCXX_3.4.13
                0x00013d48                __errno_location@@GLIBC_2.4
                0x00013d54                std::istream& std::istream::_M_extract<unsigned int>(unsigned int&)@@GLIBCXX_3.4.9
                0x00013d60                memcmp@@GLIBC_2.4
                0x00013d6c                __aeabi_d2f@@GCC_3.5
                0x00013d78                std::basic_ios<char, std::char_traits<char> >::~basic_ios()@@GLIBCXX_3.4
                0x00013d84                __cxa_guard_acquire@@CXXABI_1.3
                0x00013d90                std::invalid_argument::invalid_argument(std::string const&)@@GLIBCXX_3.4
                0x00013d9c                std::basic_ifstream<char, std::char_traits<char> >::basic_ifstream(char const*, std::_Ios_Openmode)@@GLIBCXX_3.4
                0x00013da8                std::exception::~exception()@@GLIBCXX_3.4
                0x00013db4                std::__basic_file<char>::~__basic_file()@@GLIBCXX_3.4
                0x00013dc0                std::string::_M_mutate(unsigned int, unsigned int, unsigned int)@@GLIBCXX_3.4
                0x00013dcc                __libc_start_main@@GLIBC_2.4
                0x00013dd8                std::string::find(char, unsigned int) const@@GLIBCXX_3.4
                0x00013df0                __aeabi_fadd@@GCC_3.5
                0x00013dfc                __cxa_pure_virtual@@CXXABI_1.3
                0x00013e08                acos@@GLIBC_2.4
                0x00013e14                pthread_mutex_unlock@@GLIBC_2.4
                0x00013e20                hci_open_dev
                0x00013e2c                vsnprintf@@GLIBC_2.4
                0x00013e38                __printf_chk@@GLIBC_2.4
                0x00013e44                std::string::compare(std::string const&) const@@GLIBCXX_3.4
                0x00013e50                std::string::append(unsigned int, char)@@GLIBCXX_3.4
                0x00013e5c                std::locale::locale()@@GLIBCXX_3.4
                0x00013e68                std::ios_base::Init::~Init()@@GLIBCXX_3.4

.iplt           0x00013e74        0x0
 *(.iplt)
 .iplt          0x00013e74        0x0 /usr/lib/gcc-cross/arm-linux-gnueabi/5/../../../../arm-linux-gnueabi/lib/../lib/crt1.o

.text           0x00013e74    0x32024
 *(.text.unlikely .text.*_unlikely .text.unlikely.*)
 .text.unlikely
                0x00013e74       0x54 ./src-gen/OtherComponentsPapyrusLibrary/ConcreteClasses/CppLedStatus.o
 .text.unlikely
                0x00013ec8       0x54 ./src-gen/MindsensorsPapyrusLibrary/ConcreteClasses/CppNumericPad.o
 .text.unlikely
                0x00013f1c       0x54 ./src-gen/LegoCarFactoryRefactoringForSync/LegoCarComponents/Modules/Chassis/ChassisControlComponent.o
 .text.unlikely
                0x00013f70       0x54 ./src-gen/LegoCarFactoryRefactoringForSync/LegoCarComponents/Modules/Chassis/ChassisConvoyer.o
 .text.unlikely
                0x00013fc4       0x54 ./src-gen/LegoCarFactoryRefactoringForSync/LegoCarComponents/Modules/Chassis/ChassisModuleSystem.o
 .text.unlikely
                0x00014018       0x54 ./src-gen/LegoCarFactoryRefactoringForSync/LegoCarComponents/Modules/Chassis/ChassisRoboticArm.o
 .text.unlikely
                0x0001406c       0x54 ./src-gen/LegoCarFactoryRefactoringForSync/LegoCarComponents/Modules/Chassis/ChassisShelf.o
 .text.unlikely
                0x000140c0       0x54 ./src-gen/EV3PapyrusLibrary/EV3BrickPackage/CppEV3Brick.o
 .text.unlikely
                0x00014114       0x54 ./src-gen/EV3PapyrusLibrary/ConcreteClasses/ev3devCpp/Sensors/CppTouchSensor.o
 .text.unlikely
                0x00014168       0x54 ./src-gen/EV3PapyrusLibrary/ConcreteClasses/ev3devCpp/EV3Brick/CppLcd.o
 .text.unlikely
                0x000141bc       0x54 ./src-gen/EV3PapyrusLibrary/ConcreteClasses/ev3devCpp/EV3Brick/CppLed.o
 .text.unlikely
                0x00014210       0x54 ./src-gen/EV3PapyrusLibrary/ConcreteClasses/ev3devCpp/Actuators/CppLargeMotor.o
 .text.unlikely
                0x00014264       0x54 ./src-gen/EV3PapyrusLibrary/ConcreteClasses/ev3devCpp/Actuators/CppServoMotor.o
 .text.unlikely
                0x000142b8       0x54 ./src-gen/EV3PapyrusLibrary/ConcreteClasses/ev3devCpp/CppNxtServo.o
 .text.unlikely
                0x0001430c       0x54 ./src-gen/EV3PapyrusLibrary/CppColorSensor.o
 .text.unlikely
                0x00014360       0x54 ./src-gen/CarFactoryLibrary/Conveyor.o
 .text.unlikely
                0x000143b4       0x54 ./src-gen/CarFactoryLibrary/Pliers.o
 .text.unlikely
                0x00014408       0x54 ./src-gen/CarFactoryLibrary/Rack.o
 .text.unlikely
                0x0001445c       0x54 ./src-gen/CarFactoryLibrary/RoboticArm.o
 .text.unlikely
                0x000144b0       0x54 ./src-gen/CarFactoryLibrary/Shelf.o
 .text.unlikely
                0x00014504       0x34 /home/campv/Documents/lego/papyrus4Lego/official/externalLibraries/org.eclipse.papyrus.lego.library.ev3dev-lang.cpp/lib/libev3dev.a(numeric_pad.o)
 *(.text.exit .text.exit.*)
 *(.text.startup .text.startup.*)
 .text.startup  0x00014538      0x1b4 ./src-gen/OtherComponentsPapyrusLibrary/ConcreteClasses/CppLedStatus.o
 .text.startup  0x000146ec       0x34 ./src-gen/OtherComponentsPapyrusLibrary/AbstractClasses/AbstractLedStatus.o
 .text.startup  0x00014720      0x198 ./src-gen/MindsensorsPapyrusLibrary/ConcreteClasses/CppNumericPad.o
 .text.startup  0x000148b8      0x198 ./src-gen/MindsensorsPapyrusLibrary/ConcreteClasses/CppSensorMux.o
 .text.startup  0x00014a50      0x198 ./src-gen/MindsensorsPapyrusLibrary/AbstractClasses/AbstractNumericPad.o
 .text.startup  0x00014be8      0x198 ./src-gen/MindsensorsPapyrusLibrary/AbstractClasses/AbstractSensorMux.o
 .text.startup  0x00014d80      0x198 ./src-gen/LegoCarFactoryRefactoringForSync/__Architecture__Controller/ActuatorsCppLargeMotor__Controller.o
 .text.startup  0x00014f18      0x198 ./src-gen/LegoCarFactoryRefactoringForSync/__Architecture__Controller/ActuatorsCppServoMotor__Controller.o
 .text.startup  0x000150b0      0x198 ./src-gen/LegoCarFactoryRefactoringForSync/__Architecture__Controller/CarFactoryLibraryPliers__Controller.o
 .text.startup  0x00015248      0x198 ./src-gen/LegoCarFactoryRefactoringForSync/__Architecture__Controller/CarFactoryLibraryRack__Controller.o
 .text.startup  0x000153e0      0x1b4 ./src-gen/LegoCarFactoryRefactoringForSync/__Architecture__Controller/ChassisChassisControlComponent__Controller.o
 .text.startup  0x00015594      0x198 ./src-gen/LegoCarFactoryRefactoringForSync/__Architecture__Controller/ChassisChassisConvoyer__Controller.o
 .text.startup  0x0001572c      0x1b4 ./src-gen/LegoCarFactoryRefactoringForSync/__Architecture__Controller/ChassisChassisModuleSystem__Controller.o
 .text.startup  0x000158e0      0x198 ./src-gen/LegoCarFactoryRefactoringForSync/__Architecture__Controller/ChassisChassisRoboticArm__Controller.o
 .text.startup  0x00015a78      0x198 ./src-gen/LegoCarFactoryRefactoringForSync/__Architecture__Controller/ChassisChassisShelf__Controller.o
 .text.startup  0x00015c10      0x198 ./src-gen/LegoCarFactoryRefactoringForSync/__Architecture__Controller/ConcreteClassesCppNumericPad__Controller.o
 .text.startup  0x00015da8      0x198 ./src-gen/LegoCarFactoryRefactoringForSync/__Architecture__Controller/ConcreteClassesCppSensorMux__Controller.o
 .text.startup  0x00015f40      0x198 ./src-gen/LegoCarFactoryRefactoringForSync/__Architecture__Controller/EV3BrickCppBlutooth__Controller.o
 .text.startup  0x000160d8      0x198 ./src-gen/LegoCarFactoryRefactoringForSync/__Architecture__Controller/EV3BrickCppButton__Controller.o
 .text.startup  0x00016270      0x198 ./src-gen/LegoCarFactoryRefactoringForSync/__Architecture__Controller/EV3BrickCppLcd__Controller.o
 .text.startup  0x00016408      0x198 ./src-gen/LegoCarFactoryRefactoringForSync/__Architecture__Controller/EV3BrickCppLed__Controller.o
 .text.startup  0x000165a0      0x198 ./src-gen/LegoCarFactoryRefactoringForSync/__Architecture__Controller/EV3BrickCppSound__Controller.o
 .text.startup  0x00016738      0x198 ./src-gen/LegoCarFactoryRefactoringForSync/__Architecture__Controller/EV3BrickPackageCppEV3Brick__Controller.o
 .text.startup  0x000168d0      0x198 ./src-gen/LegoCarFactoryRefactoringForSync/__Architecture__Controller/EV3PapyrusLibraryCppColorSensor__Controller.o
 .text.startup  0x00016a68      0x198 ./src-gen/LegoCarFactoryRefactoringForSync/__Architecture__Controller/SensorsCppTouchSensor__Controller.o
 .text.startup  0x00016c00      0x1b4 ./src-gen/LegoCarFactoryRefactoringForSync/LegoCarComponents/Modules/Chassis/ChassisControlComponent.o
 .text.startup  0x00016db4      0x198 ./src-gen/LegoCarFactoryRefactoringForSync/LegoCarComponents/Modules/Chassis/ChassisConvoyer.o
 .text.startup  0x00016f4c      0x1b4 ./src-gen/LegoCarFactoryRefactoringForSync/LegoCarComponents/Modules/Chassis/ChassisModuleSystem.o
 .text.startup  0x00017100      0x198 ./src-gen/LegoCarFactoryRefactoringForSync/LegoCarComponents/Modules/Chassis/ChassisRoboticArm.o
 .text.startup  0x00017298      0x198 ./src-gen/LegoCarFactoryRefactoringForSync/LegoCarComponents/Modules/Chassis/ChassisShelf.o
 .text.startup  0x00017430      0x198 ./src-gen/EV3PapyrusLibrary/EV3BrickPackage/AbstractEV3Brick.o
 .text.startup  0x000175c8      0x198 ./src-gen/EV3PapyrusLibrary/EV3BrickPackage/CppEV3Brick.o
 .text.startup  0x00017760      0x198 ./src-gen/EV3PapyrusLibrary/ConcreteClasses/ev3devCpp/Sensors/CppTouchSensor.o
 .text.startup  0x000178f8      0x198 ./src-gen/EV3PapyrusLibrary/ConcreteClasses/ev3devCpp/EV3Brick/CppBlutooth.o
 .text.startup  0x00017a90      0x198 ./src-gen/EV3PapyrusLibrary/ConcreteClasses/ev3devCpp/EV3Brick/CppButton.o
 .text.startup  0x00017c28      0x198 ./src-gen/EV3PapyrusLibrary/ConcreteClasses/ev3devCpp/EV3Brick/CppDevice.o
 .text.startup  0x00017dc0      0x1b4 ./src-gen/EV3PapyrusLibrary/ConcreteClasses/ev3devCpp/EV3Brick/CppLcd.o
 .text.startup  0x00017f74      0x198 ./src-gen/EV3PapyrusLibrary/ConcreteClasses/ev3devCpp/EV3Brick/CppLed.o
 .text.startup  0x0001810c      0x198 ./src-gen/EV3PapyrusLibrary/ConcreteClasses/ev3devCpp/EV3Brick/CppSound.o
 .text.startup  0x000182a4      0x198 ./src-gen/EV3PapyrusLibrary/ConcreteClasses/ev3devCpp/Actuators/CppLargeMotor.o
 .text.startup  0x0001843c      0x198 ./src-gen/EV3PapyrusLibrary/ConcreteClasses/ev3devCpp/Actuators/CppServoMotor.o
 .text.startup  0x000185d4      0x198 ./src-gen/EV3PapyrusLibrary/ConcreteClasses/ev3devCpp/CppNxtServo.o
 .text.startup  0x0001876c      0x198 ./src-gen/EV3PapyrusLibrary/AbstractClasses/Sensors/AbstractSensor.o
 .text.startup  0x00018904      0x198 ./src-gen/EV3PapyrusLibrary/AbstractClasses/Sensors/AbstractTouchSensor.o
 .text.startup  0x00018a9c      0x198 ./src-gen/EV3PapyrusLibrary/AbstractClasses/EV3Brick/AbstractBlutooth.o
 .text.startup  0x00018c34      0x198 ./src-gen/EV3PapyrusLibrary/AbstractClasses/EV3Brick/AbstractDevice.o
 .text.startup  0x00018dcc      0x198 ./src-gen/EV3PapyrusLibrary/AbstractClasses/EV3Brick/AbstractLcd.o
 .text.startup  0x00018f64      0x198 ./src-gen/EV3PapyrusLibrary/AbstractClasses/EV3Brick/AbstractLed.o
 .text.startup  0x000190fc      0x198 ./src-gen/EV3PapyrusLibrary/AbstractClasses/EV3Brick/AbstractSound.o
 .text.startup  0x00019294      0x198 ./src-gen/EV3PapyrusLibrary/AbstractClasses/Actuators/AbstractLargeMotor.o
 .text.startup  0x0001942c      0x198 ./src-gen/EV3PapyrusLibrary/AbstractClasses/Actuators/AbstractMotor.o
 .text.startup  0x000195c4      0x198 ./src-gen/EV3PapyrusLibrary/AbstractClasses/Actuators/AbstractServoMotor.o
 .text.startup  0x0001975c      0x198 ./src-gen/EV3PapyrusLibrary/AbstractClasses/AbstractNxtServo.o
 .text.startup  0x000198f4      0x198 ./src-gen/EV3PapyrusLibrary/AbstractColorSensor.o
 .text.startup  0x00019a8c      0x198 ./src-gen/EV3PapyrusLibrary/CppColorSensor.o
 .text.startup  0x00019c24      0x198 ./src-gen/CarFactoryLibrary/Conveyor.o
 .text.startup  0x00019dbc      0x274 ./src-gen/CarFactoryLibrary/Module.o
 .text.startup  0x0001a030      0x198 ./src-gen/CarFactoryLibrary/Pliers.o
 .text.startup  0x0001a1c8      0x198 ./src-gen/CarFactoryLibrary/Rack.o
 .text.startup  0x0001a360      0x198 ./src-gen/CarFactoryLibrary/RoboticArm.o
 .text.startup  0x0001a4f8      0x198 ./src-gen/CarFactoryLibrary/Shelf.o
 .text.startup  0x0001a690      0x1fc ./src-gen/BootLoaderCpp/BootLoader.o
                0x0001a690                main
 .text.startup  0x0001a88c      0xbb4 /home/campv/Documents/lego/papyrus4Lego/official/externalLibraries/org.eclipse.papyrus.lego.library.ev3dev-lang.cpp/lib/libev3dev.a(ev3dev.o)
 .text.startup  0x0001b440      0x1b8 /home/campv/Documents/lego/papyrus4Lego/official/externalLibraries/org.eclipse.papyrus.lego.library.ev3dev-lang.cpp/lib/libev3dev.a(numeric_pad.o)
 *(.text.hot .text.hot.*)
 *(.text .stub .text.* .gnu.linkonce.t.*)
 .text          0x0001b5f8       0x3c /usr/lib/gcc-cross/arm-linux-gnueabi/5/../../../../arm-linux-gnueabi/lib/../lib/crt1.o
                0x0001b5f8                _start
 .text          0x0001b634       0x24 /usr/lib/gcc-cross/arm-linux-gnueabi/5/../../../../arm-linux-gnueabi/lib/../lib/crti.o
 .text          0x0001b658       0xc8 /usr/lib/gcc-cross/arm-linux-gnueabi/5/crtbegin.o
 .text          0x0001b720      0x41c ./src-gen/statemachine/EventPriorityQueue.o
                0x0001b720                statemachine::EventPriorityQueue::EventPriorityQueue(unsigned int, statemachine::Event_t*)
                0x0001b720                statemachine::EventPriorityQueue::EventPriorityQueue(unsigned int, statemachine::Event_t*)
                0x0001b7cc                statemachine::EventPriorityQueue::push(statemachine::EventPriority_t, void*, unsigned int, statemachine::EventType_t, unsigned int, int)
                0x0001b930                statemachine::EventPriorityQueue::pop(bool)
                0x0001baa4                statemachine::EventPriorityQueue::saveDeferred(statemachine::Event_t&)
                0x0001bb38                statemachine::EventPriorityQueue::heapify()
 .text          0x0001bb3c       0x28 ./src-gen/statemachine/StructForThread_t.o
                0x0001bb3c                statemachine::StructForThread_t::StructForThread_t(void*, unsigned int, char, char, unsigned int)
                0x0001bb3c                statemachine::StructForThread_t::StructForThread_t(void*, unsigned int, char, char, unsigned int)
                0x0001bb60                statemachine::StructForThread_t::StructForThread_t()
                0x0001bb60                statemachine::StructForThread_t::StructForThread_t()
 .text          0x0001bb64      0x274 ./src-gen/OtherComponentsPapyrusLibrary/ConcreteClasses/CppLedStatus.o
                0x0001bb64                OtherComponentsPapyrusLibrary::ConcreteClasses::CppLedStatus::all_led_on()
                0x0001bb78                OtherComponentsPapyrusLibrary::ConcreteClasses::CppLedStatus::all_led_off()
                0x0001bb8c                OtherComponentsPapyrusLibrary::ConcreteClasses::CppLedStatus::red_led()
                0x0001bba0                OtherComponentsPapyrusLibrary::ConcreteClasses::CppLedStatus::orange_led()
                0x0001bbb4                OtherComponentsPapyrusLibrary::ConcreteClasses::CppLedStatus::green_led()
                0x0001bbc8                OtherComponentsPapyrusLibrary::ConcreteClasses::CppLedStatus::CppLedStatus(std::string, std::string, std::string)
                0x0001bbc8                OtherComponentsPapyrusLibrary::ConcreteClasses::CppLedStatus::CppLedStatus(std::string, std::string, std::string)
                0x0001bdb4                OtherComponentsPapyrusLibrary::ConcreteClasses::CppLedStatus::CppLedStatus()
                0x0001bdb4                OtherComponentsPapyrusLibrary::ConcreteClasses::CppLedStatus::CppLedStatus()
 .text          0x0001bdd8      0x308 ./src-gen/MindsensorsPapyrusLibrary/ConcreteClasses/CppNumericPad.o
                0x0001bdd8                MindsensorsPapyrusLibrary::ConcreteClasses::CppNumericPad::connected()
                0x0001bdec                MindsensorsPapyrusLibrary::ConcreteClasses::CppNumericPad::read_next_touched_key()
                0x0001be00                MindsensorsPapyrusLibrary::ConcreteClasses::CppNumericPad::read_current_touched_key()
                0x0001be14                MindsensorsPapyrusLibrary::ConcreteClasses::CppNumericPad::connect(std::string&, std::string&, std::map<std::string, std::set<std::string, std::less<std::string>, std::allocator<std::string> >, std::less<std::string>, std::allocator<std::pair<std::string const, std::set<std::string, std::less<std::string>, std::allocator<std::string> > > > >&)
                0x0001be28                MindsensorsPapyrusLibrary::ConcreteClasses::CppNumericPad::device_index()
                0x0001be3c                MindsensorsPapyrusLibrary::ConcreteClasses::CppNumericPad::get_attr_int(std::string&)
                0x0001be50                MindsensorsPapyrusLibrary::ConcreteClasses::CppNumericPad::set_attr_int(std::string&, int)
                0x0001be64                MindsensorsPapyrusLibrary::ConcreteClasses::CppNumericPad::get_attr_string(std::string&)
                0x0001beac                MindsensorsPapyrusLibrary::ConcreteClasses::CppNumericPad::set_attr_string(std::string&, std::string&)
                0x0001bec0                MindsensorsPapyrusLibrary::ConcreteClasses::CppNumericPad::get_attr_line(std::string&)
                0x0001bf08                MindsensorsPapyrusLibrary::ConcreteClasses::CppNumericPad::get_attr_set(std::string&, std::string*)
                0x0001bf50                MindsensorsPapyrusLibrary::ConcreteClasses::CppNumericPad::get_attr_from_set(std::string&)
                0x0001bf98                MindsensorsPapyrusLibrary::ConcreteClasses::CppNumericPad::CppNumericPad(std::string)
                0x0001bf98                MindsensorsPapyrusLibrary::ConcreteClasses::CppNumericPad::CppNumericPad(std::string)
 .text._ZNSt8_Rb_treeIiSt4pairIKiiESt10_Select1stIS2_ESt4lessIiESaIS2_EE8_M_eraseEPSt13_Rb_tree_nodeIS2_E
                0x0001c0e0       0x38 ./src-gen/MindsensorsPapyrusLibrary/ConcreteClasses/CppNumericPad.o
                0x0001c0e0                std::_Rb_tree<int, std::pair<int const, int>, std::_Select1st<std::pair<int const, int> >, std::less<int>, std::allocator<std::pair<int const, int> > >::_M_erase(std::_Rb_tree_node<std::pair<int const, int> >*)
 .text          0x0001c118      0xa24 ./src-gen/MindsensorsPapyrusLibrary/ConcreteClasses/CppSensorMux.o
                0x0001c118                MindsensorsPapyrusLibrary::ConcreteClasses::CppSensorMux::connected()
                0x0001c12c                MindsensorsPapyrusLibrary::ConcreteClasses::CppSensorMux::type_name()
                0x0001c174                MindsensorsPapyrusLibrary::ConcreteClasses::CppSensorMux::get_attr_string(std::string&)
                0x0001c1bc                MindsensorsPapyrusLibrary::ConcreteClasses::CppSensorMux::bin_data()
                0x0001c240                MindsensorsPapyrusLibrary::ConcreteClasses::CppSensorMux::set_attr_string(std::string&, std::string&)
                0x0001c254                MindsensorsPapyrusLibrary::ConcreteClasses::CppSensorMux::get_attr_set(std::string&, std::string*)
                0x0001c29c                MindsensorsPapyrusLibrary::ConcreteClasses::CppSensorMux::connect(std::string&, std::string&, std::map<std::string, std::set<std::string, std::less<std::string>, std::allocator<std::string> >, std::less<std::string>, std::allocator<std::pair<std::string const, std::set<std::string, std::less<std::string>, std::allocator<std::string> > > > >&)
                0x0001c2b0                MindsensorsPapyrusLibrary::ConcreteClasses::CppSensorMux::device_index()
                0x0001c2c4                MindsensorsPapyrusLibrary::ConcreteClasses::CppSensorMux::get_attr_int(std::string&)
                0x0001c2d8                MindsensorsPapyrusLibrary::ConcreteClasses::CppSensorMux::set_attr_int(std::string&, int)
                0x0001c2ec                MindsensorsPapyrusLibrary::ConcreteClasses::CppSensorMux::get_attr_line(std::string&)
                0x0001c334                MindsensorsPapyrusLibrary::ConcreteClasses::CppSensorMux::get_attr_from_set(std::string&)
                0x0001c3e0                MindsensorsPapyrusLibrary::ConcreteClasses::CppSensorMux::mode()
                0x0001c4c4                MindsensorsPapyrusLibrary::ConcreteClasses::CppSensorMux::driver_name()
                0x0001c5a8                MindsensorsPapyrusLibrary::ConcreteClasses::CppSensorMux::port_name()
                0x0001c68c                MindsensorsPapyrusLibrary::ConcreteClasses::CppSensorMux::bin_data_format()
                0x0001c770                MindsensorsPapyrusLibrary::ConcreteClasses::CppSensorMux::modes()
                0x0001c858                MindsensorsPapyrusLibrary::ConcreteClasses::CppSensorMux::set_mode(std::string)
                0x0001c9b0                MindsensorsPapyrusLibrary::ConcreteClasses::CppSensorMux::CppSensorMux(std::string, std::vector<std::string, std::allocator<std::string> >)
                0x0001c9b0                MindsensorsPapyrusLibrary::ConcreteClasses::CppSensorMux::CppSensorMux(std::string, std::vector<std::string, std::allocator<std::string> >)
 .text          0x0001cb3c       0x20 ./src-gen/LegoCarFactoryRefactoringForSync/__Architecture__Controller/ActuatorsCppLargeMotor__Controller.o
                0x0001cb3c                LegoCarFactoryRefactoringForSync::__Architecture__Controller::ActuatorsCppLargeMotor__Controller::get_largeMotorPort()
                0x0001cb48                LegoCarFactoryRefactoringForSync::__Architecture__Controller::ActuatorsCppLargeMotor__Controller::ActuatorsCppLargeMotor__Controller(EV3PapyrusLibrary::ConcreteClasses::ev3devCpp::Actuators::CppLargeMotor*)
                0x0001cb48                LegoCarFactoryRefactoringForSync::__Architecture__Controller::ActuatorsCppLargeMotor__Controller::ActuatorsCppLargeMotor__Controller(EV3PapyrusLibrary::ConcreteClasses::ev3devCpp::Actuators::CppLargeMotor*)
 .text          0x0001cb5c       0x20 ./src-gen/LegoCarFactoryRefactoringForSync/__Architecture__Controller/ActuatorsCppServoMotor__Controller.o
                0x0001cb5c                LegoCarFactoryRefactoringForSync::__Architecture__Controller::ActuatorsCppServoMotor__Controller::get_servoMotorPort()
                0x0001cb68                LegoCarFactoryRefactoringForSync::__Architecture__Controller::ActuatorsCppServoMotor__Controller::ActuatorsCppServoMotor__Controller(EV3PapyrusLibrary::ConcreteClasses::ev3devCpp::Actuators::CppServoMotor*)
                0x0001cb68                LegoCarFactoryRefactoringForSync::__Architecture__Controller::ActuatorsCppServoMotor__Controller::ActuatorsCppServoMotor__Controller(EV3PapyrusLibrary::ConcreteClasses::ev3devCpp::Actuators::CppServoMotor*)
 .text          0x0001cb7c       0x3c ./src-gen/LegoCarFactoryRefactoringForSync/__Architecture__Controller/CarFactoryLibraryPliers__Controller.o
                0x0001cb7c                LegoCarFactoryRefactoringForSync::__Architecture__Controller::CarFactoryLibraryPliers__Controller::CarFactoryLibraryPliers__Controller(CarFactoryLibrary::Pliers*)
                0x0001cb7c                LegoCarFactoryRefactoringForSync::__Architecture__Controller::CarFactoryLibraryPliers__Controller::CarFactoryLibraryPliers__Controller(CarFactoryLibrary::Pliers*)
                0x0001cb90                LegoCarFactoryRefactoringForSync::__Architecture__Controller::CarFactoryLibraryPliers__Controller::get_plierMotor()
 .text          0x0001cbb8       0x3c ./src-gen/LegoCarFactoryRefactoringForSync/__Architecture__Controller/CarFactoryLibraryRack__Controller.o
                0x0001cbb8                LegoCarFactoryRefactoringForSync::__Architecture__Controller::CarFactoryLibraryRack__Controller::CarFactoryLibraryRack__Controller(CarFactoryLibrary::Rack*)
                0x0001cbb8                LegoCarFactoryRefactoringForSync::__Architecture__Controller::CarFactoryLibraryRack__Controller::CarFactoryLibraryRack__Controller(CarFactoryLibrary::Rack*)
                0x0001cbcc                LegoCarFactoryRefactoringForSync::__Architecture__Controller::CarFactoryLibraryRack__Controller::get_sensor()
 .text          0x0001cbf4      0xfb4 ./src-gen/LegoCarFactoryRefactoringForSync/__Architecture__Controller/ChassisChassisControlComponent__Controller.o
                0x0001cbf4                LegoCarFactoryRefactoringForSync::__Architecture__Controller::ChassisChassisControlComponent__Controller::get_pStopProcess_Convoyer()
                0x0001cc0c                LegoCarFactoryRefactoringForSync::__Architecture__Controller::ChassisChassisControlComponent__Controller::get_pErrDetect()
                0x0001cc24                LegoCarFactoryRefactoringForSync::__Architecture__Controller::ChassisChassisControlComponent__Controller::get_pEndOfMo()
                0x0001cc38                LegoCarFactoryRefactoringForSync::__Architecture__Controller::ChassisChassisControlComponent__Controller::get_pLCD()
                0x0001cc4c                LegoCarFactoryRefactoringForSync::__Architecture__Controller::ChassisChassisControlComponent__Controller::get_pModule()
                0x0001cc5c                LegoCarFactoryRefactoringForSync::__Architecture__Controller::ChassisChassisControlComponent__Controller::connect_pOutStopProcess_Shelf(IPush<LegoCarFactoryRefactoringForSync::signals::StopProcess>*)
                0x0001cc70                LegoCarFactoryRefactoringForSync::__Architecture__Controller::ChassisChassisControlComponent__Controller::connect_pOutStopProcess_RoboticArm(IPush<LegoCarFactoryRefactoringForSync::signals::StopProcess>*)
                0x0001cc84                LegoCarFactoryRefactoringForSync::__Architecture__Controller::ChassisChassisControlComponent__Controller::connect_pOutRestart_Shelf(IPush<LegoCarFactoryRefactoringForSync::signals::RestartAfterEmergencyStop>*)
                0x0001cc98                LegoCarFactoryRefactoringForSync::__Architecture__Controller::ChassisChassisControlComponent__Controller::connect_pOutRestart_Convoyer(IPush<LegoCarFactoryRefactoringForSync::signals::RestartAfterEmergencyStop>*)
                0x0001ccac                LegoCarFactoryRefactoringForSync::__Architecture__Controller::ChassisChassisControlComponent__Controller::connect_pPrepare(IPush<LegoCarFactoryRefactoringForSync::signals::PrepareConveyor>*)
                0x0001ccc0                LegoCarFactoryRefactoringForSync::__Architecture__Controller::ChassisChassisControlComponent__Controller::connect_pOutRestart_Robotic(IPush<LegoCarFactoryRefactoringForSync::signals::RestartAfterEmergencyStop>*)
                0x0001ccd4                LegoCarFactoryRefactoringForSync::__Architecture__Controller::ChassisChassisControlComponent__Controller::push(CarFactoryLibrary::events::EndOfModule&)
                0x0001cd0c                LegoCarFactoryRefactoringForSync::__Architecture__Controller::ChassisChassisControlComponent__Controller::push(LegoCarFactoryRefactoringForSync::signals::StopProcess&)
                0x0001cd48                non-virtual thunk to LegoCarFactoryRefactoringForSync::__Architecture__Controller::ChassisChassisControlComponent__Controller::push(LegoCarFactoryRefactoringForSync::signals::StopProcess&)
                0x0001cd50                LegoCarFactoryRefactoringForSync::__Architecture__Controller::ChassisChassisControlComponent__Controller::push(CarFactoryLibrary::events::ErrorDetection&)
                0x0001cd8c                non-virtual thunk to LegoCarFactoryRefactoringForSync::__Architecture__Controller::ChassisChassisControlComponent__Controller::push(CarFactoryLibrary::events::ErrorDetection&)
                0x0001cf5c                LegoCarFactoryRefactoringForSync::__Architecture__Controller::ChassisChassisControlComponent__Controller::ChassisControlStateMachine_Region1_Enter(char)
                0x0001cf68                LegoCarFactoryRefactoringForSync::__Architecture__Controller::ChassisChassisControlComponent__Controller::EmergencyStopState_Region1_Enter(char)
                0x0001cf74                LegoCarFactoryRefactoringForSync::__Architecture__Controller::ChassisChassisControlComponent__Controller::EmergencyStopState_Region1_Exit()
                0x0001cf88                LegoCarFactoryRefactoringForSync::__Architecture__Controller::ChassisChassisControlComponent__Controller::ChassisChassisControlComponent__Controller(LegoCarFactoryRefactoringForSync::LegoCarComponents::Modules::Chassis::ChassisControlComponent*)
                0x0001cf88                LegoCarFactoryRefactoringForSync::__Architecture__Controller::ChassisChassisControlComponent__Controller::ChassisChassisControlComponent__Controller(LegoCarFactoryRefactoringForSync::LegoCarComponents::Modules::Chassis::ChassisControlComponent*)
                0x0001d050                LegoCarFactoryRefactoringForSync::__Architecture__Controller::ChassisChassisControlComponent__Controller::startBehavior()
                0x0001d220                LegoCarFactoryRefactoringForSync::__Architecture__Controller::ChassisChassisControlComponent__Controller::stopBehavior()
                0x0001d2bc                LegoCarFactoryRefactoringForSync::__Architecture__Controller::ChassisChassisControlComponent__Controller::~ChassisChassisControlComponent__Controller()
                0x0001d2bc                LegoCarFactoryRefactoringForSync::__Architecture__Controller::ChassisChassisControlComponent__Controller::~ChassisChassisControlComponent__Controller()
                0x0001d2ec                LegoCarFactoryRefactoringForSync::__Architecture__Controller::ChassisChassisControlComponent__Controller::processEndOfModule(CarFactoryLibrary::events::EndOfModule&)
                0x0001d304                LegoCarFactoryRefactoringForSync::__Architecture__Controller::ChassisChassisControlComponent__Controller::processStopProcess(LegoCarFactoryRefactoringForSync::signals::StopProcess&)
                0x0001d31c                LegoCarFactoryRefactoringForSync::__Architecture__Controller::ChassisChassisControlComponent__Controller::processTE_50_ms_()
                0x0001d328                LegoCarFactoryRefactoringForSync::__Architecture__Controller::ChassisChassisControlComponent__Controller::processErrorDetection(CarFactoryLibrary::events::ErrorDetection&)
                0x0001d340                LegoCarFactoryRefactoringForSync::__Architecture__Controller::ChassisChassisControlComponent__Controller::processCompletionEvent()
                0x0001d5a0                LegoCarFactoryRefactoringForSync::__Architecture__Controller::ChassisChassisControlComponent__Controller::dispatchEvent()
                0x0001d760                LegoCarFactoryRefactoringForSync::__Architecture__Controller::ChassisChassisControlComponent__Controller::StateEntry(unsigned int)
                0x0001d764                LegoCarFactoryRefactoringForSync::__Architecture__Controller::ChassisChassisControlComponent__Controller::StateExit(unsigned int)
                0x0001d768                LegoCarFactoryRefactoringForSync::__Architecture__Controller::ChassisChassisControlComponent__Controller::StateDoActivity(unsigned int)
                0x0001d76c                LegoCarFactoryRefactoringForSync::__Architecture__Controller::ChassisChassisControlComponent__Controller::doCallActivity(int)
                0x0001d880                LegoCarFactoryRefactoringForSync::__Architecture__Controller::ChassisChassisControlComponent__Controller::setFlag(int, char, bool)
                0x0001d948                LegoCarFactoryRefactoringForSync::__Architecture__Controller::ChassisChassisControlComponent__Controller::listenTimeEvent(int, int)
                0x0001db64                LegoCarFactoryRefactoringForSync::__Architecture__Controller::ChassisChassisControlComponent__Controller::thread_func_wrapper(void*)
 .text          0x0001dba8      0xce8 ./src-gen/LegoCarFactoryRefactoringForSync/__Architecture__Controller/ChassisChassisConvoyer__Controller.o
                0x0001dba8                LegoCarFactoryRefactoringForSync::__Architecture__Controller::ChassisChassisConvoyer__Controller::get_pStopProcess()
                0x0001dbc0                LegoCarFactoryRefactoringForSync::__Architecture__Controller::ChassisChassisConvoyer__Controller::get_pRestart()
                0x0001dbd8                LegoCarFactoryRefactoringForSync::__Architecture__Controller::ChassisChassisConvoyer__Controller::get_pPrepare()
                0x0001dbf0                LegoCarFactoryRefactoringForSync::__Architecture__Controller::ChassisChassisConvoyer__Controller::get_pDelivered()
                0x0001dc04                LegoCarFactoryRefactoringForSync::__Architecture__Controller::ChassisChassisConvoyer__Controller::get_sensor()
                0x0001dc18                LegoCarFactoryRefactoringForSync::__Architecture__Controller::ChassisChassisConvoyer__Controller::get_pMotor()
                0x0001dc2c                LegoCarFactoryRefactoringForSync::__Architecture__Controller::ChassisChassisConvoyer__Controller::connect_pStopProcess(IPush<LegoCarFactoryRefactoringForSync::signals::StopProcess>*)
                0x0001dc40                LegoCarFactoryRefactoringForSync::__Architecture__Controller::ChassisChassisConvoyer__Controller::connect_pCheckRack(IPush<CarFactoryLibrary::events::CheckRack>*)
                0x0001dc54                LegoCarFactoryRefactoringForSync::__Architecture__Controller::ChassisChassisConvoyer__Controller::connect_pErrDetect(IPush<CarFactoryLibrary::events::ErrorDetection>*)
                0x0001dc68                LegoCarFactoryRefactoringForSync::__Architecture__Controller::ChassisChassisConvoyer__Controller::connect_pEndOfMo_Control(IPush<CarFactoryLibrary::events::EndOfModule>*)
                0x0001dc7c                LegoCarFactoryRefactoringForSync::__Architecture__Controller::ChassisChassisConvoyer__Controller::connect_pEndOfMo_Shelf(IPush<CarFactoryLibrary::events::EndOfModule>*)
                0x0001dc90                LegoCarFactoryRefactoringForSync::__Architecture__Controller::ChassisChassisConvoyer__Controller::connect_pEndOfMo_Robotic(IPush<CarFactoryLibrary::events::EndOfModule>*)
                0x0001dca4                LegoCarFactoryRefactoringForSync::__Architecture__Controller::ChassisChassisConvoyer__Controller::push(CarFactoryLibrary::events::DeliveredCarConveyor&)
                0x0001dcd8                LegoCarFactoryRefactoringForSync::__Architecture__Controller::ChassisChassisConvoyer__Controller::push(LegoCarFactoryRefactoringForSync::signals::StopProcess&)
                0x0001dd10                non-virtual thunk to LegoCarFactoryRefactoringForSync::__Architecture__Controller::ChassisChassisConvoyer__Controller::push(LegoCarFactoryRefactoringForSync::signals::StopProcess&)
                0x0001dd18                LegoCarFactoryRefactoringForSync::__Architecture__Controller::ChassisChassisConvoyer__Controller::push(LegoCarFactoryRefactoringForSync::signals::RestartAfterEmergencyStop&)
                0x0001dd54                non-virtual thunk to LegoCarFactoryRefactoringForSync::__Architecture__Controller::ChassisChassisConvoyer__Controller::push(LegoCarFactoryRefactoringForSync::signals::RestartAfterEmergencyStop&)
                0x0001dd5c                LegoCarFactoryRefactoringForSync::__Architecture__Controller::ChassisChassisConvoyer__Controller::push(LegoCarFactoryRefactoringForSync::signals::PrepareConveyor&)
                0x0001dd94                non-virtual thunk to LegoCarFactoryRefactoringForSync::__Architecture__Controller::ChassisChassisConvoyer__Controller::push(LegoCarFactoryRefactoringForSync::signals::PrepareConveyor&)
                0x0001de54                LegoCarFactoryRefactoringForSync::__Architecture__Controller::ChassisChassisConvoyer__Controller::ChassisConveyorStateMachine_Region1_Enter(char)
                0x0001de84                LegoCarFactoryRefactoringForSync::__Architecture__Controller::ChassisChassisConvoyer__Controller::PrincipalState_Region1_Enter(char)
                0x0001deac                LegoCarFactoryRefactoringForSync::__Architecture__Controller::ChassisChassisConvoyer__Controller::PrincipalState_Region1_Exit()
                0x0001dec0                LegoCarFactoryRefactoringForSync::__Architecture__Controller::ChassisChassisConvoyer__Controller::ChassisChassisConvoyer__Controller(LegoCarFactoryRefactoringForSync::LegoCarComponents::Modules::Chassis::ChassisConvoyer*)
                0x0001dec0                LegoCarFactoryRefactoringForSync::__Architecture__Controller::ChassisChassisConvoyer__Controller::ChassisChassisConvoyer__Controller(LegoCarFactoryRefactoringForSync::LegoCarComponents::Modules::Chassis::ChassisConvoyer*)
                0x0001df8c                LegoCarFactoryRefactoringForSync::__Architecture__Controller::ChassisChassisConvoyer__Controller::startBehavior()
                0x0001e108                LegoCarFactoryRefactoringForSync::__Architecture__Controller::ChassisChassisConvoyer__Controller::stopBehavior()
                0x0001e194                LegoCarFactoryRefactoringForSync::__Architecture__Controller::ChassisChassisConvoyer__Controller::~ChassisChassisConvoyer__Controller()
                0x0001e194                LegoCarFactoryRefactoringForSync::__Architecture__Controller::ChassisChassisConvoyer__Controller::~ChassisChassisConvoyer__Controller()
                0x0001e1cc                LegoCarFactoryRefactoringForSync::__Architecture__Controller::ChassisChassisConvoyer__Controller::processDeliveredCarConveyor(CarFactoryLibrary::events::DeliveredCarConveyor&)
                0x0001e1e4                LegoCarFactoryRefactoringForSync::__Architecture__Controller::ChassisChassisConvoyer__Controller::processStopProcess(LegoCarFactoryRefactoringForSync::signals::StopProcess&)
                0x0001e21c                LegoCarFactoryRefactoringForSync::__Architecture__Controller::ChassisChassisConvoyer__Controller::processRestartAfterEmergencyStop(LegoCarFactoryRefactoringForSync::signals::RestartAfterEmergencyStop&)
                0x0001e244                LegoCarFactoryRefactoringForSync::__Architecture__Controller::ChassisChassisConvoyer__Controller::processPrepareConveyor(LegoCarFactoryRefactoringForSync::signals::PrepareConveyor&)
                0x0001e25c                LegoCarFactoryRefactoringForSync::__Architecture__Controller::ChassisChassisConvoyer__Controller::processCompletionEvent()
                0x0001e4d4                LegoCarFactoryRefactoringForSync::__Architecture__Controller::ChassisChassisConvoyer__Controller::dispatchEvent()
                0x0001e6ec                LegoCarFactoryRefactoringForSync::__Architecture__Controller::ChassisChassisConvoyer__Controller::thread_func_wrapper(void*)
                0x0001e718                LegoCarFactoryRefactoringForSync::__Architecture__Controller::ChassisChassisConvoyer__Controller::StateEntry(unsigned int)
                0x0001e71c                LegoCarFactoryRefactoringForSync::__Architecture__Controller::ChassisChassisConvoyer__Controller::StateExit(unsigned int)
                0x0001e720                LegoCarFactoryRefactoringForSync::__Architecture__Controller::ChassisChassisConvoyer__Controller::StateDoActivity(unsigned int)
                0x0001e724                LegoCarFactoryRefactoringForSync::__Architecture__Controller::ChassisChassisConvoyer__Controller::doCallActivity(int)
                0x0001e858                LegoCarFactoryRefactoringForSync::__Architecture__Controller::ChassisChassisConvoyer__Controller::setFlag(int, char, bool)
                0x0001e870                LegoCarFactoryRefactoringForSync::__Architecture__Controller::ChassisChassisConvoyer__Controller::connect_pLCD(EV3PapyrusLibrary::Interfaces::EV3Brick::ILcd*)
                0x0001e880                LegoCarFactoryRefactoringForSync::__Architecture__Controller::ChassisChassisConvoyer__Controller::connect_pModule(CarFactoryLibrary::IModule*)
 .text          0x0001e890      0x278 ./src-gen/LegoCarFactoryRefactoringForSync/__Architecture__Controller/ChassisChassisModuleSystem__Controller.o
                0x0001e890                LegoCarFactoryRefactoringForSync::__Architecture__Controller::ChassisChassisModuleSystem__Controller::ChassisChassisModuleSystem__Controller(LegoCarFactoryRefactoringForSync::LegoCarComponents::Modules::Chassis::ChassisModuleSystem*)
                0x0001e890                LegoCarFactoryRefactoringForSync::__Architecture__Controller::ChassisChassisModuleSystem__Controller::ChassisChassisModuleSystem__Controller(LegoCarFactoryRefactoringForSync::LegoCarComponents::Modules::Chassis::ChassisModuleSystem*)
                0x0001e898                LegoCarFactoryRefactoringForSync::__Architecture__Controller::ChassisChassisModuleSystem__Controller::createConnections()
 .text          0x0001eb08      0xac0 ./src-gen/LegoCarFactoryRefactoringForSync/__Architecture__Controller/ChassisChassisRoboticArm__Controller.o
                0x0001eb08                LegoCarFactoryRefactoringForSync::__Architecture__Controller::ChassisChassisRoboticArm__Controller::get_pInStopProcess()
                0x0001eb20                LegoCarFactoryRefactoringForSync::__Architecture__Controller::ChassisChassisRoboticArm__Controller::get_pInRestart()
                0x0001eb38                LegoCarFactoryRefactoringForSync::__Architecture__Controller::ChassisChassisRoboticArm__Controller::get_pEndOfMo()
                0x0001eb4c                LegoCarFactoryRefactoringForSync::__Architecture__Controller::ChassisChassisRoboticArm__Controller::get_pPickPiece()
                0x0001eb64                LegoCarFactoryRefactoringForSync::__Architecture__Controller::ChassisChassisRoboticArm__Controller::get_upDownMotor()
                0x0001eb74                LegoCarFactoryRefactoringForSync::__Architecture__Controller::ChassisChassisRoboticArm__Controller::get_frontBackMotor()
                0x0001eb84                LegoCarFactoryRefactoringForSync::__Architecture__Controller::ChassisChassisRoboticArm__Controller::get_rightLeftMotor()
                0x0001eb94                LegoCarFactoryRefactoringForSync::__Architecture__Controller::ChassisChassisRoboticArm__Controller::get_plierMotor()
                0x0001eba4                LegoCarFactoryRefactoringForSync::__Architecture__Controller::ChassisChassisRoboticArm__Controller::connect_pDelivered(IPush<CarFactoryLibrary::events::DeliveredCarConveyor>*)
                0x0001ebb8                LegoCarFactoryRefactoringForSync::__Architecture__Controller::ChassisChassisRoboticArm__Controller::push(CarFactoryLibrary::events::EndOfModule&)
                0x0001ebf0                LegoCarFactoryRefactoringForSync::__Architecture__Controller::ChassisChassisRoboticArm__Controller::push(CarFactoryLibrary::events::RoboticArmPickPiece&)
                0x0001ec28                non-virtual thunk to LegoCarFactoryRefactoringForSync::__Architecture__Controller::ChassisChassisRoboticArm__Controller::push(CarFactoryLibrary::events::RoboticArmPickPiece&)
                0x0001ec30                LegoCarFactoryRefactoringForSync::__Architecture__Controller::ChassisChassisRoboticArm__Controller::push(LegoCarFactoryRefactoringForSync::signals::StopProcess&)
                0x0001ec6c                non-virtual thunk to LegoCarFactoryRefactoringForSync::__Architecture__Controller::ChassisChassisRoboticArm__Controller::push(LegoCarFactoryRefactoringForSync::signals::StopProcess&)
                0x0001ec74                LegoCarFactoryRefactoringForSync::__Architecture__Controller::ChassisChassisRoboticArm__Controller::push(LegoCarFactoryRefactoringForSync::signals::RestartAfterEmergencyStop&)
                0x0001ecb0                non-virtual thunk to LegoCarFactoryRefactoringForSync::__Architecture__Controller::ChassisChassisRoboticArm__Controller::push(LegoCarFactoryRefactoringForSync::signals::RestartAfterEmergencyStop&)
                0x0001ed34                LegoCarFactoryRefactoringForSync::__Architecture__Controller::ChassisChassisRoboticArm__Controller::ChassisRoboticArmStateMachine_Region1_Enter(char)
                0x0001ed48                LegoCarFactoryRefactoringForSync::__Architecture__Controller::ChassisChassisRoboticArm__Controller::PrincipalState_Region1_Enter(char)
                0x0001ed70                LegoCarFactoryRefactoringForSync::__Architecture__Controller::ChassisChassisRoboticArm__Controller::PrincipalState_Region1_Exit()
                0x0001ed84                LegoCarFactoryRefactoringForSync::__Architecture__Controller::ChassisChassisRoboticArm__Controller::ChassisChassisRoboticArm__Controller(LegoCarFactoryRefactoringForSync::LegoCarComponents::Modules::Chassis::ChassisRoboticArm*)
                0x0001ed84                LegoCarFactoryRefactoringForSync::__Architecture__Controller::ChassisChassisRoboticArm__Controller::ChassisChassisRoboticArm__Controller(LegoCarFactoryRefactoringForSync::LegoCarComponents::Modules::Chassis::ChassisRoboticArm*)
                0x0001ee4c                LegoCarFactoryRefactoringForSync::__Architecture__Controller::ChassisChassisRoboticArm__Controller::startBehavior()
                0x0001efc4                LegoCarFactoryRefactoringForSync::__Architecture__Controller::ChassisChassisRoboticArm__Controller::stopBehavior()
                0x0001f050                LegoCarFactoryRefactoringForSync::__Architecture__Controller::ChassisChassisRoboticArm__Controller::~ChassisChassisRoboticArm__Controller()
                0x0001f050                LegoCarFactoryRefactoringForSync::__Architecture__Controller::ChassisChassisRoboticArm__Controller::~ChassisChassisRoboticArm__Controller()
                0x0001f088                LegoCarFactoryRefactoringForSync::__Architecture__Controller::ChassisChassisRoboticArm__Controller::processEndOfModule(CarFactoryLibrary::events::EndOfModule&)
                0x0001f0a8                LegoCarFactoryRefactoringForSync::__Architecture__Controller::ChassisChassisRoboticArm__Controller::processRoboticArmPickPiece(CarFactoryLibrary::events::RoboticArmPickPiece&)
                0x0001f0c0                LegoCarFactoryRefactoringForSync::__Architecture__Controller::ChassisChassisRoboticArm__Controller::processStopProcess(LegoCarFactoryRefactoringForSync::signals::StopProcess&)
                0x0001f0f8                LegoCarFactoryRefactoringForSync::__Architecture__Controller::ChassisChassisRoboticArm__Controller::processRestartAfterEmergencyStop(LegoCarFactoryRefactoringForSync::signals::RestartAfterEmergencyStop&)
                0x0001f120                LegoCarFactoryRefactoringForSync::__Architecture__Controller::ChassisChassisRoboticArm__Controller::processCompletionEvent()
                0x0001f224                LegoCarFactoryRefactoringForSync::__Architecture__Controller::ChassisChassisRoboticArm__Controller::dispatchEvent()
                0x0001f424                LegoCarFactoryRefactoringForSync::__Architecture__Controller::ChassisChassisRoboticArm__Controller::thread_func_wrapper(void*)
                0x0001f450                LegoCarFactoryRefactoringForSync::__Architecture__Controller::ChassisChassisRoboticArm__Controller::StateEntry(unsigned int)
                0x0001f454                LegoCarFactoryRefactoringForSync::__Architecture__Controller::ChassisChassisRoboticArm__Controller::StateExit(unsigned int)
                0x0001f458                LegoCarFactoryRefactoringForSync::__Architecture__Controller::ChassisChassisRoboticArm__Controller::StateDoActivity(unsigned int)
                0x0001f45c                LegoCarFactoryRefactoringForSync::__Architecture__Controller::ChassisChassisRoboticArm__Controller::doCallActivity(int)
                0x0001f590                LegoCarFactoryRefactoringForSync::__Architecture__Controller::ChassisChassisRoboticArm__Controller::setFlag(int, char, bool)
                0x0001f5a8                LegoCarFactoryRefactoringForSync::__Architecture__Controller::ChassisChassisRoboticArm__Controller::connect_pLCD(EV3PapyrusLibrary::Interfaces::EV3Brick::ILcd*)
                0x0001f5b8                LegoCarFactoryRefactoringForSync::__Architecture__Controller::ChassisChassisRoboticArm__Controller::connect_pModule(CarFactoryLibrary::IModule*)
 .text          0x0001f5c8      0xc18 ./src-gen/LegoCarFactoryRefactoringForSync/__Architecture__Controller/ChassisChassisShelf__Controller.o
                0x0001f5c8                LegoCarFactoryRefactoringForSync::__Architecture__Controller::ChassisChassisShelf__Controller::get_pInStopProcess()
                0x0001f5e0                LegoCarFactoryRefactoringForSync::__Architecture__Controller::ChassisChassisShelf__Controller::get_pInRestart()
                0x0001f5f8                LegoCarFactoryRefactoringForSync::__Architecture__Controller::ChassisChassisShelf__Controller::get_pCheckRack()
                0x0001f610                LegoCarFactoryRefactoringForSync::__Architecture__Controller::ChassisChassisShelf__Controller::get_pEndOfMo()
                0x0001f624                LegoCarFactoryRefactoringForSync::__Architecture__Controller::ChassisChassisShelf__Controller::get_sensor1()
                0x0001f638                LegoCarFactoryRefactoringForSync::__Architecture__Controller::ChassisChassisShelf__Controller::get_sensor2()
                0x0001f64c                LegoCarFactoryRefactoringForSync::__Architecture__Controller::ChassisChassisShelf__Controller::get_sensor3()
                0x0001f660                LegoCarFactoryRefactoringForSync::__Architecture__Controller::ChassisChassisShelf__Controller::connect_pErrDetect(IPush<CarFactoryLibrary::events::ErrorDetection>*)
                0x0001f674                LegoCarFactoryRefactoringForSync::__Architecture__Controller::ChassisChassisShelf__Controller::connect_pPickPiece(IPush<CarFactoryLibrary::events::RoboticArmPickPiece>*)
                0x0001f688                LegoCarFactoryRefactoringForSync::__Architecture__Controller::ChassisChassisShelf__Controller::push(CarFactoryLibrary::events::EndOfModule&)
                0x0001f6c0                LegoCarFactoryRefactoringForSync::__Architecture__Controller::ChassisChassisShelf__Controller::push(CarFactoryLibrary::events::CheckRack&)
                0x0001f6f8                non-virtual thunk to LegoCarFactoryRefactoringForSync::__Architecture__Controller::ChassisChassisShelf__Controller::push(CarFactoryLibrary::events::CheckRack&)
                0x0001f700                LegoCarFactoryRefactoringForSync::__Architecture__Controller::ChassisChassisShelf__Controller::push(LegoCarFactoryRefactoringForSync::signals::StopProcess&)
                0x0001f73c                non-virtual thunk to LegoCarFactoryRefactoringForSync::__Architecture__Controller::ChassisChassisShelf__Controller::push(LegoCarFactoryRefactoringForSync::signals::StopProcess&)
                0x0001f744                LegoCarFactoryRefactoringForSync::__Architecture__Controller::ChassisChassisShelf__Controller::push(LegoCarFactoryRefactoringForSync::signals::RestartAfterEmergencyStop&)
                0x0001f780                non-virtual thunk to LegoCarFactoryRefactoringForSync::__Architecture__Controller::ChassisChassisShelf__Controller::push(LegoCarFactoryRefactoringForSync::signals::RestartAfterEmergencyStop&)
                0x0001f7d4                LegoCarFactoryRefactoringForSync::__Architecture__Controller::ChassisChassisShelf__Controller::ChassisShelfStateMachine_Region1_Enter(char)
                0x0001f804                LegoCarFactoryRefactoringForSync::__Architecture__Controller::ChassisChassisShelf__Controller::PrincipalState_Region1_Enter(char)
                0x0001f878                LegoCarFactoryRefactoringForSync::__Architecture__Controller::ChassisChassisShelf__Controller::PrincipalState_Region1_Exit()
                0x0001f88c                LegoCarFactoryRefactoringForSync::__Architecture__Controller::ChassisChassisShelf__Controller::ChassisChassisShelf__Controller(LegoCarFactoryRefactoringForSync::LegoCarComponents::Modules::Chassis::ChassisShelf*)
                0x0001f88c                LegoCarFactoryRefactoringForSync::__Architecture__Controller::ChassisChassisShelf__Controller::ChassisChassisShelf__Controller(LegoCarFactoryRefactoringForSync::LegoCarComponents::Modules::Chassis::ChassisShelf*)
                0x0001f958                LegoCarFactoryRefactoringForSync::__Architecture__Controller::ChassisChassisShelf__Controller::startBehavior()
                0x0001fad4                LegoCarFactoryRefactoringForSync::__Architecture__Controller::ChassisChassisShelf__Controller::stopBehavior()
                0x0001fb60                LegoCarFactoryRefactoringForSync::__Architecture__Controller::ChassisChassisShelf__Controller::~ChassisChassisShelf__Controller()
                0x0001fb60                LegoCarFactoryRefactoringForSync::__Architecture__Controller::ChassisChassisShelf__Controller::~ChassisChassisShelf__Controller()
                0x0001fb98                LegoCarFactoryRefactoringForSync::__Architecture__Controller::ChassisChassisShelf__Controller::processEndOfModule(CarFactoryLibrary::events::EndOfModule&)
                0x0001fbb8                LegoCarFactoryRefactoringForSync::__Architecture__Controller::ChassisChassisShelf__Controller::processCheckRack(CarFactoryLibrary::events::CheckRack&)
                0x0001fbf0                LegoCarFactoryRefactoringForSync::__Architecture__Controller::ChassisChassisShelf__Controller::processStopProcess(LegoCarFactoryRefactoringForSync::signals::StopProcess&)
                0x0001fc28                LegoCarFactoryRefactoringForSync::__Architecture__Controller::ChassisChassisShelf__Controller::processRestartAfterEmergencyStop(LegoCarFactoryRefactoringForSync::signals::RestartAfterEmergencyStop&)
                0x0001fc58                LegoCarFactoryRefactoringForSync::__Architecture__Controller::ChassisChassisShelf__Controller::processCompletionEvent()
                0x0001fe14                LegoCarFactoryRefactoringForSync::__Architecture__Controller::ChassisChassisShelf__Controller::dispatchEvent()
                0x00020024                LegoCarFactoryRefactoringForSync::__Architecture__Controller::ChassisChassisShelf__Controller::thread_func_wrapper(void*)
                0x00020050                LegoCarFactoryRefactoringForSync::__Architecture__Controller::ChassisChassisShelf__Controller::StateEntry(unsigned int)
                0x00020054                LegoCarFactoryRefactoringForSync::__Architecture__Controller::ChassisChassisShelf__Controller::StateExit(unsigned int)
                0x00020058                LegoCarFactoryRefactoringForSync::__Architecture__Controller::ChassisChassisShelf__Controller::StateDoActivity(unsigned int)
                0x0002005c                LegoCarFactoryRefactoringForSync::__Architecture__Controller::ChassisChassisShelf__Controller::doCallActivity(int)
                0x000201a8                LegoCarFactoryRefactoringForSync::__Architecture__Controller::ChassisChassisShelf__Controller::setFlag(int, char, bool)
                0x000201c0                LegoCarFactoryRefactoringForSync::__Architecture__Controller::ChassisChassisShelf__Controller::connect_pLCD(EV3PapyrusLibrary::Interfaces::EV3Brick::ILcd*)
                0x000201d0                LegoCarFactoryRefactoringForSync::__Architecture__Controller::ChassisChassisShelf__Controller::connect_pModule(CarFactoryLibrary::IModule*)
 .text          0x000201e0       0x20 ./src-gen/LegoCarFactoryRefactoringForSync/__Architecture__Controller/ConcreteClassesCppNumericPad__Controller.o
                0x000201e0                LegoCarFactoryRefactoringForSync::__Architecture__Controller::ConcreteClassesCppNumericPad__Controller::get_numericPadPort()
                0x000201ec                LegoCarFactoryRefactoringForSync::__Architecture__Controller::ConcreteClassesCppNumericPad__Controller::ConcreteClassesCppNumericPad__Controller(MindsensorsPapyrusLibrary::ConcreteClasses::CppNumericPad*)
                0x000201ec                LegoCarFactoryRefactoringForSync::__Architecture__Controller::ConcreteClassesCppNumericPad__Controller::ConcreteClassesCppNumericPad__Controller(MindsensorsPapyrusLibrary::ConcreteClasses::CppNumericPad*)
 .text          0x00020200       0x20 ./src-gen/LegoCarFactoryRefactoringForSync/__Architecture__Controller/ConcreteClassesCppSensorMux__Controller.o
                0x00020200                LegoCarFactoryRefactoringForSync::__Architecture__Controller::ConcreteClassesCppSensorMux__Controller::get_sensorMuxPort_host()
                0x0002020c                LegoCarFactoryRefactoringForSync::__Architecture__Controller::ConcreteClassesCppSensorMux__Controller::ConcreteClassesCppSensorMux__Controller(MindsensorsPapyrusLibrary::ConcreteClasses::CppSensorMux*)
                0x0002020c                LegoCarFactoryRefactoringForSync::__Architecture__Controller::ConcreteClassesCppSensorMux__Controller::ConcreteClassesCppSensorMux__Controller(MindsensorsPapyrusLibrary::ConcreteClasses::CppSensorMux*)
 .text          0x00020220       0x2c ./src-gen/LegoCarFactoryRefactoringForSync/__Architecture__Controller/EV3BrickCppBlutooth__Controller.o
                0x00020220                LegoCarFactoryRefactoringForSync::__Architecture__Controller::EV3BrickCppBlutooth__Controller::get_BluetoothPortServer()
                0x0002022c                LegoCarFactoryRefactoringForSync::__Architecture__Controller::EV3BrickCppBlutooth__Controller::get_BluetoothPortClient()
                0x00020238                LegoCarFactoryRefactoringForSync::__Architecture__Controller::EV3BrickCppBlutooth__Controller::EV3BrickCppBlutooth__Controller(EV3PapyrusLibrary::ConcreteClasses::ev3devCpp::EV3Brick::CppBlutooth*)
                0x00020238                LegoCarFactoryRefactoringForSync::__Architecture__Controller::EV3BrickCppBlutooth__Controller::EV3BrickCppBlutooth__Controller(EV3PapyrusLibrary::ConcreteClasses::ev3devCpp::EV3Brick::CppBlutooth*)
 .text          0x0002024c       0x20 ./src-gen/LegoCarFactoryRefactoringForSync/__Architecture__Controller/EV3BrickCppButton__Controller.o
                0x0002024c                LegoCarFactoryRefactoringForSync::__Architecture__Controller::EV3BrickCppButton__Controller::get_buttonPort()
                0x00020258                LegoCarFactoryRefactoringForSync::__Architecture__Controller::EV3BrickCppButton__Controller::EV3BrickCppButton__Controller(EV3PapyrusLibrary::ConcreteClasses::ev3devCpp::EV3Brick::CppButton*)
                0x00020258                LegoCarFactoryRefactoringForSync::__Architecture__Controller::EV3BrickCppButton__Controller::EV3BrickCppButton__Controller(EV3PapyrusLibrary::ConcreteClasses::ev3devCpp::EV3Brick::CppButton*)
 .text          0x0002026c       0x20 ./src-gen/LegoCarFactoryRefactoringForSync/__Architecture__Controller/EV3BrickCppLcd__Controller.o
                0x0002026c                LegoCarFactoryRefactoringForSync::__Architecture__Controller::EV3BrickCppLcd__Controller::get_lcdScreenPort()
                0x00020278                LegoCarFactoryRefactoringForSync::__Architecture__Controller::EV3BrickCppLcd__Controller::EV3BrickCppLcd__Controller(EV3PapyrusLibrary::ConcreteClasses::ev3devCpp::EV3Brick::CppLcd*)
                0x00020278                LegoCarFactoryRefactoringForSync::__Architecture__Controller::EV3BrickCppLcd__Controller::EV3BrickCppLcd__Controller(EV3PapyrusLibrary::ConcreteClasses::ev3devCpp::EV3Brick::CppLcd*)
 .text          0x0002028c       0x20 ./src-gen/LegoCarFactoryRefactoringForSync/__Architecture__Controller/EV3BrickCppLed__Controller.o
                0x0002028c                LegoCarFactoryRefactoringForSync::__Architecture__Controller::EV3BrickCppLed__Controller::get_ledPort()
                0x00020298                LegoCarFactoryRefactoringForSync::__Architecture__Controller::EV3BrickCppLed__Controller::EV3BrickCppLed__Controller(EV3PapyrusLibrary::ConcreteClasses::ev3devCpp::EV3Brick::CppLed*)
                0x00020298                LegoCarFactoryRefactoringForSync::__Architecture__Controller::EV3BrickCppLed__Controller::EV3BrickCppLed__Controller(EV3PapyrusLibrary::ConcreteClasses::ev3devCpp::EV3Brick::CppLed*)
 .text          0x000202ac       0x20 ./src-gen/LegoCarFactoryRefactoringForSync/__Architecture__Controller/EV3BrickCppSound__Controller.o
                0x000202ac                LegoCarFactoryRefactoringForSync::__Architecture__Controller::EV3BrickCppSound__Controller::get_soundDevicePort()
                0x000202b8                LegoCarFactoryRefactoringForSync::__Architecture__Controller::EV3BrickCppSound__Controller::EV3BrickCppSound__Controller(EV3PapyrusLibrary::ConcreteClasses::ev3devCpp::EV3Brick::CppSound*)
                0x000202b8                LegoCarFactoryRefactoringForSync::__Architecture__Controller::EV3BrickCppSound__Controller::EV3BrickCppSound__Controller(EV3PapyrusLibrary::ConcreteClasses::ev3devCpp::EV3Brick::CppSound*)
 .text          0x000202cc       0xd4 ./src-gen/LegoCarFactoryRefactoringForSync/__Architecture__Controller/EV3BrickPackageCppEV3Brick__Controller.o
                0x000202cc                LegoCarFactoryRefactoringForSync::__Architecture__Controller::EV3BrickPackageCppEV3Brick__Controller::get_LeftGreenLedPort()
                0x000202dc                LegoCarFactoryRefactoringForSync::__Architecture__Controller::EV3BrickPackageCppEV3Brick__Controller::get_LeftRedLedPort()
                0x000202ec                LegoCarFactoryRefactoringForSync::__Architecture__Controller::EV3BrickPackageCppEV3Brick__Controller::get_RightGreenLedPort()
                0x000202fc                LegoCarFactoryRefactoringForSync::__Architecture__Controller::EV3BrickPackageCppEV3Brick__Controller::get_RightRedLedPort()
                0x0002030c                LegoCarFactoryRefactoringForSync::__Architecture__Controller::EV3BrickPackageCppEV3Brick__Controller::get_BackButtonPort()
                0x0002031c                LegoCarFactoryRefactoringForSync::__Architecture__Controller::EV3BrickPackageCppEV3Brick__Controller::get_OkButtonPort()
                0x0002032c                LegoCarFactoryRefactoringForSync::__Architecture__Controller::EV3BrickPackageCppEV3Brick__Controller::get_DownButtonPort()
                0x0002033c                LegoCarFactoryRefactoringForSync::__Architecture__Controller::EV3BrickPackageCppEV3Brick__Controller::get_UpButtonPort()
                0x0002034c                LegoCarFactoryRefactoringForSync::__Architecture__Controller::EV3BrickPackageCppEV3Brick__Controller::get_LeftButtonPort()
                0x0002035c                LegoCarFactoryRefactoringForSync::__Architecture__Controller::EV3BrickPackageCppEV3Brick__Controller::get_RightButtonPort()
                0x0002036c                LegoCarFactoryRefactoringForSync::__Architecture__Controller::EV3BrickPackageCppEV3Brick__Controller::get_screenPort()
                0x0002037c                LegoCarFactoryRefactoringForSync::__Architecture__Controller::EV3BrickPackageCppEV3Brick__Controller::get_soundPort()
                0x0002038c                LegoCarFactoryRefactoringForSync::__Architecture__Controller::EV3BrickPackageCppEV3Brick__Controller::EV3BrickPackageCppEV3Brick__Controller(EV3PapyrusLibrary::EV3BrickPackage::CppEV3Brick*)
                0x0002038c                LegoCarFactoryRefactoringForSync::__Architecture__Controller::EV3BrickPackageCppEV3Brick__Controller::EV3BrickPackageCppEV3Brick__Controller(EV3PapyrusLibrary::EV3BrickPackage::CppEV3Brick*)
 .text          0x000203a0       0x20 ./src-gen/LegoCarFactoryRefactoringForSync/__Architecture__Controller/EV3PapyrusLibraryCppColorSensor__Controller.o
                0x000203a0                LegoCarFactoryRefactoringForSync::__Architecture__Controller::EV3PapyrusLibraryCppColorSensor__Controller::get_colorSensorPort()
                0x000203ac                LegoCarFactoryRefactoringForSync::__Architecture__Controller::EV3PapyrusLibraryCppColorSensor__Controller::EV3PapyrusLibraryCppColorSensor__Controller(EV3PapyrusLibrary::CppColorSensor*)
                0x000203ac                LegoCarFactoryRefactoringForSync::__Architecture__Controller::EV3PapyrusLibraryCppColorSensor__Controller::EV3PapyrusLibraryCppColorSensor__Controller(EV3PapyrusLibrary::CppColorSensor*)
 .text          0x000203c0       0x20 ./src-gen/LegoCarFactoryRefactoringForSync/__Architecture__Controller/SensorsCppTouchSensor__Controller.o
                0x000203c0                LegoCarFactoryRefactoringForSync::__Architecture__Controller::SensorsCppTouchSensor__Controller::get_touchSensorPort()
                0x000203cc                LegoCarFactoryRefactoringForSync::__Architecture__Controller::SensorsCppTouchSensor__Controller::SensorsCppTouchSensor__Controller(EV3PapyrusLibrary::ConcreteClasses::ev3devCpp::Sensors::CppTouchSensor*)
                0x000203cc                LegoCarFactoryRefactoringForSync::__Architecture__Controller::SensorsCppTouchSensor__Controller::SensorsCppTouchSensor__Controller(EV3PapyrusLibrary::ConcreteClasses::ev3devCpp::Sensors::CppTouchSensor*)
 .text          0x000203e0     0x1c58 ./src-gen/LegoCarFactoryRefactoringForSync/LegoCarComponents/Modules/Chassis/ChassisControlComponent.o
                0x000203e0                bindPorts(Port&, Port&)
                0x000203e4                LegoCarFactoryRefactoringForSync::LegoCarComponents::Modules::Chassis::ChassisControlComponent::fromChoice4toSendRestartEventGuard()
                0x000203f8                LegoCarFactoryRefactoringForSync::LegoCarComponents::Modules::Chassis::ChassisControlComponent::show_car_configuration()
                0x0002069c                LegoCarFactoryRefactoringForSync::LegoCarComponents::Modules::Chassis::ChassisControlComponent::init_bluetooth_communication()
                0x00020a48                LegoCarFactoryRefactoringForSync::LegoCarComponents::Modules::Chassis::ChassisControlComponent::send_stop_to_slave()
                0x00020c3c                LegoCarFactoryRefactoringForSync::LegoCarComponents::Modules::Chassis::ChassisControlComponent::choose_back_front_order()
                0x0002103c                LegoCarFactoryRefactoringForSync::LegoCarComponents::Modules::Chassis::ChassisControlComponent::effectFromEmergencyStopStatetoMisplace(CarFactoryLibrary::events::ErrorDetection&)
                0x00021048                LegoCarFactoryRefactoringForSync::LegoCarComponents::Modules::Chassis::ChassisControlComponent::choice0toSendRestartEventEffect()
                0x00021278                LegoCarFactoryRefactoringForSync::LegoCarComponents::Modules::Chassis::ChassisControlComponent::rewind_last_module()
                0x00021358                LegoCarFactoryRefactoringForSync::LegoCarComponents::Modules::Chassis::ChassisControlComponent::fromChoice2toPrepareConvoyerEffect()
                0x00021368                LegoCarFactoryRefactoringForSync::LegoCarComponents::Modules::Chassis::ChassisControlComponent::fromChoice2toPrepareConveyorGuard()
                0x00021378                LegoCarFactoryRefactoringForSync::LegoCarComponents::Modules::Chassis::ChassisControlComponent::fromChoice1toStopMotorsGuard()
                0x000213a8                LegoCarFactoryRefactoringForSync::LegoCarComponents::Modules::Chassis::ChassisControlComponent::fromChoice0toSendRestartEventGuard()
                0x000213b0                LegoCarFactoryRefactoringForSync::LegoCarComponents::Modules::Chassis::ChassisControlComponent::fromChoicetoSendRestartEventGuard()
                0x000213c4                LegoCarFactoryRefactoringForSync::LegoCarComponents::Modules::Chassis::ChassisControlComponent::fromChoice13toChooseBackFrontOrderGuard()
                0x000213c8                LegoCarFactoryRefactoringForSync::LegoCarComponents::Modules::Chassis::ChassisControlComponent::fromChoice5toSendRestartEventGuard()
                0x000213d8                LegoCarFactoryRefactoringForSync::LegoCarComponents::Modules::Chassis::ChassisControlComponent::ChassisControlComponent()
                0x000213d8                LegoCarFactoryRefactoringForSync::LegoCarComponents::Modules::Chassis::ChassisControlComponent::ChassisControlComponent()
                0x00021a8c                LegoCarFactoryRefactoringForSync::LegoCarComponents::Modules::Chassis::ChassisControlComponent::wait_key_pad_release()
                0x00021d20                LegoCarFactoryRefactoringForSync::LegoCarComponents::Modules::Chassis::ChassisControlComponent::choose_colors()
 .text._ZNSt15_Sp_counted_ptrIDnLN9__gnu_cxx12_Lock_policyE1EE10_M_disposeEv