Archive member included to satisfy reference by file (symbol)

/home/campv/Documents/lego/papyrus4Lego/official/externalLibraries/org.eclipse.papyrus.lego.library.ev3dev-lang.cpp/lib/libev3dev.a(ev3dev.o)
                              ./src-gen/EV3PapyrusLibrary/ConcreteClasses/ev3devCpp/EV3Brick/CppButton.o (ev3dev::button::pressed() const)
/home/campv/Documents/lego/papyrus4Lego/official/externalLibraries/org.eclipse.papyrus.lego.library.ev3dev-lang.cpp/lib/libev3dev.a(ev3c_lcd.o)
                              /home/campv/Documents/lego/papyrus4Lego/official/externalLibraries/org.eclipse.papyrus.lego.library.ev3dev-lang.cpp/lib/libev3dev.a(ev3dev.o) (ev3_init_lcd())
/home/campv/Documents/lego/papyrus4Lego/official/externalLibraries/org.eclipse.papyrus.lego.library.ev3dev-lang.cpp/lib/libev3dev.a(qdbmp.o)
                              /home/campv/Documents/lego/papyrus4Lego/official/externalLibraries/org.eclipse.papyrus.lego.library.ev3dev-lang.cpp/lib/libev3dev.a(ev3c_lcd.o) (BMP_GetWidth(_BMP*))
/usr/lib/gcc-cross/arm-linux-gnueabi/5/libgcc.a(linux-atomic.o)
                              ./src-gen/OtherComponentsPapyrusLibrary/ConcreteClasses/CppLedStatus.o (__sync_fetch_and_add_4)
/usr/arm-linux-gnueabi/lib/libc_nonshared.a(elf-init.oS)
                              /usr/lib/gcc-cross/arm-linux-gnueabi/5/../../../../arm-linux-gnueabi/lib/../lib/crt1.o (__libc_csu_init)

As-needed library included to satisfy reference by file (symbol)

libpthread.so.0               ./src-gen/statemachine/EventPriorityQueue.o (pthread_mutex_unlock@@GLIBC_2.4)
libstdc++.so.6                ./src-gen/OtherComponentsPapyrusLibrary/ConcreteClasses/CppLedStatus.o (vtable for __cxxabiv1::__vmi_class_type_info@@CXXABI_1.3)
libbluetooth.so.3             /home/campv/Documents/lego/papyrus4Lego/official/externalLibraries/org.eclipse.papyrus.lego.library.ev3dev-lang.cpp/lib/libev3dev.a(ev3dev.o) (str2ba)
libm.so.6                     ./src-gen/CarFactoryLibrary/RoboticArm.o (acos@@GLIBC_2.4)
libgcc_s.so.1                 ./src-gen/CarFactoryLibrary/RoboticArm.o (__aeabi_dsub@@GCC_3.5)
libc.so.6                     /home/campv/Documents/lego/papyrus4Lego/official/externalLibraries/org.eclipse.papyrus.lego.library.ev3dev-lang.cpp/lib/libev3dev.a(ev3dev.o) (socket@@GLIBC_2.4)
ld-linux.so.3                 ./src-gen/OtherComponentsPapyrusLibrary/ConcreteClasses/CppLedStatus.o (__stack_chk_guard@@GLIBC_2.4)

Discarded input sections

 .rodata.cst4   0x00000000        0x4 /usr/lib/gcc-cross/arm-linux-gnueabi/5/../../../../arm-linux-gnueabi/lib/../lib/crt1.o
 .ARM.extab     0x00000000        0x0 /usr/lib/gcc-cross/arm-linux-gnueabi/5/../../../../arm-linux-gnueabi/lib/../lib/crt1.o
 .data          0x00000000        0x4 /usr/lib/gcc-cross/arm-linux-gnueabi/5/../../../../arm-linux-gnueabi/lib/../lib/crt1.o
 .bss           0x00000000        0x0 /usr/lib/gcc-cross/arm-linux-gnueabi/5/../../../../arm-linux-gnueabi/lib/../lib/crt1.o
 .note.GNU-stack
                0x00000000        0x0 /usr/lib/gcc-cross/arm-linux-gnueabi/5/../../../../arm-linux-gnueabi/lib/../lib/crt1.o
 .data          0x00000000        0x0 /usr/lib/gcc-cross/arm-linux-gnueabi/5/../../../../arm-linux-gnueabi/lib/../lib/crti.o
 .bss           0x00000000        0x0 /usr/lib/gcc-cross/arm-linux-gnueabi/5/../../../../arm-linux-gnueabi/lib/../lib/crti.o
 .note.GNU-stack
                0x00000000        0x0 /usr/lib/gcc-cross/arm-linux-gnueabi/5/../../../../arm-linux-gnueabi/lib/../lib/crti.o
 .note.GNU-stack
                0x00000000        0x0 /usr/lib/gcc-cross/arm-linux-gnueabi/5/crtbegin.o
 .data          0x00000000        0x0 ./src-gen/statemachine/EventPriorityQueue.o
 .bss           0x00000000        0x0 ./src-gen/statemachine/EventPriorityQueue.o
 .ARM.extab     0x00000000        0x0 ./src-gen/statemachine/EventPriorityQueue.o
 .debug_info    0x00000000      0xafb ./src-gen/statemachine/EventPriorityQueue.o
 .debug_abbrev  0x00000000      0x343 ./src-gen/statemachine/EventPriorityQueue.o
 .debug_loc     0x00000000      0x433 ./src-gen/statemachine/EventPriorityQueue.o
 .debug_aranges
                0x00000000       0x20 ./src-gen/statemachine/EventPriorityQueue.o
 .debug_ranges  0x00000000       0x60 ./src-gen/statemachine/EventPriorityQueue.o
 .debug_line    0x00000000      0x2f1 ./src-gen/statemachine/EventPriorityQueue.o
 .debug_str     0x00000000      0x838 ./src-gen/statemachine/EventPriorityQueue.o
 .note.GNU-stack
                0x00000000        0x0 ./src-gen/statemachine/EventPriorityQueue.o
 .debug_frame   0x00000000       0xdc ./src-gen/statemachine/EventPriorityQueue.o
 .text          0x00000000        0x0 ./src-gen/statemachine/Event_t.o
 .data          0x00000000        0x0 ./src-gen/statemachine/Event_t.o
 .bss           0x00000000        0x0 ./src-gen/statemachine/Event_t.o
 .debug_info    0x00000000       0x79 ./src-gen/statemachine/Event_t.o
 .debug_abbrev  0x00000000       0x31 ./src-gen/statemachine/Event_t.o
 .debug_aranges
[...]
Memory Configuration

Name             Origin             Length             Attributes
*default*        0x00000000         0xffffffff

Linker script and memory map

LOAD /usr/lib/gcc-cross/arm-linux-gnueabi/5/../../../../arm-linux-gnueabi/lib/../lib/crt1.o
LOAD /usr/lib/gcc-cross/arm-linux-gnueabi/5/../../../../arm-linux-gnueabi/lib/../lib/crti.o
LOAD /usr/lib/gcc-cross/arm-linux-gnueabi/5/crtbegin.o
LOAD ./src-gen/statemachine/EventPriorityQueue.o
LOAD ./src-gen/statemachine/Event_t.o
LOAD ./src-gen/statemachine/StructForThread_t.o
LOAD ./src-gen/OtherComponentsPapyrusLibrary/ConcreteClasses/CppLedStatus.o
LOAD ./src-gen/OtherComponentsPapyrusLibrary/AbstractClasses/AbstractLedStatus.o
LOAD ./src-gen/MindsensorsPapyrusLibrary/ConcreteClasses/CppSensorMux.o
LOAD ./src-gen/MindsensorsPapyrusLibrary/AbstractClasses/AbstractSensorMux.o
LOAD ./src-gen/LegoCarFactoryRefactoringForSync/__Architecture__Controller/ActuatorsCppLargeMotor__Controller.o
LOAD ./src-gen/LegoCarFactoryRefactoringForSync/__Architecture__Controller/ActuatorsCppServoMotor__Controller.o
LOAD ./src-gen/LegoCarFactoryRefactoringForSync/__Architecture__Controller/BackBackControlComponent__Controller.o
LOAD ./src-gen/LegoCarFactoryRefactoringForSync/__Architecture__Controller/BackBackConvoyer__Controller.o
LOAD ./src-gen/LegoCarFactoryRefactoringForSync/__Architecture__Controller/BackBackModuleSystem__Controller.o
LOAD ./src-gen/LegoCarFactoryRefactoringForSync/__Architecture__Controller/BackBackRoboticArm__Controller.o
LOAD ./src-gen/LegoCarFactoryRefactoringForSync/__Architecture__Controller/CarFactoryLibraryPliers__Controller.o
LOAD ./src-gen/LegoCarFactoryRefactoringForSync/__Architecture__Controller/CarFactoryLibraryRack__Controller.o
LOAD ./src-gen/LegoCarFactoryRefactoringForSync/__Architecture__Controller/ConcreteClassesCppSensorMux__Controller.o
LOAD ./src-gen/LegoCarFactoryRefactoringForSync/__Architecture__Controller/EV3BrickCppBlutooth__Controller.o
LOAD ./src-gen/LegoCarFactoryRefactoringForSync/__Architecture__Controller/EV3BrickCppButton__Controller.o
LOAD ./src-gen/LegoCarFactoryRefactoringForSync/__Architecture__Controller/EV3BrickCppLcd__Controller.o
LOAD ./src-gen/LegoCarFactoryRefactoringForSync/__Architecture__Controller/EV3BrickCppLed__Controller.o
LOAD ./src-gen/LegoCarFactoryRefactoringForSync/__Architecture__Controller/EV3BrickCppSound__Controller.o
LOAD ./src-gen/LegoCarFactoryRefactoringForSync/__Architecture__Controller/EV3BrickPackageCppEV3Brick__Controller.o
LOAD ./src-gen/LegoCarFactoryRefactoringForSync/__Architecture__Controller/EV3PapyrusLibraryCppColorSensor__Controller.o
LOAD ./src-gen/LegoCarFactoryRefactoringForSync/__Architecture__Controller/SensorsCppTouchSensor__Controller.o
LOAD ./src-gen/LegoCarFactoryRefactoringForSync/__Architecture__Controller/SlavesSlavePress__Controller.o
LOAD ./src-gen/LegoCarFactoryRefactoringForSync/__Architecture__Controller/SlavesSlaveShelf__Controller.o
LOAD ./src-gen/LegoCarFactoryRefactoringForSync/LegoCarComponents/Modules/Slaves/SlavePress.o
LOAD ./src-gen/LegoCarFactoryRefactoringForSync/LegoCarComponents/Modules/Slaves/SlaveShelf.o
LOAD ./src-gen/LegoCarFactoryRefactoringForSync/LegoCarComponents/Modules/Back/BackControlComponent.o
LOAD ./src-gen/LegoCarFactoryRefactoringForSync/LegoCarComponents/Modules/Back/BackConvoyer.o
LOAD ./src-gen/LegoCarFactoryRefactoringForSync/LegoCarComponents/Modules/Back/BackModuleSystem.o
LOAD ./src-gen/LegoCarFactoryRefactoringForSync/LegoCarComponents/Modules/Back/BackRoboticArm.o
LOAD ./src-gen/EV3PapyrusLibrary/EV3BrickPackage/AbstractEV3Brick.o
LOAD ./src-gen/EV3PapyrusLibrary/EV3BrickPackage/BluetoothPortType.o
LOAD ./src-gen/EV3PapyrusLibrary/EV3BrickPackage/CppEV3Brick.o
LOAD ./src-gen/EV3PapyrusLibrary/ConcreteClasses/ev3devCpp/Sensors/CppTouchSensor.o
LOAD ./src-gen/EV3PapyrusLibrary/ConcreteClasses/ev3devCpp/EV3Brick/CppBlutooth.o
LOAD ./src-gen/EV3PapyrusLibrary/ConcreteClasses/ev3devCpp/EV3Brick/CppButton.o
LOAD ./src-gen/EV3PapyrusLibrary/ConcreteClasses/ev3devCpp/EV3Brick/CppDevice.o
LOAD ./src-gen/EV3PapyrusLibrary/ConcreteClasses/ev3devCpp/EV3Brick/CppLcd.o
LOAD ./src-gen/EV3PapyrusLibrary/ConcreteClasses/ev3devCpp/EV3Brick/CppLed.o
LOAD ./src-gen/EV3PapyrusLibrary/ConcreteClasses/ev3devCpp/EV3Brick/CppSound.o
LOAD ./src-gen/EV3PapyrusLibrary/ConcreteClasses/ev3devCpp/Actuators/CppLargeMotor.o
LOAD ./src-gen/EV3PapyrusLibrary/ConcreteClasses/ev3devCpp/Actuators/CppServoMotor.o
LOAD ./src-gen/EV3PapyrusLibrary/ConcreteClasses/ev3devCpp/CppNxtServo.o
LOAD ./src-gen/EV3PapyrusLibrary/AbstractClasses/Sensors/AbstractSensor.o
LOAD ./src-gen/EV3PapyrusLibrary/AbstractClasses/Sensors/AbstractTouchSensor.o
LOAD ./src-gen/EV3PapyrusLibrary/AbstractClasses/EV3Brick/AbstractBlutooth.o
LOAD ./src-gen/EV3PapyrusLibrary/AbstractClasses/EV3Brick/AbstractButton.o
LOAD ./src-gen/EV3PapyrusLibrary/AbstractClasses/EV3Brick/AbstractDevice.o
LOAD ./src-gen/EV3PapyrusLibrary/AbstractClasses/EV3Brick/AbstractLcd.o
LOAD ./src-gen/EV3PapyrusLibrary/AbstractClasses/EV3Brick/AbstractLed.o
LOAD ./src-gen/EV3PapyrusLibrary/AbstractClasses/EV3Brick/AbstractSound.o
LOAD ./src-gen/EV3PapyrusLibrary/AbstractClasses/Actuators/AbstractLargeMotor.o
LOAD ./src-gen/EV3PapyrusLibrary/AbstractClasses/Actuators/AbstractMotor.o
LOAD ./src-gen/EV3PapyrusLibrary/AbstractClasses/Actuators/AbstractServoMotor.o
LOAD ./src-gen/EV3PapyrusLibrary/AbstractClasses/AbstractNxtServo.o
LOAD ./src-gen/EV3PapyrusLibrary/AbstractColorSensor.o
LOAD ./src-gen/EV3PapyrusLibrary/CppColorSensor.o
LOAD ./src-gen/CarFactoryLibrary/Conveyor.o
LOAD ./src-gen/CarFactoryLibrary/Module.o
LOAD ./src-gen/CarFactoryLibrary/Pliers.o
LOAD ./src-gen/CarFactoryLibrary/Press.o
LOAD ./src-gen/CarFactoryLibrary/Rack.o
LOAD ./src-gen/CarFactoryLibrary/RoboticArm.o
LOAD ./src-gen/CarFactoryLibrary/Shelf.o
LOAD ./src-gen/BootLoaderCpp/BootLoader.o
LOAD ./src-gen/BootLoaderCpp/NodeInfo.o
LOAD /usr/lib/gcc-cross/arm-linux-gnueabi/5/../../../../arm-linux-gnueabi/lib/../lib/libpthread.so
START GROUP
LOAD /usr/arm-linux-gnueabi/lib/libpthread.so.0
LOAD /usr/arm-linux-gnueabi/lib/libpthread_nonshared.a
END GROUP
LOAD /usr/lib/gcc-cross/arm-linux-gnueabi/5/libstdc++.so
LOAD /home/campv/Documents/lego/papyrus4Lego/official/externalLibraries/org.eclipse.papyrus.lego.library.ev3dev-lang.cpp/lib/libev3dev.a
LOAD /usr/lib/gcc-cross/arm-linux-gnueabi/5/../../../../arm-linux-gnueabi/lib/../lib/libbluetooth.so
LOAD /usr/lib/gcc-cross/arm-linux-gnueabi/5/libstdc++.so
LOAD /usr/lib/gcc-cross/arm-linux-gnueabi/5/../../../../arm-linux-gnueabi/lib/../lib/libm.so
LOAD /usr/lib/gcc-cross/arm-linux-gnueabi/5/libgcc_s.so
START GROUP
LOAD /usr/lib/gcc-cross/arm-linux-gnueabi/5/libgcc_s.so.1
LOAD /usr/lib/gcc-cross/arm-linux-gnueabi/5/libgcc.a
END GROUP
LOAD /usr/lib/gcc-cross/arm-linux-gnueabi/5/libgcc.a
LOAD /usr/lib/gcc-cross/arm-linux-gnueabi/5/../../../../arm-linux-gnueabi/lib/../lib/libc.so
START GROUP
LOAD /usr/arm-linux-gnueabi/lib/libc.so.6
LOAD /usr/arm-linux-gnueabi/lib/libc_nonshared.a
LOAD /usr/arm-linux-gnueabi/lib/ld-linux.so.3
END GROUP
LOAD /usr/lib/gcc-cross/arm-linux-gnueabi/5/libgcc_s.so
START GROUP
LOAD /usr/lib/gcc-cross/arm-linux-gnueabi/5/libgcc_s.so.1
LOAD /usr/lib/gcc-cross/arm-linux-gnueabi/5/libgcc.a
END GROUP
LOAD /usr/lib/gcc-cross/arm-linux-gnueabi/5/libgcc.a
LOAD /usr/lib/gcc-cross/arm-linux-gnueabi/5/crtend.o
LOAD /usr/lib/gcc-cross/arm-linux-gnueabi/5/../../../../arm-linux-gnueabi/lib/../lib/crtn.o
                [!provide]                PROVIDE (__executable_start, 0x10000)
                0x00010154                . = (0x10000 + SIZEOF_HEADERS)

.interp         0x00010154       0x13
 *(.interp)
 .interp        0x00010154       0x13 /usr/lib/gcc-cross/arm-linux-gnueabi/5/../../../../arm-linux-gnueabi/lib/../lib/crt1.o

.note.ABI-tag   0x00010168       0x20
 .note.ABI-tag  0x00010168       0x20 /usr/lib/gcc-cross/arm-linux-gnueabi/5/../../../../arm-linux-gnueabi/lib/../lib/crt1.o

.note.gnu.build-id
                0x00010188       0x24
 *(.note.gnu.build-id)
 .note.gnu.build-id
                0x00010188       0x24 linker stubs

.hash
 *(.hash)

.gnu.hash       0x000101ac      0x75c
 *(.gnu.hash)
 .gnu.hash      0x000101ac      0x75c /usr/lib/gcc-cross/arm-linux-gnueabi/5/../../../../arm-linux-gnueabi/lib/../lib/crt1.o

.dynsym         0x00010908      0xdc0
 *(.dynsym)
 .dynsym        0x00010908      0xdc0 /usr/lib/gcc-cross/arm-linux-gnueabi/5/../../../../arm-linux-gnueabi/lib/../lib/crt1.o

.dynstr         0x000116c8     0x14c6
 *(.dynstr)
 .dynstr        0x000116c8     0x14c6 /usr/lib/gcc-cross/arm-linux-gnueabi/5/../../../../arm-linux-gnueabi/lib/../lib/crt1.o

.gnu.version    0x00012b8e      0x1b8
 *(.gnu.version)
 .gnu.version   0x00012b8e      0x1b8 /usr/lib/gcc-cross/arm-linux-gnueabi/5/../../../../arm-linux-gnueabi/lib/../lib/crt1.o

.gnu.version_d  0x00012d48        0x0
 *(.gnu.version_d)
 .gnu.version_d
                0x00012d48        0x0 /usr/lib/gcc-cross/arm-linux-gnueabi/5/../../../../arm-linux-gnueabi/lib/../lib/crt1.o

.gnu.version_r  0x00012d48      0x150
 *(.gnu.version_r)
 .gnu.version_r
                0x00012d48      0x150 /usr/lib/gcc-cross/arm-linux-gnueabi/5/../../../../arm-linux-gnueabi/lib/../lib/crt1.o

.rel.dyn        0x00012e98       0xa8
 *(.rel.init)
 *(.rel.text .rel.text.* .rel.gnu.linkonce.t.*)
 *(.rel.fini)
 *(.rel.rodata .rel.rodata.* .rel.gnu.linkonce.r.*)
 *(.rel.data.rel.ro .rel.data.rel.ro.* .rel.gnu.linkonce.d.rel.ro.*)
 *(.rel.data .rel.data.* .rel.gnu.linkonce.d.*)
 *(.rel.tdata .rel.tdata.* .rel.gnu.linkonce.td.*)
 *(.rel.tbss .rel.tbss.* .rel.gnu.linkonce.tb.*)
 *(.rel.ctors)
 *(.rel.dtors)
 *(.rel.got)
 .rel.got       0x00012e98        0x8 /usr/lib/gcc-cross/arm-linux-gnueabi/5/../../../../arm-linux-gnueabi/lib/../lib/crt1.o
 *(.rel.bss .rel.bss.* .rel.gnu.linkonce.b.*)
 .rel.bss       0x00012ea0       0xa0 /usr/lib/gcc-cross/arm-linux-gnueabi/5/../../../../arm-linux-gnueabi/lib/../lib/crt1.o
                [!provide]                PROVIDE (__rel_iplt_start, .)
 *(.rel.iplt)
 .rel.iplt      0x00012f40        0x0 /usr/lib/gcc-cross/arm-linux-gnueabi/5/../../../../arm-linux-gnueabi/lib/../lib/crt1.o
                [!provide]                PROVIDE (__rel_iplt_end, .)

.rela.dyn       0x00012f40        0x0
 *(.rela.init)
 *(.rela.text .rela.text.* .rela.gnu.linkonce.t.*)
 *(.rela.fini)
 *(.rela.rodata .rela.rodata.* .rela.gnu.linkonce.r.*)
 *(.rela.data .rela.data.* .rela.gnu.linkonce.d.*)
 *(.rela.tdata .rela.tdata.* .rela.gnu.linkonce.td.*)
 *(.rela.tbss .rela.tbss.* .rela.gnu.linkonce.tb.*)
 *(.rela.ctors)
 *(.rela.dtors)
 *(.rela.got)
 *(.rela.bss .rela.bss.* .rela.gnu.linkonce.b.*)
                [!provide]                PROVIDE (__rela_iplt_start, .)
 *(.rela.iplt)
                [!provide]                PROVIDE (__rela_iplt_end, .)

.rel.plt        0x00012f40      0x5a0
 *(.rel.plt)
 .rel.plt       0x00012f40      0x5a0 /usr/lib/gcc-cross/arm-linux-gnueabi/5/../../../../arm-linux-gnueabi/lib/../lib/crt1.o

.rela.plt
 *(.rela.plt)

.init           0x000134e0        0xc
 *(SORT(.init))
 .init          0x000134e0        0x8 /usr/lib/gcc-cross/arm-linux-gnueabi/5/../../../../arm-linux-gnueabi/lib/../lib/crti.o
                0x000134e0                _init
 .init          0x000134e8        0x4 /usr/lib/gcc-cross/arm-linux-gnueabi/5/../../../../arm-linux-gnueabi/lib/../lib/crtn.o

.plt            0x000134ec      0x884
 *(.plt)
 .plt           0x000134ec      0x884 /usr/lib/gcc-cross/arm-linux-gnueabi/5/../../../../arm-linux-gnueabi/lib/../lib/crt1.o
                0x00013500                std::ostream::put(char)@@GLIBCXX_3.4
                0x0001350c                operator new(unsigned int)@@GLIBCXX_3.4
                0x00013518                pthread_mutex_lock@@GLIBC_2.4
                0x00013524                std::__detail::_List_node_base::_M_hook(std::__detail::_List_node_base*)@@GLIBCXX_3.4.15
                0x00013530                sqrt@@GLIBC_2.4
                0x0001353c                std::_Rb_tree_insert_and_rebalance(bool, std::_Rb_tree_node_base*, std::_Rb_tree_node_base*, std::_Rb_tree_node_base&)@@GLIBCXX_3.4
                0x00013548                __aeabi_atexit@@CXXABI_ARM_1.3.3
                0x00013554                gettimeofday@@GLIBC_2.4
                0x00013560                std::string::_M_leak_hard()@@GLIBCXX_3.4
                0x0001356c                std::string::compare(char const*) const@@GLIBCXX_3.4
                0x00013578                std::basic_filebuf<char, std::char_traits<char> >::close()@@GLIBCXX_3.4
                0x00013584                std::__basic_file<char>::is_open() const@@GLIBCXX_3.4
                0x00013590                std::basic_ifstream<char, std::char_traits<char> >::~basic_ifstream()@@GLIBCXX_3.4
                0x0001359c                strtol@@GLIBC_2.4
                0x000135a8                free@@GLIBC_2.4
                0x000135b4                str2ba
                0x000135c0                std::ios_base::ios_base()@@GLIBCXX_3.4
                0x000135cc                readdir@@GLIBC_2.4
                0x000135d8                std::basic_istream<char, std::char_traits<char> >& std::getline<char, std::char_traits<char>, std::allocator<char> >(std::basic_istream<char, std::char_traits<char> >&, std::basic_string<char, std::char_traits<char>, std::allocator<char> >&)@@GLIBCXX_3.4
                0x000135e4                std::ios_base::~ios_base()@@GLIBCXX_3.4
                0x000135f0                std::string::substr(unsigned int, unsigned int) const@@GLIBCXX_3.4
                0x000135fc                __aeabi_i2f@@GCC_3.5
                0x00013608                std::__throw_bad_alloc()@@GLIBCXX_3.4
                0x00013614                std::__throw_bad_function_call()@@GLIBCXX_3.4.14
                0x00013620                strncmp@@GLIBC_2.4
                0x0001362c                __open_2@@GLIBC_2.7
                0x00013638                std::istream::seekg(long long, std::_Ios_Seekdir)@@GLIBCXX_3.4
                0x00013644                std::string::assign(char const*, unsigned int)@@GLIBCXX_3.4
                0x00013650                __aeabi_dmul@@GCC_3.5
                0x0001365c                __cxa_begin_catch@@CXXABI_1.3
                0x00013668                __aeabi_uidivmod@@GCC_3.5
                0x00013674                pthread_join@@GLIBC_2.4
                0x00013680                closedir@@GLIBC_2.4
                0x0001368c                std::basic_ostream<char, std::char_traits<char> >& std::endl<char, std::char_traits<char> >(std::basic_ostream<char, std::char_traits<char> >&)@@GLIBCXX_3.4
                0x00013698                __cxa_allocate_exception@@CXXABI_1.3
                0x000136a4                exit@@GLIBC_2.4
                0x000136b0                std::basic_ifstream<char, std::char_traits<char> >::basic_ifstream(std::string const&, std::_Ios_Openmode)@@GLIBCXX_3.4.13
                0x000136bc                std::__throw_length_error(char const*)@@GLIBCXX_3.4
                0x000136c8                pthread_cond_timedwait@@GLIBC_2.4
                0x000136d4                std::basic_ifstream<char, std::char_traits<char> >::open(std::string const&, std::_Ios_Openmode)@@GLIBCXX_3.4.13
                0x000136e0                puts@@GLIBC_2.4
                0x000136ec                __aeabi_ddiv@@GCC_3.5
                0x000136f8                pthread_cond_signal@@GLIBC_2.4
                0x00013704                perror@@GLIBC_2.4
                0x00013710                std::basic_string<char, std::char_traits<char>, std::allocator<char> >::basic_string(std::string const&)@@GLIBCXX_3.4
                0x0001371c                std::string::insert(unsigned int, char const*, unsigned int)@@GLIBCXX_3.4
                0x00013728                std::__throw_invalid_argument(char const*)@@GLIBCXX_3.4
                0x00013734                std::_Rb_tree_decrement(std::_Rb_tree_node_base const*)@@GLIBCXX_3.4
                0x00013740                __cxa_guard_abort@@CXXABI_1.3
                0x0001374c                __fprintf_chk@@GLIBC_2.4
                0x00013758                __aeabi_f2d@@GCC_3.5
                0x00013764                __cxa_guard_release@@CXXABI_1.3
                0x00013770                std::__throw_system_error(int)@@GLIBCXX_3.4.11
                0x0001377c                nanosleep@@GLIBC_2.4
                0x00013788                memset@@GLIBC_2.4
                0x00013794                std::ostream& std::ostream::_M_insert<unsigned long>(unsigned long)@@GLIBCXX_3.4.9
                0x000137a0                std::ostream::flush()@@GLIBCXX_3.4
                0x000137ac                opendir@@GLIBC_2.4
                0x000137b8                std::_Rb_tree_increment(std::_Rb_tree_node_base*)@@GLIBCXX_3.4
                0x000137c4                std::__throw_logic_error(char const*)@@GLIBCXX_3.4
                0x000137d0                __cxa_free_exception@@CXXABI_1.3
                0x000137dc                listen@@GLIBC_2.4
                0x000137e8                std::string::reserve(unsigned int)@@GLIBCXX_3.4
                0x000137f4                close@@GLIBC_2.4
                0x00013800                fopen@@GLIBC_2.4
                0x0001380c                read@@GLIBC_2.4
                0x00013818                std::string::_Rep::_M_destroy(std::allocator<char> const&)@@GLIBCXX_3.4
                0x00013824                abort@@GLIBC_2.4
                0x00013830                ba2str
                0x0001383c                memmove@@GLIBC_2.4
                0x00013848                hci_devba
                0x00013854                ioctl@@GLIBC_2.4
                0x00013860                system@@GLIBC_2.4
                0x0001386c                __aeabi_fdiv@@GCC_3.5
                0x00013878                mmap@@GLIBC_2.4
                0x00013884                std::basic_string<char, std::char_traits<char>, std::allocator<char> >::basic_string(std::string const&, unsigned int, unsigned int)@@GLIBCXX_3.4
                0x00013890                operator delete(void*)@@GLIBCXX_3.4
                0x0001389c                std::basic_ostream<char, std::char_traits<char> >& std::operator<< <std::char_traits<char> >(std::basic_ostream<char, std::char_traits<char> >&, char const*)@@GLIBCXX_3.4
                0x000138a8                std::string::find(char const*, unsigned int, unsigned int) const@@GLIBCXX_3.4
                0x000138b4                __pthread_key_create@@GLIBC_2.4
                0x000138c0                open@@GLIBC_2.4
                0x000138cc                bind@@GLIBC_2.4
                0x000138d8                std::basic_filebuf<char, std::char_traits<char> >::basic_filebuf()@@GLIBCXX_3.4
                0x000138e4                std::_Rb_tree_decrement(std::_Rb_tree_node_base*)@@GLIBCXX_3.4
                0x000138f0                hci_get_route
                0x000138fc                std::system_error::~system_error()@@GLIBCXX_3.4.11
                0x00013908                std::basic_ofstream<char, std::char_traits<char> >::basic_ofstream(char const*, std::_Ios_Openmode)@@GLIBCXX_3.4
                0x00013914                std::string::append(std::string const&)@@GLIBCXX_3.4
                0x00013920                fread@@GLIBC_2.4
                0x0001392c                __stack_chk_fail@@GLIBC_2.4
                0x00013938                __cxa_end_cleanup@@CXXABI_1.3
                0x00013944                std::string::append(char const*, unsigned int)@@GLIBCXX_3.4
                0x00013950                __aeabi_fmul@@GCC_3.5
                0x0001395c                socket@@GLIBC_2.4
                0x00013968                std::basic_string<char, std::char_traits<char>, std::allocator<char> >::basic_string(char const*, std::allocator<char> const&)@@GLIBCXX_3.4
                0x00013974                std::basic_ifstream<char, std::char_traits<char> >::basic_ifstream()@@GLIBCXX_3.4
                0x00013980                std::ctype<char>::_M_widen_init() const@@GLIBCXX_3.4.11
                0x0001398c                __aeabi_dsub@@GCC_3.5
                0x00013998                std::_Rb_tree_increment(std::_Rb_tree_node_base const*)@@GLIBCXX_3.4
                0x000139a4                std::basic_istream<char, std::char_traits<char> >& std::getline<char, std::char_traits<char>, std::allocator<char> >(std::basic_istream<char, std::char_traits<char> >&, std::basic_string<char, std::char_traits<char>, std::allocator<char> >&, char)@@GLIBCXX_3.4
                0x000139b0                __aeabi_dadd@@GCC_3.5
                0x000139bc                __aeabi_f2iz@@GCC_3.5
                0x000139c8                std::basic_ofstream<char, std::char_traits<char> >::open(std::string const&, std::_Ios_Openmode)@@GLIBCXX_3.4.13
                0x000139d4                std::__throw_bad_cast()@@GLIBCXX_3.4
                0x000139e0                hci_read_remote_name
                0x000139ec                std::basic_ostream<char, std::char_traits<char> >& std::__ostream_insert<char, std::char_traits<char> >(std::basic_ostream<char, std::char_traits<char> >&, char const*, int)@@GLIBCXX_3.4.9
                0x000139f8                std::string::assign(std::string const&)@@GLIBCXX_3.4
                0x00013a04                roundf@@GLIBC_2.4
                0x00013a10                pthread_cancel@@GLIBC_2.4
                0x00013a1c                sleep@@GLIBC_2.4
                0x00013a28                pthread_cond_wait@@GLIBC_2.4
                0x00013a34                std::basic_ios<char, std::char_traits<char> >::init(std::basic_streambuf<char, std::char_traits<char> >*)@@GLIBCXX_3.4
                0x00013a40                std::string::clear()@@GLIBCXX_3.4
                0x00013a4c                connect@@GLIBC_2.4
                0x00013a58                calloc@@GLIBC_2.4
                0x00013a64                std::locale::~locale()@@GLIBCXX_3.4
                0x00013a70                std::string::insert(unsigned int, std::string const&)@@GLIBCXX_3.4
                0x00013a7c                __aeabi_fsub@@GCC_3.5
                0x00013a88                __aeabi_uidiv@@GCC_3.5
                0x00013a94                std::__throw_out_of_range(char const*)@@GLIBCXX_3.4
                0x00013aa0                __cxa_rethrow@@CXXABI_1.3
                0x00013aac                fwrite@@GLIBC_2.4
                0x00013ab8                powf@@GLIBC_2.4
                0x00013ac4                std::basic_ofstream<char, std::char_traits<char> >::~basic_ofstream()@@GLIBCXX_3.4
                0x00013ad0                __aeabi_fcmpgt@@GCC_3.5
                0x00013adc                memcpy@@GLIBC_2.4
                0x00013ae8                malloc@@GLIBC_2.4
                0x00013af4                std::__throw_out_of_range_fmt(char const*, ...)@@GLIBCXX_3.4.20
                0x00013b00                strlen@@GLIBC_2.4
                0x00013b0c                std::basic_stringstream<char, std::char_traits<char>, std::allocator<char> >::~basic_stringstream()@@GLIBCXX_3.4
                0x00013b18                std::ios_base::Init::Init()@@GLIBCXX_3.4
                0x00013b24                munmap@@GLIBC_2.4
                0x00013b30                accept@@GLIBC_2.4
                0x00013b3c                std::istream::read(char*, int)@@GLIBCXX_3.4
                0x00013b48                usleep@@GLIBC_2.4
                0x00013b54                std::basic_filebuf<char, std::char_traits<char> >::~basic_filebuf()@@GLIBCXX_3.4
                0x00013b60                fclose@@GLIBC_2.4
                0x00013b6c                std::basic_string<char, std::char_traits<char>, std::allocator<char> >::~basic_string()@@GLIBCXX_3.4
                0x00013b78                write@@GLIBC_2.4
                0x00013b84                std::runtime_error::runtime_error(std::string const&)@@GLIBCXX_3.4
                0x00013b90                std::generic_category()@@GLIBCXX_3.4.11
                0x00013b9c                std::string::_Rep::_S_create(unsigned int, unsigned int, std::allocator<char> const&)@@GLIBCXX_3.4
                0x00013ba8                hci_inquiry
                0x00013bb4                std::__detail::_List_node_base::_M_unhook()@@GLIBCXX_3.4.15
                0x00013bc0                __cxa_end_catch@@CXXABI_1.3
                0x00013bcc                __gxx_personality_v0@@CXXABI_1.3
                0x00013bd8                std::invalid_argument::~invalid_argument()@@GLIBCXX_3.4
                0x00013be4                pthread_create@@GLIBC_2.4
                0x00013bf0                strcmp@@GLIBC_2.4
                0x00013bfc                std::basic_ios<char, std::char_traits<char> >::clear(std::_Ios_Iostate)@@GLIBCXX_3.4
                0x00013c08                std::basic_ofstream<char, std::char_traits<char> >::basic_ofstream()@@GLIBCXX_3.4
                0x00013c14                time@@GLIBC_2.4
                0x00013c20                __cxa_throw@@CXXABI_1.3
                0x00013c2c                std::string::swap(std::string&)@@GLIBCXX_3.4
                0x00013c38                std::ostream::operator<<(int)@@GLIBCXX_3.4
                0x00013c44                std::basic_ofstream<char, std::char_traits<char> >::basic_ofstream(std::string const&, std::_Ios_Openmode)@@GLIBCXX_3.4.13
                0x00013c50                __errno_location@@GLIBC_2.4
                0x00013c5c                std::istream& std::istream::_M_extract<unsigned int>(unsigned int&)@@GLIBCXX_3.4.9
                0x00013c68                memcmp@@GLIBC_2.4
                0x00013c74                __aeabi_d2f@@GCC_3.5
                0x00013c80                std::basic_ios<char, std::char_traits<char> >::~basic_ios()@@GLIBCXX_3.4
                0x00013c8c                __cxa_guard_acquire@@CXXABI_1.3
                0x00013c98                std::invalid_argument::invalid_argument(std::string const&)@@GLIBCXX_3.4
                0x00013ca4                std::basic_ifstream<char, std::char_traits<char> >::basic_ifstream(char const*, std::_Ios_Openmode)@@GLIBCXX_3.4
                0x00013cb0                std::__basic_file<char>::~__basic_file()@@GLIBCXX_3.4
                0x00013cbc                std::string::_M_mutate(unsigned int, unsigned int, unsigned int)@@GLIBCXX_3.4
                0x00013cc8                __libc_start_main@@GLIBC_2.4
                0x00013cd4                std::string::find(char, unsigned int) const@@GLIBCXX_3.4
                0x00013cec                __aeabi_fadd@@GCC_3.5
                0x00013cf8                __cxa_pure_virtual@@CXXABI_1.3
                0x00013d04                acos@@GLIBC_2.4
                0x00013d10                pthread_mutex_unlock@@GLIBC_2.4
                0x00013d1c                hci_open_dev
                0x00013d28                vsnprintf@@GLIBC_2.4
                0x00013d34                __printf_chk@@GLIBC_2.4
                0x00013d40                std::string::compare(std::string const&) const@@GLIBCXX_3.4
                0x00013d4c                std::string::append(unsigned int, char)@@GLIBCXX_3.4
                0x00013d58                std::locale::locale()@@GLIBCXX_3.4
                0x00013d64                std::ios_base::Init::~Init()@@GLIBCXX_3.4

.iplt           0x00013d70        0x0
 *(.iplt)
 .iplt          0x00013d70        0x0 /usr/lib/gcc-cross/arm-linux-gnueabi/5/../../../../arm-linux-gnueabi/lib/../lib/crt1.o

.text           0x00013d70    0x33aec
 *(.text.unlikely .text.*_unlikely .text.unlikely.*)
 .text.unlikely
                0x00013d70       0x54 ./src-gen/OtherComponentsPapyrusLibrary/ConcreteClasses/CppLedStatus.o
 .text.unlikely
                0x00013dc4       0x54 ./src-gen/LegoCarFactoryRefactoringForSync/LegoCarComponents/Modules/Slaves/SlavePress.o
 .text.unlikely
                0x00013e18       0x54 ./src-gen/LegoCarFactoryRefactoringForSync/LegoCarComponents/Modules/Slaves/SlaveShelf.o
 .text.unlikely
                0x00013e6c       0x54 ./src-gen/LegoCarFactoryRefactoringForSync/LegoCarComponents/Modules/Back/BackControlComponent.o
 .text.unlikely
                0x00013ec0       0x54 ./src-gen/LegoCarFactoryRefactoringForSync/LegoCarComponents/Modules/Back/BackConvoyer.o
 .text.unlikely
                0x00013f14       0x54 ./src-gen/LegoCarFactoryRefactoringForSync/LegoCarComponents/Modules/Back/BackModuleSystem.o
 .text.unlikely
                0x00013f68       0x54 ./src-gen/LegoCarFactoryRefactoringForSync/LegoCarComponents/Modules/Back/BackRoboticArm.o
 .text.unlikely
                0x00013fbc       0x54 ./src-gen/EV3PapyrusLibrary/EV3BrickPackage/CppEV3Brick.o
 .text.unlikely
                0x00014010       0x54 ./src-gen/EV3PapyrusLibrary/ConcreteClasses/ev3devCpp/Sensors/CppTouchSensor.o
 .text.unlikely
                0x00014064       0x54 ./src-gen/EV3PapyrusLibrary/ConcreteClasses/ev3devCpp/EV3Brick/CppLcd.o
 .text.unlikely
                0x000140b8       0x54 ./src-gen/EV3PapyrusLibrary/ConcreteClasses/ev3devCpp/EV3Brick/CppLed.o
 .text.unlikely
                0x0001410c       0x54 ./src-gen/EV3PapyrusLibrary/ConcreteClasses/ev3devCpp/Actuators/CppLargeMotor.o
 .text.unlikely
                0x00014160       0x54 ./src-gen/EV3PapyrusLibrary/ConcreteClasses/ev3devCpp/Actuators/CppServoMotor.o
 .text.unlikely
                0x000141b4       0x54 ./src-gen/EV3PapyrusLibrary/ConcreteClasses/ev3devCpp/CppNxtServo.o
 .text.unlikely
                0x00014208       0x54 ./src-gen/EV3PapyrusLibrary/CppColorSensor.o
 .text.unlikely
                0x0001425c       0x54 ./src-gen/CarFactoryLibrary/Conveyor.o
 .text.unlikely
                0x000142b0       0x54 ./src-gen/CarFactoryLibrary/Pliers.o
 .text.unlikely
                0x00014304       0x54 ./src-gen/CarFactoryLibrary/Press.o
 .text.unlikely
                0x00014358       0x54 ./src-gen/CarFactoryLibrary/Rack.o
 .text.unlikely
                0x000143ac       0x54 ./src-gen/CarFactoryLibrary/RoboticArm.o
 .text.unlikely
                0x00014400       0x54 ./src-gen/CarFactoryLibrary/Shelf.o
 *(.text.exit .text.exit.*)
 *(.text.startup .text.startup.*)
 .text.startup  0x00014454      0x1b4 ./src-gen/OtherComponentsPapyrusLibrary/ConcreteClasses/CppLedStatus.o
 .text.startup  0x00014608       0x34 ./src-gen/OtherComponentsPapyrusLibrary/AbstractClasses/AbstractLedStatus.o
 .text.startup  0x0001463c      0x198 ./src-gen/MindsensorsPapyrusLibrary/ConcreteClasses/CppSensorMux.o
 .text.startup  0x000147d4      0x198 ./src-gen/MindsensorsPapyrusLibrary/AbstractClasses/AbstractSensorMux.o
 .text.startup  0x0001496c      0x198 ./src-gen/LegoCarFactoryRefactoringForSync/__Architecture__Controller/ActuatorsCppLargeMotor__Controller.o
 .text.startup  0x00014b04      0x198 ./src-gen/LegoCarFactoryRefactoringForSync/__Architecture__Controller/ActuatorsCppServoMotor__Controller.o
 .text.startup  0x00014c9c      0x1b4 ./src-gen/LegoCarFactoryRefactoringForSync/__Architecture__Controller/BackBackControlComponent__Controller.o
 .text.startup  0x00014e50      0x1b4 ./src-gen/LegoCarFactoryRefactoringForSync/__Architecture__Controller/BackBackConvoyer__Controller.o
 .text.startup  0x00015004      0x1b4 ./src-gen/LegoCarFactoryRefactoringForSync/__Architecture__Controller/BackBackModuleSystem__Controller.o
 .text.startup  0x000151b8      0x1b4 ./src-gen/LegoCarFactoryRefactoringForSync/__Architecture__Controller/BackBackRoboticArm__Controller.o
 .text.startup  0x0001536c      0x198 ./src-gen/LegoCarFactoryRefactoringForSync/__Architecture__Controller/CarFactoryLibraryPliers__Controller.o
 .text.startup  0x00015504      0x198 ./src-gen/LegoCarFactoryRefactoringForSync/__Architecture__Controller/CarFactoryLibraryRack__Controller.o
 .text.startup  0x0001569c      0x198 ./src-gen/LegoCarFactoryRefactoringForSync/__Architecture__Controller/ConcreteClassesCppSensorMux__Controller.o
 .text.startup  0x00015834      0x198 ./src-gen/LegoCarFactoryRefactoringForSync/__Architecture__Controller/EV3BrickCppBlutooth__Controller.o
 .text.startup  0x000159cc      0x198 ./src-gen/LegoCarFactoryRefactoringForSync/__Architecture__Controller/EV3BrickCppButton__Controller.o
 .text.startup  0x00015b64      0x198 ./src-gen/LegoCarFactoryRefactoringForSync/__Architecture__Controller/EV3BrickCppLcd__Controller.o
 .text.startup  0x00015cfc      0x198 ./src-gen/LegoCarFactoryRefactoringForSync/__Architecture__Controller/EV3BrickCppLed__Controller.o
 .text.startup  0x00015e94      0x198 ./src-gen/LegoCarFactoryRefactoringForSync/__Architecture__Controller/EV3BrickCppSound__Controller.o
 .text.startup  0x0001602c      0x198 ./src-gen/LegoCarFactoryRefactoringForSync/__Architecture__Controller/EV3BrickPackageCppEV3Brick__Controller.o
 .text.startup  0x000161c4      0x198 ./src-gen/LegoCarFactoryRefactoringForSync/__Architecture__Controller/EV3PapyrusLibraryCppColorSensor__Controller.o
 .text.startup  0x0001635c      0x198 ./src-gen/LegoCarFactoryRefactoringForSync/__Architecture__Controller/SensorsCppTouchSensor__Controller.o
 .text.startup  0x000164f4      0x1b4 ./src-gen/LegoCarFactoryRefactoringForSync/__Architecture__Controller/SlavesSlavePress__Controller.o
 .text.startup  0x000166a8      0x1b4 ./src-gen/LegoCarFactoryRefactoringForSync/__Architecture__Controller/SlavesSlaveShelf__Controller.o
 .text.startup  0x0001685c      0x1b4 ./src-gen/LegoCarFactoryRefactoringForSync/LegoCarComponents/Modules/Slaves/SlavePress.o
 .text.startup  0x00016a10      0x1b4 ./src-gen/LegoCarFactoryRefactoringForSync/LegoCarComponents/Modules/Slaves/SlaveShelf.o
 .text.startup  0x00016bc4      0x1b4 ./src-gen/LegoCarFactoryRefactoringForSync/LegoCarComponents/Modules/Back/BackControlComponent.o
 .text.startup  0x00016d78      0x1b4 ./src-gen/LegoCarFactoryRefactoringForSync/LegoCarComponents/Modules/Back/BackConvoyer.o
 .text.startup  0x00016f2c      0x1b4 ./src-gen/LegoCarFactoryRefactoringForSync/LegoCarComponents/Modules/Back/BackModuleSystem.o
 .text.startup  0x000170e0      0x1b4 ./src-gen/LegoCarFactoryRefactoringForSync/LegoCarComponents/Modules/Back/BackRoboticArm.o
 .text.startup  0x00017294      0x198 ./src-gen/EV3PapyrusLibrary/EV3BrickPackage/AbstractEV3Brick.o
 .text.startup  0x0001742c      0x198 ./src-gen/EV3PapyrusLibrary/EV3BrickPackage/CppEV3Brick.o
 .text.startup  0x000175c4      0x198 ./src-gen/EV3PapyrusLibrary/ConcreteClasses/ev3devCpp/Sensors/CppTouchSensor.o
 .text.startup  0x0001775c      0x198 ./src-gen/EV3PapyrusLibrary/ConcreteClasses/ev3devCpp/EV3Brick/CppBlutooth.o
 .text.startup  0x000178f4      0x198 ./src-gen/EV3PapyrusLibrary/ConcreteClasses/ev3devCpp/EV3Brick/CppButton.o
 .text.startup  0x00017a8c      0x198 ./src-gen/EV3PapyrusLibrary/ConcreteClasses/ev3devCpp/EV3Brick/CppDevice.o
 .text.startup  0x00017c24      0x1b4 ./src-gen/EV3PapyrusLibrary/ConcreteClasses/ev3devCpp/EV3Brick/CppLcd.o
 .text.startup  0x00017dd8      0x198 ./src-gen/EV3PapyrusLibrary/ConcreteClasses/ev3devCpp/EV3Brick/CppLed.o
 .text.startup  0x00017f70      0x198 ./src-gen/EV3PapyrusLibrary/ConcreteClasses/ev3devCpp/EV3Brick/CppSound.o
 .text.startup  0x00018108      0x198 ./src-gen/EV3PapyrusLibrary/ConcreteClasses/ev3devCpp/Actuators/CppLargeMotor.o
 .text.startup  0x000182a0      0x198 ./src-gen/EV3PapyrusLibrary/ConcreteClasses/ev3devCpp/Actuators/CppServoMotor.o
 .text.startup  0x00018438      0x198 ./src-gen/EV3PapyrusLibrary/ConcreteClasses/ev3devCpp/CppNxtServo.o
 .text.startup  0x000185d0      0x198 ./src-gen/EV3PapyrusLibrary/AbstractClasses/Sensors/AbstractSensor.o
 .text.startup  0x00018768      0x198 ./src-gen/EV3PapyrusLibrary/AbstractClasses/Sensors/AbstractTouchSensor.o
 .text.startup  0x00018900      0x198 ./src-gen/EV3PapyrusLibrary/AbstractClasses/EV3Brick/AbstractBlutooth.o
 .text.startup  0x00018a98      0x198 ./src-gen/EV3PapyrusLibrary/AbstractClasses/EV3Brick/AbstractDevice.o
 .text.startup  0x00018c30      0x198 ./src-gen/EV3PapyrusLibrary/AbstractClasses/EV3Brick/AbstractLcd.o
 .text.startup  0x00018dc8      0x198 ./src-gen/EV3PapyrusLibrary/AbstractClasses/EV3Brick/AbstractLed.o
 .text.startup  0x00018f60      0x198 ./src-gen/EV3PapyrusLibrary/AbstractClasses/EV3Brick/AbstractSound.o
 .text.startup  0x000190f8      0x198 ./src-gen/EV3PapyrusLibrary/AbstractClasses/Actuators/AbstractLargeMotor.o
 .text.startup  0x00019290      0x198 ./src-gen/EV3PapyrusLibrary/AbstractClasses/Actuators/AbstractMotor.o
 .text.startup  0x00019428      0x198 ./src-gen/EV3PapyrusLibrary/AbstractClasses/Actuators/AbstractServoMotor.o
 .text.startup  0x000195c0      0x198 ./src-gen/EV3PapyrusLibrary/AbstractClasses/AbstractNxtServo.o
 .text.startup  0x00019758      0x198 ./src-gen/EV3PapyrusLibrary/AbstractColorSensor.o
 .text.startup  0x000198f0      0x198 ./src-gen/EV3PapyrusLibrary/CppColorSensor.o
 .text.startup  0x00019a88      0x198 ./src-gen/CarFactoryLibrary/Conveyor.o
 .text.startup  0x00019c20      0x274 ./src-gen/CarFactoryLibrary/Module.o
 .text.startup  0x00019e94      0x198 ./src-gen/CarFactoryLibrary/Pliers.o
 .text.startup  0x0001a02c      0x198 ./src-gen/CarFactoryLibrary/Press.o
 .text.startup  0x0001a1c4      0x198 ./src-gen/CarFactoryLibrary/Rack.o
 .text.startup  0x0001a35c      0x198 ./src-gen/CarFactoryLibrary/RoboticArm.o
 .text.startup  0x0001a4f4      0x198 ./src-gen/CarFactoryLibrary/Shelf.o
 .text.startup  0x0001a68c      0x220 ./src-gen/BootLoaderCpp/BootLoader.o
                0x0001a68c                main
 .text.startup  0x0001a8ac      0xbb4 /home/campv/Documents/lego/papyrus4Lego/official/externalLibraries/org.eclipse.papyrus.lego.library.ev3dev-lang.cpp/lib/libev3dev.a(ev3dev.o)
 *(.text.hot .text.hot.*)
 *(.text .stub .text.* .gnu.linkonce.t.*)
 .text          0x0001b460       0x3c /usr/lib/gcc-cross/arm-linux-gnueabi/5/../../../../arm-linux-gnueabi/lib/../lib/crt1.o
                0x0001b460                _start
 .text          0x0001b49c       0x24 /usr/lib/gcc-cross/arm-linux-gnueabi/5/../../../../arm-linux-gnueabi/lib/../lib/crti.o
 .text          0x0001b4c0       0xc8 /usr/lib/gcc-cross/arm-linux-gnueabi/5/crtbegin.o
 .text          0x0001b588      0x41c ./src-gen/statemachine/EventPriorityQueue.o
                0x0001b588                statemachine::EventPriorityQueue::EventPriorityQueue(unsigned int, statemachine::Event_t*)
                0x0001b588                statemachine::EventPriorityQueue::EventPriorityQueue(unsigned int, statemachine::Event_t*)
                0x0001b634                statemachine::EventPriorityQueue::push(statemachine::EventPriority_t, void*, unsigned int, statemachine::EventType_t, unsigned int, int)
                0x0001b798                statemachine::EventPriorityQueue::pop(bool)
                0x0001b90c                statemachine::EventPriorityQueue::saveDeferred(statemachine::Event_t&)
                0x0001b9a0                statemachine::EventPriorityQueue::heapify()
 .text          0x0001b9a4       0x28 ./src-gen/statemachine/StructForThread_t.o
                0x0001b9a4                statemachine::StructForThread_t::StructForThread_t(void*, unsigned int, char, char, unsigned int)
                0x0001b9a4                statemachine::StructForThread_t::StructForThread_t(void*, unsigned int, char, char, unsigned int)
                0x0001b9c8                statemachine::StructForThread_t::StructForThread_t()
                0x0001b9c8                statemachine::StructForThread_t::StructForThread_t()
 .text          0x0001b9cc      0x274 ./src-gen/OtherComponentsPapyrusLibrary/ConcreteClasses/CppLedStatus.o
                0x0001b9cc                OtherComponentsPapyrusLibrary::ConcreteClasses::CppLedStatus::all_led_on()
                0x0001b9e0                OtherComponentsPapyrusLibrary::ConcreteClasses::CppLedStatus::all_led_off()
                0x0001b9f4                OtherComponentsPapyrusLibrary::ConcreteClasses::CppLedStatus::red_led()
                0x0001ba08                OtherComponentsPapyrusLibrary::ConcreteClasses::CppLedStatus::orange_led()
                0x0001ba1c                OtherComponentsPapyrusLibrary::ConcreteClasses::CppLedStatus::green_led()
                0x0001ba30                OtherComponentsPapyrusLibrary::ConcreteClasses::CppLedStatus::CppLedStatus(std::string, std::string, std::string)
                0x0001ba30                OtherComponentsPapyrusLibrary::ConcreteClasses::CppLedStatus::CppLedStatus(std::string, std::string, std::string)
                0x0001bc1c                OtherComponentsPapyrusLibrary::ConcreteClasses::CppLedStatus::CppLedStatus()
                0x0001bc1c                OtherComponentsPapyrusLibrary::ConcreteClasses::CppLedStatus::CppLedStatus()
 .text          0x0001bc40      0xa24 ./src-gen/MindsensorsPapyrusLibrary/ConcreteClasses/CppSensorMux.o
                0x0001bc40                MindsensorsPapyrusLibrary::ConcreteClasses::CppSensorMux::connected()
                0x0001bc54                MindsensorsPapyrusLibrary::ConcreteClasses::CppSensorMux::type_name()
                0x0001bc9c                MindsensorsPapyrusLibrary::ConcreteClasses::CppSensorMux::get_attr_string(std::string&)
                0x0001bce4                MindsensorsPapyrusLibrary::ConcreteClasses::CppSensorMux::bin_data()
                0x0001bd68                MindsensorsPapyrusLibrary::ConcreteClasses::CppSensorMux::set_attr_string(std::string&, std::string&)
                0x0001bd7c                MindsensorsPapyrusLibrary::ConcreteClasses::CppSensorMux::get_attr_set(std::string&, std::string*)
                0x0001bdc4                MindsensorsPapyrusLibrary::ConcreteClasses::CppSensorMux::connect(std::string&, std::string&, std::map<std::string, std::set<std::string, std::less<std::string>, std::allocator<std::string> >, std::less<std::string>, std::allocator<std::pair<std::string const, std::set<std::string, std::less<std::string>, std::allocator<std::string> > > > >&)
                0x0001bdd8                MindsensorsPapyrusLibrary::ConcreteClasses::CppSensorMux::device_index()
                0x0001bdec                MindsensorsPapyrusLibrary::ConcreteClasses::CppSensorMux::get_attr_int(std::string&)
                0x0001be00                MindsensorsPapyrusLibrary::ConcreteClasses::CppSensorMux::set_attr_int(std::string&, int)
                0x0001be14                MindsensorsPapyrusLibrary::ConcreteClasses::CppSensorMux::get_attr_line(std::string&)
                0x0001be5c                MindsensorsPapyrusLibrary::ConcreteClasses::CppSensorMux::get_attr_from_set(std::string&)
                0x0001bf08                MindsensorsPapyrusLibrary::ConcreteClasses::CppSensorMux::mode()
                0x0001bfec                MindsensorsPapyrusLibrary::ConcreteClasses::CppSensorMux::driver_name()
                0x0001c0d0                MindsensorsPapyrusLibrary::ConcreteClasses::CppSensorMux::port_name()
                0x0001c1b4                MindsensorsPapyrusLibrary::ConcreteClasses::CppSensorMux::bin_data_format()
                0x0001c298                MindsensorsPapyrusLibrary::ConcreteClasses::CppSensorMux::modes()
                0x0001c380                MindsensorsPapyrusLibrary::ConcreteClasses::CppSensorMux::set_mode(std::string)
                0x0001c4d8                MindsensorsPapyrusLibrary::ConcreteClasses::CppSensorMux::CppSensorMux(std::string, std::vector<std::string, std::allocator<std::string> >)
                0x0001c4d8                MindsensorsPapyrusLibrary::ConcreteClasses::CppSensorMux::CppSensorMux(std::string, std::vector<std::string, std::allocator<std::string> >)
 .text          0x0001c664       0x20 ./src-gen/LegoCarFactoryRefactoringForSync/__Architecture__Controller/ActuatorsCppLargeMotor__Controller.o
                0x0001c664                LegoCarFactoryRefactoringForSync::__Architecture__Controller::ActuatorsCppLargeMotor__Controller::get_largeMotorPort()
                0x0001c670                LegoCarFactoryRefactoringForSync::__Architecture__Controller::ActuatorsCppLargeMotor__Controller::ActuatorsCppLargeMotor__Controller(EV3PapyrusLibrary::ConcreteClasses::ev3devCpp::Actuators::CppLargeMotor*)
                0x0001c670                LegoCarFactoryRefactoringForSync::__Architecture__Controller::ActuatorsCppLargeMotor__Controller::ActuatorsCppLargeMotor__Controller(EV3PapyrusLibrary::ConcreteClasses::ev3devCpp::Actuators::CppLargeMotor*)
 .text          0x0001c684       0x20 ./src-gen/LegoCarFactoryRefactoringForSync/__Architecture__Controller/ActuatorsCppServoMotor__Controller.o
                0x0001c684                LegoCarFactoryRefactoringForSync::__Architecture__Controller::ActuatorsCppServoMotor__Controller::get_servoMotorPort()
                0x0001c690                LegoCarFactoryRefactoringForSync::__Architecture__Controller::ActuatorsCppServoMotor__Controller::ActuatorsCppServoMotor__Controller(EV3PapyrusLibrary::ConcreteClasses::ev3devCpp::Actuators::CppServoMotor*)
                0x0001c690                LegoCarFactoryRefactoringForSync::__Architecture__Controller::ActuatorsCppServoMotor__Controller::ActuatorsCppServoMotor__Controller(EV3PapyrusLibrary::ConcreteClasses::ev3devCpp::Actuators::CppServoMotor*)
 .text          0x0001c6a4     0x17fc ./src-gen/LegoCarFactoryRefactoringForSync/__Architecture__Controller/BackBackControlComponent__Controller.o
                0x0001c6a4                LegoCarFactoryRefactoringForSync::__Architecture__Controller::BackBackControlComponent__Controller::get_pErrDetect()
                0x0001c6bc                LegoCarFactoryRefactoringForSync::__Architecture__Controller::BackBackControlComponent__Controller::get_pEndOfMo()
                0x0001c6d0                LegoCarFactoryRefactoringForSync::__Architecture__Controller::BackBackControlComponent__Controller::get_pLCD()
                0x0001c6e4                LegoCarFactoryRefactoringForSync::__Architecture__Controller::BackBackControlComponent__Controller::get_pModule()
                0x0001c6f4                LegoCarFactoryRefactoringForSync::__Architecture__Controller::BackBackControlComponent__Controller::connect_pOutStopProcess_Shelf(IPush<LegoCarFactoryRefactoringForSync::signals::StopProcess>*)
                0x0001c708                LegoCarFactoryRefactoringForSync::__Architecture__Controller::BackBackControlComponent__Controller::connect_pOutStopProcess_RoboticArm(IPush<LegoCarFactoryRefactoringForSync::signals::StopProcess>*)
                0x0001c71c                LegoCarFactoryRefactoringForSync::__Architecture__Controller::BackBackControlComponent__Controller::connect_pStopProcess_Convoyer(IPush<LegoCarFactoryRefactoringForSync::signals::StopProcess>*)
                0x0001c730                LegoCarFactoryRefactoringForSync::__Architecture__Controller::BackBackControlComponent__Controller::connect_pOutRestart_Shelf(IPush<LegoCarFactoryRefactoringForSync::signals::RestartAfterEmergencyStop>*)
                0x0001c744                LegoCarFactoryRefactoringForSync::__Architecture__Controller::BackBackControlComponent__Controller::connect_pOutRestart_Convoyer(IPush<LegoCarFactoryRefactoringForSync::signals::RestartAfterEmergencyStop>*)
                0x0001c758                LegoCarFactoryRefactoringForSync::__Architecture__Controller::BackBackControlComponent__Controller::connect_pOutRestart_Robotic(IPush<LegoCarFactoryRefactoringForSync::signals::RestartAfterEmergencyStop>*)
                0x0001c76c                LegoCarFactoryRefactoringForSync::__Architecture__Controller::BackBackControlComponent__Controller::connect_pPrepare(IPush<LegoCarFactoryRefactoringForSync::signals::PrepareConveyor>*)
                0x0001c780                LegoCarFactoryRefactoringForSync::__Architecture__Controller::BackBackControlComponent__Controller::connect_pOutStopProcess_Press(IPush<LegoCarFactoryRefactoringForSync::signals::StopProcess>*)
                0x0001c794                LegoCarFactoryRefactoringForSync::__Architecture__Controller::BackBackControlComponent__Controller::connect_pOutRestart_Press(IPush<LegoCarFactoryRefactoringForSync::signals::RestartAfterEmergencyStop>*)
                0x0001c7a8                LegoCarFactoryRefactoringForSync::__Architecture__Controller::BackBackControlComponent__Controller::connect_pOutDelivered(IPush<CarFactoryLibrary::events::DeliveredCarConveyor>*)
                0x0001c7bc                LegoCarFactoryRefactoringForSync::__Architecture__Controller::BackBackControlComponent__Controller::connect_pOutCheckRack(IPush<CarFactoryLibrary::events::CheckRack>*)
                0x0001c7d0                LegoCarFactoryRefactoringForSync::__Architecture__Controller::BackBackControlComponent__Controller::push(CarFactoryLibrary::events::EndOfModule&)
                0x0001c808                LegoCarFactoryRefactoringForSync::__Architecture__Controller::BackBackControlComponent__Controller::push(CarFactoryLibrary::events::ErrorDetection&)
                0x0001c844                non-virtual thunk to LegoCarFactoryRefactoringForSync::__Architecture__Controller::BackBackControlComponent__Controller::push(CarFactoryLibrary::events::ErrorDetection&)
                0x0001c84c                LegoCarFactoryRefactoringForSync::__Architecture__Controller::BackBackControlComponent__Controller::BackBackControlComponent__Controller(LegoCarFactoryRefactoringForSync::LegoCarComponents::Modules::Back::BackControlComponent*)
                0x0001c84c                LegoCarFactoryRefactoringForSync::__Architecture__Controller::BackBackControlComponent__Controller::BackBackControlComponent__Controller(LegoCarFactoryRefactoringForSync::LegoCarComponents::Modules::Back::BackControlComponent*)
                0x0001c910                LegoCarFactoryRefactoringForSync::__Architecture__Controller::BackBackControlComponent__Controller::startBehavior()
                0x0001cb40                LegoCarFactoryRefactoringForSync::__Architecture__Controller::BackBackControlComponent__Controller::stopBehavior()
                0x0001cbe8                LegoCarFactoryRefactoringForSync::__Architecture__Controller::BackBackControlComponent__Controller::~BackBackControlComponent__Controller()
                0x0001cbe8                LegoCarFactoryRefactoringForSync::__Architecture__Controller::BackBackControlComponent__Controller::~BackBackControlComponent__Controller()
                0x0001cc14                LegoCarFactoryRefactoringForSync::__Architecture__Controller::BackBackControlComponent__Controller::processTE_50_ms_()
                0x0001cc20                LegoCarFactoryRefactoringForSync::__Architecture__Controller::BackBackControlComponent__Controller::StateEntry(unsigned int)
                0x0001cd34                LegoCarFactoryRefactoringForSync::__Architecture__Controller::BackBackControlComponent__Controller::StateExit(unsigned int)
                0x0001cd38                LegoCarFactoryRefactoringForSync::__Architecture__Controller::BackBackControlComponent__Controller::StateDoActivity(unsigned int)
                0x0001cd70                LegoCarFactoryRefactoringForSync::__Architecture__Controller::BackBackControlComponent__Controller::doCallActivity(int)
                0x0001cecc                LegoCarFactoryRefactoringForSync::__Architecture__Controller::BackBackControlComponent__Controller::setFlag(int, char, bool)
                0x0001d050                LegoCarFactoryRefactoringForSync::__Architecture__Controller::BackBackControlComponent__Controller::EmnergencyStopState_Region1_Exit()
                0x0001d080                LegoCarFactoryRefactoringForSync::__Architecture__Controller::BackBackControlComponent__Controller::PrincipalState_Region1_Exit()
                0x0001d0e8                LegoCarFactoryRefactoringForSync::__Architecture__Controller::BackBackControlComponent__Controller::PrincipalState_Region2_Exit()
                0x0001d18c                LegoCarFactoryRefactoringForSync::__Architecture__Controller::BackBackControlComponent__Controller::processErrorDetection(CarFactoryLibrary::events::ErrorDetection&)
                0x0001d1a4                LegoCarFactoryRefactoringForSync::__Architecture__Controller::BackBackControlComponent__Controller::PrincipalState_Region2_Enter(char)
                0x0001d21c                LegoCarFactoryRefactoringForSync::__Architecture__Controller::BackBackControlComponent__Controller::processEndOfModule(CarFactoryLibrary::events::EndOfModule&)
                0x0001d234                LegoCarFactoryRefactoringForSync::__Architecture__Controller::BackBackControlComponent__Controller::processCompletionEvent()
                0x0001d8d8                LegoCarFactoryRefactoringForSync::__Architecture__Controller::BackBackControlComponent__Controller::dispatchEvent()
                0x0001da90                LegoCarFactoryRefactoringForSync::__Architecture__Controller::BackBackControlComponent__Controller::PrincipalState_Region1_Enter(char)
                0x0001daa4                LegoCarFactoryRefactoringForSync::__Architecture__Controller::BackBackControlComponent__Controller::EmnergencyStopState_Region1_Enter(char)
                0x0001dac8                LegoCarFactoryRefactoringForSync::__Architecture__Controller::BackBackControlComponent__Controller::BackControlStateMachine_Region1_Enter(char)
                0x0001db04                LegoCarFactoryRefactoringForSync::__Architecture__Controller::BackBackControlComponent__Controller::listenTimeEvent(int, int)
                0x0001dd20                LegoCarFactoryRefactoringForSync::__Architecture__Controller::BackBackControlComponent__Controller::thread_func_wrapper(void*)
                0x0001de10                LegoCarFactoryRefactoringForSync::__Architecture__Controller::BackBackControlComponent__Controller::regionCall(int, char)
                0x0001de3c                LegoCarFactoryRefactoringForSync::__Architecture__Controller::BackBackControlComponent__Controller::exitRegionCall(int)
                0x0001de64                LegoCarFactoryRefactoringForSync::__Architecture__Controller::BackBackControlComponent__Controller::connect_pFloatMotor(CarFactoryLibrary::CommunicationInterfaces::IRoboticArmFloatMotor*)
                0x0001de78                LegoCarFactoryRefactoringForSync::__Architecture__Controller::BackBackControlComponent__Controller::connect_pLargeMotorConvoyer(EV3PapyrusLibrary::Interfaces::Actuators::ILargeMotor*)
                0x0001de8c                LegoCarFactoryRefactoringForSync::__Architecture__Controller::BackBackControlComponent__Controller::connect_pLargeMotorPress(EV3PapyrusLibrary::Interfaces::Actuators::ILargeMotor*)
 .text          0x0001dea0      0xfa8 ./src-gen/LegoCarFactoryRefactoringForSync/__Architecture__Controller/BackBackConvoyer__Controller.o
                0x0001dea0                LegoCarFactoryRefactoringForSync::__Architecture__Controller::BackBackConvoyer__Controller::get_pInStopProcess()
                0x0001deb4                LegoCarFactoryRefactoringForSync::__Architecture__Controller::BackBackConvoyer__Controller::get_pRestart()
                0x0001decc                LegoCarFactoryRefactoringForSync::__Architecture__Controller::BackBackConvoyer__Controller::get_pPrepare()
                0x0001dee4                LegoCarFactoryRefactoringForSync::__Architecture__Controller::BackBackConvoyer__Controller::get_pDelivered()
                0x0001defc                LegoCarFactoryRefactoringForSync::__Architecture__Controller::BackBackConvoyer__Controller::get_pILargeMotor()
                0x0001df14                LegoCarFactoryRefactoringForSync::__Architecture__Controller::BackBackConvoyer__Controller::get_pGotoProcess()
                0x0001df2c                LegoCarFactoryRefactoringForSync::__Architecture__Controller::BackBackConvoyer__Controller::get_sensor()
                0x0001df40                LegoCarFactoryRefactoringForSync::__Architecture__Controller::BackBackConvoyer__Controller::get_pMotor()
                0x0001df54                LegoCarFactoryRefactoringForSync::__Architecture__Controller::BackBackConvoyer__Controller::connect_pCheckRack(IPush<CarFactoryLibrary::events::CheckRack>*)
                0x0001df68                LegoCarFactoryRefactoringForSync::__Architecture__Controller::BackBackConvoyer__Controller::connect_pErrDetect(IPush<CarFactoryLibrary::events::ErrorDetection>*)
                0x0001df7c                LegoCarFactoryRefactoringForSync::__Architecture__Controller::BackBackConvoyer__Controller::connect_pEndOfMo_Control(IPush<CarFactoryLibrary::events::EndOfModule>*)
                0x0001df90                LegoCarFactoryRefactoringForSync::__Architecture__Controller::BackBackConvoyer__Controller::connect_pEndOfMo_Shelf(IPush<CarFactoryLibrary::events::EndOfModule>*)
                0x0001dfa4                LegoCarFactoryRefactoringForSync::__Architecture__Controller::BackBackConvoyer__Controller::connect_pEndOfMo_Robotic(IPush<CarFactoryLibrary::events::EndOfModule>*)
                0x0001dfb8                LegoCarFactoryRefactoringForSync::__Architecture__Controller::BackBackConvoyer__Controller::connect_pEndOfMo_Press(IPush<CarFactoryLibrary::events::EndOfModule>*)
                0x0001dfcc                LegoCarFactoryRefactoringForSync::__Architecture__Controller::BackBackConvoyer__Controller::connect_pOutPressAssemble(IPush<CarFactoryLibrary::events::PressAssemble>*)
                0x0001dfe0                LegoCarFactoryRefactoringForSync::__Architecture__Controller::BackBackConvoyer__Controller::push(LegoCarFactoryRefactoringForSync::signals::StopProcess&)
                0x0001e018                LegoCarFactoryRefactoringForSync::__Architecture__Controller::BackBackConvoyer__Controller::push(CarFactoryLibrary::events::DeliveredCarConveyor&)
                0x0001e050                non-virtual thunk to LegoCarFactoryRefactoringForSync::__Architecture__Controller::BackBackConvoyer__Controller::push(CarFactoryLibrary::events::DeliveredCarConveyor&)
                0x0001e058                LegoCarFactoryRefactoringForSync::__Architecture__Controller::BackBackConvoyer__Controller::push(LegoCarFactoryRefactoringForSync::signals::RestartAfterEmergencyStop&)
                0x0001e094                non-virtual thunk to LegoCarFactoryRefactoringForSync::__Architecture__Controller::BackBackConvoyer__Controller::push(LegoCarFactoryRefactoringForSync::signals::RestartAfterEmergencyStop&)
                0x0001e09c                LegoCarFactoryRefactoringForSync::__Architecture__Controller::BackBackConvoyer__Controller::push(LegoCarFactoryRefactoringForSync::signals::GoToPress&)
                0x0001e0d4                non-virtual thunk to LegoCarFactoryRefactoringForSync::__Architecture__Controller::BackBackConvoyer__Controller::push(LegoCarFactoryRefactoringForSync::signals::GoToPress&)
                0x0001e0dc                LegoCarFactoryRefactoringForSync::__Architecture__Controller::BackBackConvoyer__Controller::push(LegoCarFactoryRefactoringForSync::signals::PrepareConveyor&)
                0x0001e114                non-virtual thunk to LegoCarFactoryRefactoringForSync::__Architecture__Controller::BackBackConvoyer__Controller::push(LegoCarFactoryRefactoringForSync::signals::PrepareConveyor&)
                0x0001e1dc                LegoCarFactoryRefactoringForSync::__Architecture__Controller::BackBackConvoyer__Controller::BackConveyorStateMachine_Region1_Enter(char)
                0x0001e1f0                LegoCarFactoryRefactoringForSync::__Architecture__Controller::BackBackConvoyer__Controller::PrincipalState_Region1_Enter(char)
                0x0001e200                LegoCarFactoryRefactoringForSync::__Architecture__Controller::BackBackConvoyer__Controller::PrincipalState_Region1_Exit()
                0x0001e24c                LegoCarFactoryRefactoringForSync::__Architecture__Controller::BackBackConvoyer__Controller::BackBackConvoyer__Controller(LegoCarFactoryRefactoringForSync::LegoCarComponents::Modules::Back::BackConvoyer*)
                0x0001e24c                LegoCarFactoryRefactoringForSync::__Architecture__Controller::BackBackConvoyer__Controller::BackBackConvoyer__Controller(LegoCarFactoryRefactoringForSync::LegoCarComponents::Modules::Back::BackConvoyer*)
                0x0001e310                LegoCarFactoryRefactoringForSync::__Architecture__Controller::BackBackConvoyer__Controller::startBehavior()
                0x0001e48c                LegoCarFactoryRefactoringForSync::__Architecture__Controller::BackBackConvoyer__Controller::stopBehavior()
                0x0001e514                LegoCarFactoryRefactoringForSync::__Architecture__Controller::BackBackConvoyer__Controller::~BackBackConvoyer__Controller()
                0x0001e514                LegoCarFactoryRefactoringForSync::__Architecture__Controller::BackBackConvoyer__Controller::~BackBackConvoyer__Controller()
                0x0001e55c                LegoCarFactoryRefactoringForSync::__Architecture__Controller::BackBackConvoyer__Controller::processStopProcess(LegoCarFactoryRefactoringForSync::signals::StopProcess&)
                0x0001e5a8                LegoCarFactoryRefactoringForSync::__Architecture__Controller::BackBackConvoyer__Controller::processRestartAfterEmergencyStop(LegoCarFactoryRefactoringForSync::signals::RestartAfterEmergencyStop&)
                0x0001e5d0                LegoCarFactoryRefactoringForSync::__Architecture__Controller::BackBackConvoyer__Controller::StateEntry(unsigned int)
                0x0001e690                LegoCarFactoryRefactoringForSync::__Architecture__Controller::BackBackConvoyer__Controller::StateExit(unsigned int)
                0x0001e694                LegoCarFactoryRefactoringForSync::__Architecture__Controller::BackBackConvoyer__Controller::StateDoActivity(unsigned int)
                0x0001e6b4                LegoCarFactoryRefactoringForSync::__Architecture__Controller::BackBackConvoyer__Controller::doCallActivity(int)
                0x0001e830                LegoCarFactoryRefactoringForSync::__Architecture__Controller::BackBackConvoyer__Controller::setFlag(int, char, bool)
                0x0001e8b0                LegoCarFactoryRefactoringForSync::__Architecture__Controller::BackBackConvoyer__Controller::processCompletionEvent()
                0x0001eaac                LegoCarFactoryRefactoringForSync::__Architecture__Controller::BackBackConvoyer__Controller::processDeliveredCarConveyor(CarFactoryLibrary::events::DeliveredCarConveyor&)
                0x0001eb0c                LegoCarFactoryRefactoringForSync::__Architecture__Controller::BackBackConvoyer__Controller::processGoToPress(LegoCarFactoryRefactoringForSync::signals::GoToPress&)
                0x0001eb6c                LegoCarFactoryRefactoringForSync::__Architecture__Controller::BackBackConvoyer__Controller::dispatchEvent()
                0x0001edcc                LegoCarFactoryRefactoringForSync::__Architecture__Controller::BackBackConvoyer__Controller::thread_func_wrapper(void*)
                0x0001ee10                LegoCarFactoryRefactoringForSync::__Architecture__Controller::BackBackConvoyer__Controller::processPrepareConveyor(LegoCarFactoryRefactoringForSync::signals::PrepareConveyor&)
                0x0001ee28                LegoCarFactoryRefactoringForSync::__Architecture__Controller::BackBackConvoyer__Controller::connect_pLCD(EV3PapyrusLibrary::Interfaces::EV3Brick::ILcd*)
                0x0001ee38                LegoCarFactoryRefactoringForSync::__Architecture__Controller::BackBackConvoyer__Controller::connect_pModule(CarFactoryLibrary::IModule*)
 .text          0x0001ee48      0x324 ./src-gen/LegoCarFactoryRefactoringForSync/__Architecture__Controller/BackBackModuleSystem__Controller.o
                0x0001ee48                LegoCarFactoryRefactoringForSync::__Architecture__Controller::BackBackModuleSystem__Controller::BackBackModuleSystem__Controller(LegoCarFactoryRefactoringForSync::LegoCarComponents::Modules::Back::BackModuleSystem*)
                0x0001ee48                LegoCarFactoryRefactoringForSync::__Architecture__Controller::BackBackModuleSystem__Controller::BackBackModuleSystem__Controller(LegoCarFactoryRefactoringForSync::LegoCarComponents::Modules::Back::BackModuleSystem*)
                0x0001ee50                LegoCarFactoryRefactoringForSync::__Architecture__Controller::BackBackModuleSystem__Controller::createConnections()
 .text          0x0001f16c      0xdc4 ./src-gen/LegoCarFactoryRefactoringForSync/__Architecture__Controller/BackBackRoboticArm__Controller.o
                0x0001f16c                LegoCarFactoryRefactoringForSync::__Architecture__Controller::BackBackRoboticArm__Controller::get_pInRestart()
                0x0001f184                LegoCarFactoryRefactoringForSync::__Architecture__Controller::BackBackRoboticArm__Controller::get_pEndOfMo()
                0x0001f19c                LegoCarFactoryRefactoringForSync::__Architecture__Controller::BackBackRoboticArm__Controller::get_pPickPiece()
                0x0001f1b4                LegoCarFactoryRefactoringForSync::__Architecture__Controller::BackBackRoboticArm__Controller::get_pInStopProcess()
                0x0001f1c8                LegoCarFactoryRefactoringForSync::__Architecture__Controller::BackBackRoboticArm__Controller::get_pFloatMotor()
                0x0001f1dc                LegoCarFactoryRefactoringForSync::__Architecture__Controller::BackBackRoboticArm__Controller::get_upDownMotor()
                0x0001f1f0                LegoCarFactoryRefactoringForSync::__Architecture__Controller::BackBackRoboticArm__Controller::get_frontBackMotor()
                0x0001f204                LegoCarFactoryRefactoringForSync::__Architecture__Controller::BackBackRoboticArm__Controller::get_rightLeftMotor()
                0x0001f218                LegoCarFactoryRefactoringForSync::__Architecture__Controller::BackBackRoboticArm__Controller::get_plierMotor()
                0x0001f22c                LegoCarFactoryRefactoringForSync::__Architecture__Controller::BackBackRoboticArm__Controller::connect_pDelivered(IPush<CarFactoryLibrary::events::DeliveredCarConveyor>*)
                0x0001f240                LegoCarFactoryRefactoringForSync::__Architecture__Controller::BackBackRoboticArm__Controller::connect_pOutGotoProcess(IPush<LegoCarFactoryRefactoringForSync::signals::GoToPress>*)
                0x0001f254                LegoCarFactoryRefactoringForSync::__Architecture__Controller::BackBackRoboticArm__Controller::push(LegoCarFactoryRefactoringForSync::signals::StopProcess&)
                0x0001f28c                LegoCarFactoryRefactoringForSync::__Architecture__Controller::BackBackRoboticArm__Controller::push(LegoCarFactoryRefactoringForSync::signals::RestartAfterEmergencyStop&)
                0x0001f2c4                non-virtual thunk to LegoCarFactoryRefactoringForSync::__Architecture__Controller::BackBackRoboticArm__Controller::push(LegoCarFactoryRefactoringForSync::signals::RestartAfterEmergencyStop&)
                0x0001f2cc                LegoCarFactoryRefactoringForSync::__Architecture__Controller::BackBackRoboticArm__Controller::push(CarFactoryLibrary::events::RoboticArmPickPiece&)
                0x0001f304                non-virtual thunk to LegoCarFactoryRefactoringForSync::__Architecture__Controller::BackBackRoboticArm__Controller::push(CarFactoryLibrary::events::RoboticArmPickPiece&)
                0x0001f30c                LegoCarFactoryRefactoringForSync::__Architecture__Controller::BackBackRoboticArm__Controller::push(CarFactoryLibrary::events::EndOfModule&)
                0x0001f348                non-virtual thunk to LegoCarFactoryRefactoringForSync::__Architecture__Controller::BackBackRoboticArm__Controller::push(CarFactoryLibrary::events::EndOfModule&)
                0x0001f410                LegoCarFactoryRefactoringForSync::__Architecture__Controller::BackBackRoboticArm__Controller::BackRoboticArmStateMachine_Region1_Enter(char)
                0x0001f43c                LegoCarFactoryRefactoringForSync::__Architecture__Controller::BackBackRoboticArm__Controller::PrincipalState_Region1_Enter(char)
                0x0001f464                LegoCarFactoryRefactoringForSync::__Architecture__Controller::BackBackRoboticArm__Controller::PrincipalState_Region1_Exit()
                0x0001f4b0                LegoCarFactoryRefactoringForSync::__Architecture__Controller::BackBackRoboticArm__Controller::BackBackRoboticArm__Controller(LegoCarFactoryRefactoringForSync::LegoCarComponents::Modules::Back::BackRoboticArm*)
                0x0001f4b0                LegoCarFactoryRefactoringForSync::__Architecture__Controller::BackBackRoboticArm__Controller::BackBackRoboticArm__Controller(LegoCarFactoryRefactoringForSync::LegoCarComponents::Modules::Back::BackRoboticArm*)
                0x0001f57c                LegoCarFactoryRefactoringForSync::__Architecture__Controller::BackBackRoboticArm__Controller::startBehavior()
                0x0001f6fc                LegoCarFactoryRefactoringForSync::__Architecture__Controller::BackBackRoboticArm__Controller::stopBehavior()
                0x0001f788                LegoCarFactoryRefactoringForSync::__Architecture__Controller::BackBackRoboticArm__Controller::~BackBackRoboticArm__Controller()
                0x0001f788                LegoCarFactoryRefactoringForSync::__Architecture__Controller::BackBackRoboticArm__Controller::~BackBackRoboticArm__Controller()
                0x0001f7c0                LegoCarFactoryRefactoringForSync::__Architecture__Controller::BackBackRoboticArm__Controller::processStopProcess(LegoCarFactoryRefactoringForSync::signals::StopProcess&)
                0x0001f7f8                LegoCarFactoryRefactoringForSync::__Architecture__Controller::BackBackRoboticArm__Controller::processRestartAfterEmergencyStop(LegoCarFactoryRefactoringForSync::signals::RestartAfterEmergencyStop&)
                0x0001f83c                LegoCarFactoryRefactoringForSync::__Architecture__Controller::BackBackRoboticArm__Controller::processEndOfModule(CarFactoryLibrary::events::EndOfModule&)
                0x0001f878                LegoCarFactoryRefactoringForSync::__Architecture__Controller::BackBackRoboticArm__Controller::StateEntry(unsigned int)
                0x0001f91c                LegoCarFactoryRefactoringForSync::__Architecture__Controller::BackBackRoboticArm__Controller::StateExit(unsigned int)
                0x0001f920                LegoCarFactoryRefactoringForSync::__Architecture__Controller::BackBackRoboticArm__Controller::StateDoActivity(unsigned int)
                0x0001f940                LegoCarFactoryRefactoringForSync::__Architecture__Controller::BackBackRoboticArm__Controller::doCallActivity(int)
                0x0001faa4                LegoCarFactoryRefactoringForSync::__Architecture__Controller::BackBackRoboticArm__Controller::setFlag(int, char, bool)
                0x0001fb10                LegoCarFactoryRefactoringForSync::__Architecture__Controller::BackBackRoboticArm__Controller::processCompletionEvent()
                0x0001fca0                LegoCarFactoryRefactoringForSync::__Architecture__Controller::BackBackRoboticArm__Controller::dispatchEvent()
                0x0001feb4                LegoCarFactoryRefactoringForSync::__Architecture__Controller::BackBackRoboticArm__Controller::thread_func_wrapper(void*)
                0x0001fef8                LegoCarFactoryRefactoringForSync::__Architecture__Controller::BackBackRoboticArm__Controller::processRoboticArmPickPiece(CarFactoryLibrary::events::RoboticArmPickPiece&)
                0x0001ff10                LegoCarFactoryRefactoringForSync::__Architecture__Controller::BackBackRoboticArm__Controller::connect_pLCD(EV3PapyrusLibrary::Interfaces::EV3Brick::ILcd*)
                0x0001ff20                LegoCarFactoryRefactoringForSync::__Architecture__Controller::BackBackRoboticArm__Controller::connect_pModule(CarFactoryLibrary::IModule*)
 .text          0x0001ff30       0x3c ./src-gen/LegoCarFactoryRefactoringForSync/__Architecture__Controller/CarFactoryLibraryPliers__Controller.o
                0x0001ff30                LegoCarFactoryRefactoringForSync::__Architecture__Controller::CarFactoryLibraryPliers__Controller::CarFactoryLibraryPliers__Controller(CarFactoryLibrary::Pliers*)
                0x0001ff30                LegoCarFactoryRefactoringForSync::__Architecture__Controller::CarFactoryLibraryPliers__Controller::CarFactoryLibraryPliers__Controller(CarFactoryLibrary::Pliers*)
                0x0001ff44                LegoCarFactoryRefactoringForSync::__Architecture__Controller::CarFactoryLibraryPliers__Controller::get_plierMotor()
 .text          0x0001ff6c       0x3c ./src-gen/LegoCarFactoryRefactoringForSync/__Architecture__Controller/CarFactoryLibraryRack__Controller.o
                0x0001ff6c                LegoCarFactoryRefactoringForSync::__Architecture__Controller::CarFactoryLibraryRack__Controller::CarFactoryLibraryRack__Controller(CarFactoryLibrary::Rack*)
                0x0001ff6c                LegoCarFactoryRefactoringForSync::__Architecture__Controller::CarFactoryLibraryRack__Controller::CarFactoryLibraryRack__Controller(CarFactoryLibrary::Rack*)
                0x0001ff80                LegoCarFactoryRefactoringForSync::__Architecture__Controller::CarFactoryLibraryRack__Controller::get_sensor()
 .text          0x0001ffa8       0x20 ./src-gen/LegoCarFactoryRefactoringForSync/__Architecture__Controller/ConcreteClassesCppSensorMux__Controller.o
                0x0001ffa8                LegoCarFactoryRefactoringForSync::__Architecture__Controller::ConcreteClassesCppSensorMux__Controller::get_sensorMuxPort_host()
                0x0001ffb4                LegoCarFactoryRefactoringForSync::__Architecture__Controller::ConcreteClassesCppSensorMux__Controller::ConcreteClassesCppSensorMux__Controller(MindsensorsPapyrusLibrary::ConcreteClasses::CppSensorMux*)
                0x0001ffb4                LegoCarFactoryRefactoringForSync::__Architecture__Controller::ConcreteClassesCppSensorMux__Controller::ConcreteClassesCppSensorMux__Controller(MindsensorsPapyrusLibrary::ConcreteClasses::CppSensorMux*)
 .text          0x0001ffc8       0x2c ./src-gen/LegoCarFactoryRefactoringForSync/__Architecture__Controller/EV3BrickCppBlutooth__Controller.o
                0x0001ffc8                LegoCarFactoryRefactoringForSync::__Architecture__Controller::EV3BrickCppBlutooth__Controller::get_BluetoothPortServer()
                0x0001ffd4                LegoCarFactoryRefactoringForSync::__Architecture__Controller::EV3BrickCppBlutooth__Controller::get_BluetoothPortClient()
                0x0001ffe0                LegoCarFactoryRefactoringForSync::__Architecture__Controller::EV3BrickCppBlutooth__Controller::EV3BrickCppBlutooth__Controller(EV3PapyrusLibrary::ConcreteClasses::ev3devCpp::EV3Brick::CppBlutooth*)
                0x0001ffe0                LegoCarFactoryRefactoringForSync::__Architecture__Controller::EV3BrickCppBlutooth__Controller::EV3BrickCppBlutooth__Controller(EV3PapyrusLibrary::ConcreteClasses::ev3devCpp::EV3Brick::CppBlutooth*)
 .text          0x0001fff4       0x20 ./src-gen/LegoCarFactoryRefactoringForSync/__Architecture__Controller/EV3BrickCppButton__Controller.o
                0x0001fff4                LegoCarFactoryRefactoringForSync::__Architecture__Controller::EV3BrickCppButton__Controller::get_buttonPort()
                0x00020000                LegoCarFactoryRefactoringForSync::__Architecture__Controller::EV3BrickCppButton__Controller::EV3BrickCppButton__Controller(EV3PapyrusLibrary::ConcreteClasses::ev3devCpp::EV3Brick::CppButton*)
                0x00020000                LegoCarFactoryRefactoringForSync::__Architecture__Controller::EV3BrickCppButton__Controller::EV3BrickCppButton__Controller(EV3PapyrusLibrary::ConcreteClasses::ev3devCpp::EV3Brick::CppButton*)
 .text          0x00020014       0x20 ./src-gen/LegoCarFactoryRefactoringForSync/__Architecture__Controller/EV3BrickCppLcd__Controller.o
                0x00020014                LegoCarFactoryRefactoringForSync::__Architecture__Controller::EV3BrickCppLcd__Controller::get_lcdScreenPort()
                0x00020020                LegoCarFactoryRefactoringForSync::__Architecture__Controller::EV3BrickCppLcd__Controller::EV3BrickCppLcd__Controller(EV3PapyrusLibrary::ConcreteClasses::ev3devCpp::EV3Brick::CppLcd*)
                0x00020020                LegoCarFactoryRefactoringForSync::__Architecture__Controller::EV3BrickCppLcd__Controller::EV3BrickCppLcd__Controller(EV3PapyrusLibrary::ConcreteClasses::ev3devCpp::EV3Brick::CppLcd*)
 .text          0x00020034       0x20 ./src-gen/LegoCarFactoryRefactoringForSync/__Architecture__Controller/EV3BrickCppLed__Controller.o
                0x00020034                LegoCarFactoryRefactoringForSync::__Architecture__Controller::EV3BrickCppLed__Controller::get_ledPort()
                0x00020040                LegoCarFactoryRefactoringForSync::__Architecture__Controller::EV3BrickCppLed__Controller::EV3BrickCppLed__Controller(EV3PapyrusLibrary::ConcreteClasses::ev3devCpp::EV3Brick::CppLed*)
                0x00020040                LegoCarFactoryRefactoringForSync::__Architecture__Controller::EV3BrickCppLed__Controller::EV3BrickCppLed__Controller(EV3PapyrusLibrary::ConcreteClasses::ev3devCpp::EV3Brick::CppLed*)
 .text          0x00020054       0x20 ./src-gen/LegoCarFactoryRefactoringForSync/__Architecture__Controller/EV3BrickCppSound__Controller.o
                0x00020054                LegoCarFactoryRefactoringForSync::__Architecture__Controller::EV3BrickCppSound__Controller::get_soundDevicePort()
                0x00020060                LegoCarFactoryRefactoringForSync::__Architecture__Controller::EV3BrickCppSound__Controller::EV3BrickCppSound__Controller(EV3PapyrusLibrary::ConcreteClasses::ev3devCpp::EV3Brick::CppSound*)
                0x00020060                LegoCarFactoryRefactoringForSync::__Architecture__Controller::EV3BrickCppSound__Controller::EV3BrickCppSound__Controller(EV3PapyrusLibrary::ConcreteClasses::ev3devCpp::EV3Brick::CppSound*)
 .text          0x00020074       0xd4 ./src-gen/LegoCarFactoryRefactoringForSync/__Architecture__Controller/EV3BrickPackageCppEV3Brick__Controller.o
                0x00020074                LegoCarFactoryRefactoringForSync::__Architecture__Controller::EV3BrickPackageCppEV3Brick__Controller::get_LeftGreenLedPort()
                0x00020084                LegoCarFactoryRefactoringForSync::__Architecture__Controller::EV3BrickPackageCppEV3Brick__Controller::get_LeftRedLedPort()
                0x00020094                LegoCarFactoryRefactoringForSync::__Architecture__Controller::EV3BrickPackageCppEV3Brick__Controller::get_RightGreenLedPort()
                0x000200a4                LegoCarFactoryRefactoringForSync::__Architecture__Controller::EV3BrickPackageCppEV3Brick__Controller::get_RightRedLedPort()
                0x000200b4                LegoCarFactoryRefactoringForSync::__Architecture__Controller::EV3BrickPackageCppEV3Brick__Controller::get_BackButtonPort()
                0x000200c4                LegoCarFactoryRefactoringForSync::__Architecture__Controller::EV3BrickPackageCppEV3Brick__Controller::get_OkButtonPort()
                0x000200d4                LegoCarFactoryRefactoringForSync::__Architecture__Controller::EV3BrickPackageCppEV3Brick__Controller::get_DownButtonPort()
                0x000200e4                LegoCarFactoryRefactoringForSync::__Architecture__Controller::EV3BrickPackageCppEV3Brick__Controller::get_UpButtonPort()
                0x000200f4                LegoCarFactoryRefactoringForSync::__Architecture__Controller::EV3BrickPackageCppEV3Brick__Controller::get_LeftButtonPort()
                0x00020104                LegoCarFactoryRefactoringForSync::__Architecture__Controller::EV3BrickPackageCppEV3Brick__Controller::get_RightButtonPort()
                0x00020114                LegoCarFactoryRefactoringForSync::__Architecture__Controller::EV3BrickPackageCppEV3Brick__Controller::get_screenPort()
                0x00020124                LegoCarFactoryRefactoringForSync::__Architecture__Controller::EV3BrickPackageCppEV3Brick__Controller::get_soundPort()
                0x00020134                LegoCarFactoryRefactoringForSync::__Architecture__Controller::EV3BrickPackageCppEV3Brick__Controller::EV3BrickPackageCppEV3Brick__Controller(EV3PapyrusLibrary::EV3BrickPackage::CppEV3Brick*)
                0x00020134                LegoCarFactoryRefactoringForSync::__Architecture__Controller::EV3BrickPackageCppEV3Brick__Controller::EV3BrickPackageCppEV3Brick__Controller(EV3PapyrusLibrary::EV3BrickPackage::CppEV3Brick*)
 .text          0x00020148       0x20 ./src-gen/LegoCarFactoryRefactoringForSync/__Architecture__Controller/EV3PapyrusLibraryCppColorSensor__Controller.o
                0x00020148                LegoCarFactoryRefactoringForSync::__Architecture__Controller::EV3PapyrusLibraryCppColorSensor__Controller::get_colorSensorPort()
                0x00020154                LegoCarFactoryRefactoringForSync::__Architecture__Controller::EV3PapyrusLibraryCppColorSensor__Controller::EV3PapyrusLibraryCppColorSensor__Controller(EV3PapyrusLibrary::CppColorSensor*)
                0x00020154                LegoCarFactoryRefactoringForSync::__Architecture__Controller::EV3PapyrusLibraryCppColorSensor__Controller::EV3PapyrusLibraryCppColorSensor__Controller(EV3PapyrusLibrary::CppColorSensor*)
 .text          0x00020168       0x20 ./src-gen/LegoCarFactoryRefactoringForSync/__Architecture__Controller/SensorsCppTouchSensor__Controller.o
                0x00020168                LegoCarFactoryRefactoringForSync::__Architecture__Controller::SensorsCppTouchSensor__Controller::get_touchSensorPort()
                0x00020174                LegoCarFactoryRefactoringForSync::__Architecture__Controller::SensorsCppTouchSensor__Controller::SensorsCppTouchSensor__Controller(EV3PapyrusLibrary::ConcreteClasses::ev3devCpp::Sensors::CppTouchSensor*)
                0x00020174                LegoCarFactoryRefactoringForSync::__Architecture__Controller::SensorsCppTouchSensor__Controller::SensorsCppTouchSensor__Controller(EV3PapyrusLibrary::ConcreteClasses::ev3devCpp::Sensors::CppTouchSensor*)
 .text          0x00020188      0xd4c ./src-gen/LegoCarFactoryRefactoringForSync/__Architecture__Controller/SlavesSlavePress__Controller.o
                0x00020188                LegoCarFactoryRefactoringForSync::__Architecture__Controller::SlavesSlavePress__Controller::get_pInStopProcess()
                0x000201a0                LegoCarFactoryRefactoringForSync::__Architecture__Controller::SlavesSlavePress__Controller::get_pEndOfMo()
                0x000201b8                LegoCarFactoryRefactoringForSync::__Architecture__Controller::SlavesSlavePress__Controller::get_pPressAssemble()
                0x000201cc                LegoCarFactoryRefactoringForSync::__Architecture__Controller::SlavesSlavePress__Controller::get_pInRestart()
                0x000201e4                LegoCarFactoryRefactoringForSync::__Architecture__Controller::SlavesSlavePress__Controller::get_pILargeMotor()
                0x000201f8                LegoCarFactoryRefactoringForSync::__Architecture__Controller::SlavesSlavePress__Controller::get_motor_port()
                0x00020208                LegoCarFactoryRefactoringForSync::__Architecture__Controller::SlavesSlavePress__Controller::push(CarFactoryLibrary::events::PressAssemble&)
                0x00020240                LegoCarFactoryRefactoringForSync::__Architecture__Controller::SlavesSlavePress__Controller::push(LegoCarFactoryRefactoringForSync::signals::StopProcess&)
                0x00020278                non-virtual thunk to LegoCarFactoryRefactoringForSync::__Architecture__Controller::SlavesSlavePress__Controller::push(LegoCarFactoryRefactoringForSync::signals::StopProcess&)
                0x00020280                LegoCarFactoryRefactoringForSync::__Architecture__Controller::SlavesSlavePress__Controller::push(LegoCarFactoryRefactoringForSync::signals::RestartAfterEmergencyStop&)
                0x000202bc                non-virtual thunk to LegoCarFactoryRefactoringForSync::__Architecture__Controller::SlavesSlavePress__Controller::push(LegoCarFactoryRefactoringForSync::signals::RestartAfterEmergencyStop&)
                0x000202c4                LegoCarFactoryRefactoringForSync::__Architecture__Controller::SlavesSlavePress__Controller::push(CarFactoryLibrary::events::EndOfModule&)
                0x00020300                non-virtual thunk to LegoCarFactoryRefactoringForSync::__Architecture__Controller::SlavesSlavePress__Controller::push(CarFactoryLibrary::events::EndOfModule&)
                0x000203b0                LegoCarFactoryRefactoringForSync::__Architecture__Controller::SlavesSlavePress__Controller::SlavePressStateMachine_Region1_Enter(char)
                0x000203dc                LegoCarFactoryRefactoringForSync::__Architecture__Controller::SlavesSlavePress__Controller::PrincipalState_Region1_Exit()
                0x00020428                LegoCarFactoryRefactoringForSync::__Architecture__Controller::SlavesSlavePress__Controller::SlavesSlavePress__Controller(LegoCarFactoryRefactoringForSync::LegoCarComponents::Modules::Slaves::SlavePress*)
                0x00020428                LegoCarFactoryRefactoringForSync::__Architecture__Controller::SlavesSlavePress__Controller::SlavesSlavePress__Controller(LegoCarFactoryRefactoringForSync::LegoCarComponents::Modules::Slaves::SlavePress*)
                0x000204f0                LegoCarFactoryRefactoringForSync::__Architecture__Controller::SlavesSlavePress__Controller::startBehavior()
                0x00020670                LegoCarFactoryRefactoringForSync::__Architecture__Controller::SlavesSlavePress__Controller::stopBehavior()
                0x000206f8                LegoCarFactoryRefactoringForSync::__Architecture__Controller::SlavesSlavePress__Controller::~SlavesSlavePress__Controller()
                0x000206f8                LegoCarFactoryRefactoringForSync::__Architecture__Controller::SlavesSlavePress__Controller::~SlavesSlavePress__Controller()
                0x00020730                LegoCarFactoryRefactoringForSync::__Architecture__Controller::SlavesSlavePress__Controller::processStopProcess(LegoCarFactoryRefactoringForSync::signals::StopProcess&)
                0x00020768                LegoCarFactoryRefactoringForSync::__Architecture__Controller::SlavesSlavePress__Controller::processRestartAfterEmergencyStop(LegoCarFactoryRefactoringForSync::signals::RestartAfterEmergencyStop&)
                0x000207b0                LegoCarFactoryRefactoringForSync::__Architecture__Controller::SlavesSlavePress__Controller::processEndOfModule(CarFactoryLibrary::events::EndOfModule&)
                0x000207f0                LegoCarFactoryRefactoringForSync::__Architecture__Controller::SlavesSlavePress__Controller::StateEntry(unsigned int)
                0x00020868                LegoCarFactoryRefactoringForSync::__Architecture__Controller::SlavesSlavePress__Controller::StateExit(unsigned int)
                0x0002086c                LegoCarFactoryRefactoringForSync::__Architecture__Controller::SlavesSlavePress__Controller::StateDoActivity(unsigned int)
                0x0002088c                LegoCarFactoryRefactoringForSync::__Architecture__Controller::SlavesSlavePress__Controller::doCallActivity(int)
                0x000209e0                LegoCarFactoryRefactoringForSync::__Architecture__Controller::SlavesSlavePress__Controller::setFlag(int, char, bool)
                0x00020a4c                LegoCarFactoryRefactoringForSync::__Architecture__Controller::SlavesSlavePress__Controller::processCompletionEvent()
                0x00020b90                LegoCarFactoryRefactoringForSync::__Architecture__Controller::SlavesSlavePress__Controller::PrincipalState_Region1_Enter(char)
                0x00020c44                LegoCarFactoryRefactoringForSync::__Architecture__Controller::SlavesSlavePress__Controller::dispatchEvent()
                0x00020e34                LegoCarFactoryRefactoringForSync::__Architecture__Controller::SlavesSlavePress__Controller::thread_func_wrapper(void*)
                0x00020e78                LegoCarFactoryRefactoringForSync::__Architecture__Controller::SlavesSlavePress__Controller::processPressAssemble(CarFactoryLibrary::events::PressAssemble&)
                0x00020eb4                LegoCarFactoryRefactoringForSync::__Architecture__Controller::SlavesSlavePress__Controller::connect_pLCD(EV3PapyrusLibrary::Interfaces::EV3Brick::ILcd*)
                0x00020ec4                LegoCarFactoryRefactoringForSync::__Architecture__Controller::SlavesSlavePress__Controller::connect_pModule(CarFactoryLibrary::IModule*)
 .text          0x00020ed4      0xb44 ./src-gen/LegoCarFactoryRefactoringForSync/__Architecture__Controller/SlavesSlaveShelf__Controller.o
                0x00020ed4                LegoCarFactoryRefactoringForSync::__Architecture__Controller::SlavesSlaveShelf__Controller::get_pInStopProcess()
                0x00020ee8                LegoCarFactoryRefactoringForSync::__Architecture__Controller::SlavesSlaveShelf__Controller::get_pInRestart()
                0x00020f00                LegoCarFactoryRefactoringForSync::__Architecture__Controller::SlavesSlaveShelf__Controller::get_pCheckRack()
                0x00020f18                LegoCarFactoryRefactoringForSync::__Architecture__Controller::SlavesSlaveShelf__Controller::get_pEndOfMo()
                0x00020f30                LegoCarFactoryRefactoringForSync::__Architecture__Controller::SlavesSlaveShelf__Controller::get_sensor1()
                0x00020f44                LegoCarFactoryRefactoringForSync::__Architecture__Controller::SlavesSlaveShelf__Controller::get_sensor2()
                0x00020f58                LegoCarFactoryRefactoringForSync::__Architecture__Controller::SlavesSlaveShelf__Controller::get_sensor3()
                0x00020f6c                LegoCarFactoryRefactoringForSync::__Architecture__Controller::SlavesSlaveShelf__Controller::connect_pErrDetect(IPush<CarFactoryLibrary::events::ErrorDetection>*)
                0x00020f80                LegoCarFactoryRefactoringForSync::__Architecture__Controller::SlavesSlaveShelf__Controller::connect_pPickPiece(IPush<CarFactoryLibrary::events::RoboticArmPickPiece>*)
                0x00020f94                LegoCarFactoryRefactoringForSync::__Architecture__Controller::SlavesSlaveShelf__Controller::push(LegoCarFactoryRefactoringForSync::signals::StopProcess&)
                0x00020fcc                LegoCarFactoryRefactoringForSync::__Architecture__Controller::SlavesSlaveShelf__Controller::push(CarFactoryLibrary::events::CheckRack&)
                0x00021004                non-virtual thunk to LegoCarFactoryRefactoringForSync::__Architecture__Controller::SlavesSlaveShelf__Controller::push(CarFactoryLibrary::events::CheckRack&)
                0x0002100c                LegoCarFactoryRefactoringForSync::__Architecture__Controller::SlavesSlaveShelf__Controller::push(LegoCarFactoryRefactoringForSync::signals::RestartAfterEmergencyStop&)
                0x00021048                non-virtual thunk to LegoCarFactoryRefactoringForSync::__Architecture__Controller::SlavesSlaveShelf__Controller::push(LegoCarFactoryRefactoringForSync::signals::RestartAfterEmergencyStop&)
                0x00021050                LegoCarFactoryRefactoringForSync::__Architecture__Controller::SlavesSlaveShelf__Controller::push(CarFactoryLibrary::events::EndOfModule&)
                0x0002108c                non-virtual thunk to LegoCarFactoryRefactoringForSync::__Architecture__Controller::SlavesSlaveShelf__Controller::push(CarFactoryLibrary::events::EndOfModule&)
                0x00021150                LegoCarFactoryRefactoringForSync::__Architecture__Controller::SlavesSlaveShelf__Controller::SlaveShelfStateMachine_Region1_Enter(char)
                0x00021164                LegoCarFactoryRefactoringForSync::__Architecture__Controller::SlavesSlaveShelf__Controller::PrincipalState_Region1_Enter(char)
                0x0002124c                LegoCarFactoryRefactoringForSync::__Architecture__Controller::SlavesSlaveShelf__Controller::PrincipalState_Region1_Exit()
                0x00021260                LegoCarFactoryRefactoringForSync::__Architecture__Controller::SlavesSlaveShelf__Controller::SlavesSlaveShelf__Controller(LegoCarFactoryRefactoringForSync::LegoCarComponents::Modules::Slaves::SlaveShelf*)
                0x00021260                LegoCarFactoryRefactoringForSync::__Architecture__Controller::SlavesSlaveShelf__Controller::SlavesSlaveShelf__Controller(LegoCarFactoryRefactoringForSync::LegoCarComponents::Modules::Slaves::SlaveShelf*)
                0x00021328                LegoCarFactoryRefactoringForSync::__Architecture__Controller::SlavesSlaveShelf__Controller::startBehavior()
                0x00021490                LegoCarFactoryRefactoringForSync::__Architecture__Controller::SlavesSlaveShelf__Controller::stopBehavior()
                0x00021518                LegoCarFactoryRefactoringForSync::__Architecture__Controller::SlavesSlaveShelf__Controller::~SlavesSlaveShelf__Controller()
                0x00021518                LegoCarFactoryRefactoringForSync::__Architecture__Controller::SlavesSlaveShelf__Controller::~SlavesSlaveShelf__Controller()
                0x00021550                LegoCarFactoryRefactoringForSync::__Architecture__Controller::SlavesSlaveShelf__Controller::processStopProcess(LegoCarFactoryRefactoringForSync::signals::StopProcess&)
                0x00021588                LegoCarFactoryRefactoringForSync::__Architecture__Controller::SlavesSlaveShelf__Controller::processCheckRack(CarFactoryLibrary::events::CheckRack&)
                0x000215a0                LegoCarFactoryRefactoringForSync::__Architecture__Controller::SlavesSlaveShelf__Controller::processRestartAfterEmergencyStop(LegoCarFactoryRefactoringForSync::signals::RestartAfterEmergencyStop&)
                0x000215c8                LegoCarFactoryRefactoringForSync::__Architecture__Controller::SlavesSlaveShelf__Controller::processEndOfModule(CarFactoryLibrary::events::EndOfModule&)
                0x000215e8                LegoCarFactoryRefactoringForSync::__Architecture__Controller::SlavesSlaveShelf__Controller::processCompletionEvent()